Component: ARM Compiler 6.16 Tool: armlink [5dfeaa00]

==============================================================================

Section Cross References

    startup_stm32h750xx.o(STACK) refers (Special) to heapauxi.o(.text) for __use_two_region_memory
    startup_stm32h750xx.o(HEAP) refers (Special) to heapauxi.o(.text) for __use_two_region_memory
    startup_stm32h750xx.o(RESET) refers (Special) to heapauxi.o(.text) for __use_two_region_memory
    startup_stm32h750xx.o(RESET) refers to startup_stm32h750xx.o(STACK) for __initial_sp
    startup_stm32h750xx.o(RESET) refers to startup_stm32h750xx.o(.text) for Reset_Handler
    startup_stm32h750xx.o(RESET) refers to stm32h7xx_it.o(.text.NMI_Handler) for NMI_Handler
    startup_stm32h750xx.o(RESET) refers to stm32h7xx_it.o(.text.HardFault_Handler) for HardFault_Handler
    startup_stm32h750xx.o(RESET) refers to stm32h7xx_it.o(.text.MemManage_Handler) for MemManage_Handler
    startup_stm32h750xx.o(RESET) refers to stm32h7xx_it.o(.text.BusFault_Handler) for BusFault_Handler
    startup_stm32h750xx.o(RESET) refers to stm32h7xx_it.o(.text.UsageFault_Handler) for UsageFault_Handler
    startup_stm32h750xx.o(RESET) refers to stm32h7xx_it.o(.text.SVC_Handler) for SVC_Handler
    startup_stm32h750xx.o(RESET) refers to stm32h7xx_it.o(.text.DebugMon_Handler) for DebugMon_Handler
    startup_stm32h750xx.o(RESET) refers to stm32h7xx_it.o(.text.PendSV_Handler) for PendSV_Handler
    startup_stm32h750xx.o(RESET) refers to stm32h7xx_it.o(.text.SysTick_Handler) for SysTick_Handler
    startup_stm32h750xx.o(RESET) refers to stm32h7xx_it.o(.text.DMA1_Stream0_IRQHandler) for DMA1_Stream0_IRQHandler
    startup_stm32h750xx.o(RESET) refers to stm32h7xx_it.o(.text.OTG_FS_IRQHandler) for OTG_FS_IRQHandler
    startup_stm32h750xx.o(.text) refers (Special) to heapauxi.o(.text) for __use_two_region_memory
    startup_stm32h750xx.o(.text) refers to system_stm32h7xx.o(.text.ExitRun0Mode) for ExitRun0Mode
    startup_stm32h750xx.o(.text) refers to system_stm32h7xx.o(.text.SystemInit) for SystemInit
    startup_stm32h750xx.o(.text) refers to __main.o(!!!main) for __main
    startup_stm32h750xx.o(.text) refers to startup_stm32h750xx.o(HEAP) for Heap_Mem
    startup_stm32h750xx.o(.text) refers to startup_stm32h750xx.o(STACK) for Stack_Mem
    main.o(.text.main) refers to main.o(.text.MPU_Config) for MPU_Config
    main.o(.text.main) refers to stm32h7xx_hal.o(.text.HAL_Init) for HAL_Init
    main.o(.text.main) refers to main.o(.text.SystemClock_Config) for SystemClock_Config
    main.o(.text.main) refers to gpio.o(.text.MX_GPIO_Init) for MX_GPIO_Init
    main.o(.text.main) refers to dma.o(.text.MX_DMA_Init) for MX_DMA_Init
    main.o(.text.main) refers to usb_device.o(.text.MX_USB_DEVICE_Init) for MX_USB_DEVICE_Init
    main.o(.text.main) refers to sai.o(.text.MX_SAI1_Init) for MX_SAI1_Init
    main.o(.text.main) refers to stm32h7xx_hal.o(.text.HAL_Delay) for HAL_Delay
    main.o(.ARM.exidx.text.main) refers to main.o(.text.main) for [Anonymous Symbol]
    main.o(.text.MPU_Config) refers to stm32h7xx_hal_cortex.o(.text.HAL_MPU_Disable) for HAL_MPU_Disable
    main.o(.text.MPU_Config) refers to stm32h7xx_hal_cortex.o(.text.HAL_MPU_ConfigRegion) for HAL_MPU_ConfigRegion
    main.o(.text.MPU_Config) refers to stm32h7xx_hal_cortex.o(.text.HAL_MPU_Enable) for HAL_MPU_Enable
    main.o(.ARM.exidx.text.MPU_Config) refers to main.o(.text.MPU_Config) for [Anonymous Symbol]
    main.o(.text.SystemClock_Config) refers to rt_memclr_w.o(.text) for __aeabi_memclr4
    main.o(.text.SystemClock_Config) refers to stm32h7xx_hal_pwr_ex.o(.text.HAL_PWREx_ConfigSupply) for HAL_PWREx_ConfigSupply
    main.o(.text.SystemClock_Config) refers to stm32h7xx_hal_rcc.o(.text.HAL_RCC_OscConfig) for HAL_RCC_OscConfig
    main.o(.text.SystemClock_Config) refers to stm32h7xx_hal_rcc.o(.text.HAL_RCC_ClockConfig) for HAL_RCC_ClockConfig
    main.o(.text.SystemClock_Config) refers to main.o(.text.Error_Handler) for Error_Handler
    main.o(.ARM.exidx.text.SystemClock_Config) refers to main.o(.text.SystemClock_Config) for [Anonymous Symbol]
    main.o(.ARM.exidx.text.Error_Handler) refers to main.o(.text.Error_Handler) for [Anonymous Symbol]
    gpio.o(.text.MX_GPIO_Init) refers to stm32h7xx_hal_gpio.o(.text.HAL_GPIO_WritePin) for HAL_GPIO_WritePin
    gpio.o(.text.MX_GPIO_Init) refers to stm32h7xx_hal_gpio.o(.text.HAL_GPIO_Init) for HAL_GPIO_Init
    gpio.o(.ARM.exidx.text.MX_GPIO_Init) refers to gpio.o(.text.MX_GPIO_Init) for [Anonymous Symbol]
    dma.o(.text.MX_DMA_Init) refers to stm32h7xx_hal_cortex.o(.text.HAL_NVIC_SetPriority) for HAL_NVIC_SetPriority
    dma.o(.text.MX_DMA_Init) refers to stm32h7xx_hal_cortex.o(.text.HAL_NVIC_EnableIRQ) for HAL_NVIC_EnableIRQ
    dma.o(.ARM.exidx.text.MX_DMA_Init) refers to dma.o(.text.MX_DMA_Init) for [Anonymous Symbol]
    sai.o(.text.MX_SAI1_Init) refers to sai.o(.bss.hsai_BlockA1) for hsai_BlockA1
[...]
    __rt_lib_init_stdio_1                    0x08000313   Thumb Code     0  libinit2.o(.ARM.Collect$$libinit$$00000025)
    __rt_lib_init_user_alloc_1               0x08000313   Thumb Code     0  libinit2.o(.ARM.Collect$$libinit$$0000000C)
    __rt_lib_shutdown                        0x08000315   Thumb Code     0  libshutdown.o(.ARM.Collect$$libshutdown$$00000000)
    __rt_lib_shutdown_cpp_1                  0x08000317   Thumb Code     0  libshutdown2.o(.ARM.Collect$$libshutdown$$00000002)
    __rt_lib_shutdown_fp_trap_1              0x08000317   Thumb Code     0  libshutdown2.o(.ARM.Collect$$libshutdown$$00000007)
    __rt_lib_shutdown_heap_1                 0x08000317   Thumb Code     0  libshutdown2.o(.ARM.Collect$$libshutdown$$0000000F)
    __rt_lib_shutdown_return                 0x08000317   Thumb Code     0  libshutdown2.o(.ARM.Collect$$libshutdown$$00000010)
    __rt_lib_shutdown_signal_1               0x08000317   Thumb Code     0  libshutdown2.o(.ARM.Collect$$libshutdown$$0000000A)
    __rt_lib_shutdown_stdio_1                0x08000317   Thumb Code     0  libshutdown2.o(.ARM.Collect$$libshutdown$$00000004)
    __rt_lib_shutdown_user_alloc_1           0x08000317   Thumb Code     0  libshutdown2.o(.ARM.Collect$$libshutdown$$0000000C)
    __rt_entry                               0x08000319   Thumb Code     0  __rtentry.o(.ARM.Collect$$rtentry$$00000000)
    __rt_entry_presh_1                       0x08000319   Thumb Code     0  __rtentry2.o(.ARM.Collect$$rtentry$$00000002)
    __rt_entry_sh                            0x08000319   Thumb Code     0  __rtentry4.o(.ARM.Collect$$rtentry$$00000004)
    __rt_entry_li                            0x0800031f   Thumb Code     0  __rtentry2.o(.ARM.Collect$$rtentry$$0000000A)
    __rt_entry_postsh_1                      0x0800031f   Thumb Code     0  __rtentry2.o(.ARM.Collect$$rtentry$$00000009)
    __rt_entry_main                          0x08000323   Thumb Code     0  __rtentry2.o(.ARM.Collect$$rtentry$$0000000D)
    __rt_entry_postli_1                      0x08000323   Thumb Code     0  __rtentry2.o(.ARM.Collect$$rtentry$$0000000C)
    __rt_exit                                0x0800032b   Thumb Code     0  rtexit.o(.ARM.Collect$$rtexit$$00000000)
    __rt_exit_ls                             0x0800032d   Thumb Code     0  rtexit2.o(.ARM.Collect$$rtexit$$00000003)
    __rt_exit_prels_1                        0x0800032d   Thumb Code     0  rtexit2.o(.ARM.Collect$$rtexit$$00000002)
    __rt_exit_exit                           0x08000331   Thumb Code     0  rtexit2.o(.ARM.Collect$$rtexit$$00000004)
    Reset_Handler                            0x08000339   Thumb Code    12  startup_stm32h750xx.o(.text)
    ADC3_IRQHandler                          0x08000357   Thumb Code     0  startup_stm32h750xx.o(.text)
    ADC_IRQHandler                           0x08000357   Thumb Code     0  startup_stm32h750xx.o(.text)
    BDMA_Channel0_IRQHandler                 0x08000357   Thumb Code     0  startup_stm32h750xx.o(.text)
    BDMA_Channel1_IRQHandler                 0x08000357   Thumb Code     0  startup_stm32h750xx.o(.text)
    BDMA_Channel2_IRQHandler                 0x08000357   Thumb Code     0  startup_stm32h750xx.o(.text)
    BDMA_Channel3_IRQHandler                 0x08000357   Thumb Code     0  startup_stm32h750xx.o(.text)
    BDMA_Channel4_IRQHandler                 0x08000357   Thumb Code     0  startup_stm32h750xx.o(.text)
    BDMA_Channel5_IRQHandler                 0x08000357   Thumb Code     0  startup_stm32h750xx.o(.text)
    BDMA_Channel6_IRQHandler                 0x08000357   Thumb Code     0  startup_stm32h750xx.o(.text)
    BDMA_Channel7_IRQHandler                 0x08000357   Thumb Code     0  startup_stm32h750xx.o(.text)
    CEC_IRQHandler                           0x08000357   Thumb Code     0  startup_stm32h750xx.o(.text)
    COMP1_IRQHandler                         0x08000357   Thumb Code     0  startup_stm32h750xx.o(.text)
    CRS_IRQHandler                           0x08000357   Thumb Code     0  startup_stm32h750xx.o(.text)
    CRYP_IRQHandler                          0x08000357   Thumb Code     0  startup_stm32h750xx.o(.text)
    DCMI_IRQHandler                          0x08000357   Thumb Code     0  startup_stm32h750xx.o(.text)
    DFSDM1_FLT0_IRQHandler                   0x08000357   Thumb Code     0  startup_stm32h750xx.o(.text)
    DFSDM1_FLT1_IRQHandler                   0x08000357   Thumb Code     0  startup_stm32h750xx.o(.text)
    DFSDM1_FLT2_IRQHandler                   0x08000357   Thumb Code     0  startup_stm32h750xx.o(.text)
    DFSDM1_FLT3_IRQHandler                   0x08000357   Thumb Code     0  startup_stm32h750xx.o(.text)
    DMA1_Stream1_IRQHandler                  0x08000357   Thumb Code     0  startup_stm32h750xx.o(.text)
    DMA1_Stream2_IRQHandler                  0x08000357   Thumb Code     0  startup_stm32h750xx.o(.text)
    DMA1_Stream3_IRQHandler                  0x08000357   Thumb Code     0  startup_stm32h750xx.o(.text)
    DMA1_Stream4_IRQHandler                  0x08000357   Thumb Code     0  startup_stm32h750xx.o(.text)
    DMA1_Stream5_IRQHandler                  0x08000357   Thumb Code     0  startup_stm32h750xx.o(.text)
    DMA1_Stream6_IRQHandler                  0x08000357   Thumb Code     0  startup_stm32h750xx.o(.text)
    DMA1_Stream7_IRQHandler                  0x08000357   Thumb Code     0  startup_stm32h750xx.o(.text)
    DMA2D_IRQHandler                         0x08000357   Thumb Code     0  startup_stm32h750xx.o(.text)
    DMA2_Stream0_IRQHandler                  0x08000357   Thumb Code     0  startup_stm32h750xx.o(.text)
    DMA2_Stream1_IRQHandler                  0x08000357   Thumb Code     0  startup_stm32h750xx.o(.text)
    DMA2_Stream2_IRQHandler                  0x08000357   Thumb Code     0  startup_stm32h750xx.o(.text)
    DMA2_Stream3_IRQHandler                  0x08000357   Thumb Code     0  startup_stm32h750xx.o(.text)
    DMA2_Stream4_IRQHandler                  0x08000357   Thumb Code     0  startup_stm32h750xx.o(.text)
    DMA2_Stream5_IRQHandler                  0x08000357   Thumb Code     0  startup_stm32h750xx.o(.text)
    DMA2_Stream6_IRQHandler                  0x08000357   Thumb Code     0  startup_stm32h750xx.o(.text)
    DMA2_Stream7_IRQHandler                  0x08000357   Thumb Code     0  startup_stm32h750xx.o(.text)
    DMAMUX1_OVR_IRQHandler                   0x08000357   Thumb Code     0  startup_stm32h750xx.o(.text)
    DMAMUX2_OVR_IRQHandler                   0x08000357   Thumb Code     0  startup_stm32h750xx.o(.text)
    ECC_IRQHandler                           0x08000357   Thumb Code     0  startup_stm32h750xx.o(.text)
    ETH_IRQHandler                           0x08000357   Thumb Code     0  startup_stm32h750xx.o(.text)
    ETH_WKUP_IRQHandler                      0x08000357   Thumb Code     0  startup_stm32h750xx.o(.text)
    EXTI0_IRQHandler                         0x08000357   Thumb Code     0  startup_stm32h750xx.o(.text)
    EXTI15_10_IRQHandler                     0x08000357   Thumb Code     0  startup_stm32h750xx.o(.text)
    EXTI1_IRQHandler                         0x08000357   Thumb Code     0  startup_stm32h750xx.o(.text)
    EXTI2_IRQHandler                         0x08000357   Thumb Code     0  startup_stm32h750xx.o(.text)
    EXTI3_IRQHandler                         0x08000357   Thumb Code     0  startup_stm32h750xx.o(.text)
    EXTI4_IRQHandler                         0x08000357   Thumb Code     0  startup_stm32h750xx.o(.text)
    EXTI9_5_IRQHandler                       0x08000357   Thumb Code     0  startup_stm32h750xx.o(.text)
    FDCAN1_IT0_IRQHandler                    0x08000357   Thumb Code     0  startup_stm32h750xx.o(.text)
    FDCAN1_IT1_IRQHandler                    0x08000357   Thumb Code     0  startup_stm32h750xx.o(.text)
    FDCAN2_IT0_IRQHandler                    0x08000357   Thumb Code     0  startup_stm32h750xx.o(.text)
    FDCAN2_IT1_IRQHandler                    0x08000357   Thumb Code     0  startup_stm32h750xx.o(.text)
    FDCAN_CAL_IRQHandler                     0x08000357   Thumb Code     0  startup_stm32h750xx.o(.text)
    FLASH_IRQHandler                         0x08000357   Thumb Code     0  startup_stm32h750xx.o(.text)
    FMC_IRQHandler                           0x08000357   Thumb Code     0  startup_stm32h750xx.o(.text)
    FPU_IRQHandler                           0x08000357   Thumb Code     0  startup_stm32h750xx.o(.text)
    HASH_RNG_IRQHandler                      0x08000357   Thumb Code     0  startup_stm32h750xx.o(.text)
    HRTIM1_FLT_IRQHandler                    0x08000357   Thumb Code     0  startup_stm32h750xx.o(.text)
    HRTIM1_Master_IRQHandler                 0x08000357   Thumb Code     0  startup_stm32h750xx.o(.text)
    HRTIM1_TIMA_IRQHandler                   0x08000357   Thumb Code     0  startup_stm32h750xx.o(.text)
    HRTIM1_TIMB_IRQHandler                   0x08000357   Thumb Code     0  startup_stm32h750xx.o(.text)
    HRTIM1_TIMC_IRQHandler                   0x08000357   Thumb Code     0  startup_stm32h750xx.o(.text)
    HRTIM1_TIMD_IRQHandler                   0x08000357   Thumb Code     0  startup_stm32h750xx.o(.text)
    HRTIM1_TIME_IRQHandler                   0x08000357   Thumb Code     0  startup_stm32h750xx.o(.text)
    HSEM1_IRQHandler                         0x08000357   Thumb Code     0  startup_stm32h750xx.o(.text)
    I2C1_ER_IRQHandler                       0x08000357   Thumb Code     0  startup_stm32h750xx.o(.text)
    I2C1_EV_IRQHandler                       0x08000357   Thumb Code     0  startup_stm32h750xx.o(.text)
    I2C2_ER_IRQHandler                       0x08000357   Thumb Code     0  startup_stm32h750xx.o(.text)
    I2C2_EV_IRQHandler                       0x08000357   Thumb Code     0  startup_stm32h750xx.o(.text)
    I2C3_ER_IRQHandler                       0x08000357   Thumb Code     0  startup_stm32h750xx.o(.text)
    I2C3_EV_IRQHandler                       0x08000357   Thumb Code     0  startup_stm32h750xx.o(.text)
    I2C4_ER_IRQHandler                       0x08000357   Thumb Code     0  startup_stm32h750xx.o(.text)
    I2C4_EV_IRQHandler                       0x08000357   Thumb Code     0  startup_stm32h750xx.o(.text)
    JPEG_IRQHandler                          0x08000357   Thumb Code     0  startup_stm32h750xx.o(.text)
    LPTIM1_IRQHandler                        0x08000357   Thumb Code     0  startup_stm32h750xx.o(.text)
    LPTIM2_IRQHandler                        0x08000357   Thumb Code     0  startup_stm32h750xx.o(.text)
    LPTIM3_IRQHandler                        0x08000357   Thumb Code     0  startup_stm32h750xx.o(.text)
    LPTIM4_IRQHandler                        0x08000357   Thumb Code     0  startup_stm32h750xx.o(.text)
    LPTIM5_IRQHandler                        0x08000357   Thumb Code     0  startup_stm32h750xx.o(.text)
    LPUART1_IRQHandler                       0x08000357   Thumb Code     0  startup_stm32h750xx.o(.text)
    LTDC_ER_IRQHandler                       0x08000357   Thumb Code     0  startup_stm32h750xx.o(.text)
    LTDC_IRQHandler                          0x08000357   Thumb Code     0  startup_stm32h750xx.o(.text)
    MDIOS_IRQHandler                         0x08000357   Thumb Code     0  startup_stm32h750xx.o(.text)
    MDIOS_WKUP_IRQHandler                    0x08000357   Thumb Code     0  startup_stm32h750xx.o(.text)
    MDMA_IRQHandler                          0x08000357   Thumb Code     0  startup_stm32h750xx.o(.text)
    OTG_FS_EP1_IN_IRQHandler                 0x08000357   Thumb Code     0  startup_stm32h750xx.o(.text)
    OTG_FS_EP1_OUT_IRQHandler                0x08000357   Thumb Code     0  startup_stm32h750xx.o(.text)
    OTG_FS_WKUP_IRQHandler                   0x08000357   Thumb Code     0  startup_stm32h750xx.o(.text)
    OTG_HS_EP1_IN_IRQHandler                 0x08000357   Thumb Code     0  startup_stm32h750xx.o(.text)
    OTG_HS_EP1_OUT_IRQHandler                0x08000357   Thumb Code     0  startup_stm32h750xx.o(.text)
    OTG_HS_IRQHandler                        0x08000357   Thumb Code     0  startup_stm32h750xx.o(.text)
    OTG_HS_WKUP_IRQHandler                   0x08000357   Thumb Code     0  startup_stm32h750xx.o(.text)
    PVD_AVD_IRQHandler                       0x08000357   Thumb Code     0  startup_stm32h750xx.o(.text)
    QUADSPI_IRQHandler                       0x08000357   Thumb Code     0  startup_stm32h750xx.o(.text)
    RCC_IRQHandler                           0x08000357   Thumb Code     0  startup_stm32h750xx.o(.text)
    RTC_Alarm_IRQHandler                     0x08000357   Thumb Code     0  startup_stm32h750xx.o(.text)
    RTC_WKUP_IRQHandler                      0x08000357   Thumb Code     0  startup_stm32h750xx.o(.text)
    SAI1_IRQHandler                          0x08000357   Thumb Code     0  startup_stm32h750xx.o(.text)
    SAI2_IRQHandler                          0x08000357   Thumb Code     0  startup_stm32h750xx.o(.text)
    SAI3_IRQHandler                          0x08000357   Thumb Code     0  startup_stm32h750xx.o(.text)
    SAI4_IRQHandler                          0x08000357   Thumb Code     0  startup_stm32h750xx.o(.text)
    SDMMC1_IRQHandler                        0x08000357   Thumb Code     0  startup_stm32h750xx.o(.text)
    SDMMC2_IRQHandler                        0x08000357   Thumb Code     0  startup_stm32h750xx.o(.text)
    SPDIF_RX_IRQHandler                      0x08000357   Thumb Code     0  startup_stm32h750xx.o(.text)
    SPI1_IRQHandler                          0x08000357   Thumb Code     0  startup_stm32h750xx.o(.text)
    SPI2_IRQHandler                          0x08000357   Thumb Code     0  startup_stm32h750xx.o(.text)
    SPI3_IRQHandler                          0x08000357   Thumb Code     0  startup_stm32h750xx.o(.text)
    SPI4_IRQHandler                          0x08000357   Thumb Code     0  startup_stm32h750xx.o(.text)
    SPI5_IRQHandler                          0x08000357   Thumb Code     0  startup_stm32h750xx.o(.text)
    SPI6_IRQHandler                          0x08000357   Thumb Code     0  startup_stm32h750xx.o(.text)
    SWPMI1_IRQHandler                        0x08000357   Thumb Code     0  startup_stm32h750xx.o(.text)
    TAMP_STAMP_IRQHandler                    0x08000357   Thumb Code     0  startup_stm32h750xx.o(.text)
    TIM15_IRQHandler                         0x08000357   Thumb Code     0  startup_stm32h750xx.o(.text)
    TIM16_IRQHandler                         0x08000357   Thumb Code     0  startup_stm32h750xx.o(.text)
    TIM17_IRQHandler                         0x08000357   Thumb Code     0  startup_stm32h750xx.o(.text)
    TIM1_BRK_IRQHandler                      0x08000357   Thumb Code     0  startup_stm32h750xx.o(.text)
    TIM1_CC_IRQHandler                       0x08000357   Thumb Code     0  startup_stm32h750xx.o(.text)
    TIM1_TRG_COM_IRQHandler                  0x08000357   Thumb Code     0  startup_stm32h750xx.o(.text)
    TIM1_UP_IRQHandler                       0x08000357   Thumb Code     0  startup_stm32h750xx.o(.text)
    TIM2_IRQHandler                          0x08000357   Thumb Code     0  startup_stm32h750xx.o(.text)
    TIM3_IRQHandler                          0x08000357   Thumb Code     0  startup_stm32h750xx.o(.text)
    TIM4_IRQHandler                          0x08000357   Thumb Code     0  startup_stm32h750xx.o(.text)
    TIM5_IRQHandler                          0x08000357   Thumb Code     0  startup_stm32h750xx.o(.text)
    TIM6_DAC_IRQHandler                      0x08000357   Thumb Code     0  startup_stm32h750xx.o(.text)
    TIM7_IRQHandler                          0x08000357   Thumb Code     0  startup_stm32h750xx.o(.text)
    TIM8_BRK_TIM12_IRQHandler                0x08000357   Thumb Code     0  startup_stm32h750xx.o(.text)
    TIM8_CC_IRQHandler                       0x08000357   Thumb Code     0  startup_stm32h750xx.o(.text)
    TIM8_TRG_COM_TIM14_IRQHandler            0x08000357   Thumb Code     0  startup_stm32h750xx.o(.text)
    TIM8_UP_TIM13_IRQHandler                 0x08000357   Thumb Code     0  startup_stm32h750xx.o(.text)
    UART4_IRQHandler                         0x08000357   Thumb Code     0  startup_stm32h750xx.o(.text)
    UART5_IRQHandler                         0x08000357   Thumb Code     0  startup_stm32h750xx.o(.text)
    UART7_IRQHandler                         0x08000357   Thumb Code     0  startup_stm32h750xx.o(.text)
    UART8_IRQHandler                         0x08000357   Thumb Code     0  startup_stm32h750xx.o(.text)
    USART1_IRQHandler                        0x08000357   Thumb Code     0  startup_stm32h750xx.o(.text)
    USART2_IRQHandler                        0x08000357   Thumb Code     0  startup_stm32h750xx.o(.text)
    USART3_IRQHandler                        0x08000357   Thumb Code     0  startup_stm32h750xx.o(.text)
    USART6_IRQHandler                        0x08000357   Thumb Code     0  startup_stm32h750xx.o(.text)
    WAKEUP_PIN_IRQHandler                    0x08000357   Thumb Code     0  startup_stm32h750xx.o(.text)
    WWDG_IRQHandler                          0x08000357   Thumb Code     0  startup_stm32h750xx.o(.text)
    __user_initial_stackheap                 0x08000359   Thumb Code     0  startup_stm32h750xx.o(.text)
    __aeabi_memclr                           0x08000381   Thumb Code     0  rt_memclr.o(.text)
    __rt_memclr                              0x08000381   Thumb Code     0  rt_memclr.o(.text)
    _memset                                  0x08000385   Thumb Code    64  rt_memclr.o(.text)
    __aeabi_memclr4                          0x080003c5   Thumb Code     0  rt_memclr_w.o(.text)
    __aeabi_memclr8                          0x080003c5   Thumb Code     0  rt_memclr_w.o(.text)
    __rt_memclr_w                            0x080003c5   Thumb Code     0  rt_memclr_w.o(.text)
    _memset_w                                0x080003c9   Thumb Code    74  rt_memclr_w.o(.text)
    __use_two_region_memory                  0x08000413   Thumb Code     2  heapauxi.o(.text)
    __rt_heap_escrow$2region                 0x08000415   Thumb Code     2  heapauxi.o(.text)
    __rt_heap_expand$2region                 0x08000417   Thumb Code     2  heapauxi.o(.text)
    __user_setup_stackheap                   0x08000419   Thumb Code    74  sys_stackheap_outer.o(.text)
    exit                                     0x08000463   Thumb Code    18  exit.o(.text)
    __user_libspace                          0x08000475   Thumb Code     8  libspace.o(.text)
    __user_perproc_libspace                  0x08000475   Thumb Code     0  libspace.o(.text)
    __user_perthread_libspace                0x08000475   Thumb Code     0  libspace.o(.text)
    _sys_exit                                0x0800047d   Thumb Code     8  sys_exit.o(.text)
    __I$use$semihosting                      0x08000489   Thumb Code     0  use_no_semi.o(.text)
    __use_no_semihosting_swi                 0x08000489   Thumb Code     2  use_no_semi.o(.text)
    __semihosting_library_function           0x0800048b   Thumb Code     0  indicate_semi.o(.text)
    BusFault_Handler                         0x08000639   Thumb Code     2  stm32h7xx_it.o(.text.BusFault_Handler)
    DMA1_Stream0_IRQHandler                  0x08000641   Thumb Code    16  stm32h7xx_it.o(.text.DMA1_Stream0_IRQHandler)
    DebugMon_Handler                         0x08000c51   Thumb Code     2  stm32h7xx_it.o(.text.DebugMon_Handler)
    Error_Handler                            0x08000c59   Thumb Code    10  main.o(.text.Error_Handler)
    ExitRun0Mode                             0x08000c69   Thumb Code    26  system_stm32h7xx.o(.text.ExitRun0Mode)
    HAL_DMA_Abort                            0x08000cc1   Thumb Code  1470  stm32h7xx_hal_dma.o(.text.HAL_DMA_Abort)
    HAL_DMA_GetError                         0x08001281   Thumb Code     4  stm32h7xx_hal_dma.o(.text.HAL_DMA_GetError)
    HAL_DMA_IRQHandler                       0x08001289   Thumb Code  2976  stm32h7xx_hal_dma.o(.text.HAL_DMA_IRQHandler)
    HAL_DMA_Init                             0x08001e29   Thumb Code  1372  stm32h7xx_hal_dma.o(.text.HAL_DMA_Init)
    HAL_DMA_Start_IT                         0x08002389   Thumb Code  1120  stm32h7xx_hal_dma.o(.text.HAL_DMA_Start_IT)
    HAL_Delay                                0x080027e9   Thumb Code    40  stm32h7xx_hal.o(.text.HAL_Delay)
    HAL_GPIO_Init                            0x08002811   Thumb Code   416  stm32h7xx_hal_gpio.o(.text.HAL_GPIO_Init)
    HAL_GPIO_WritePin                        0x080029b1   Thumb Code    10  stm32h7xx_hal_gpio.o(.text.HAL_GPIO_WritePin)
    HAL_GetREVID                             0x080029c1   Thumb Code    14  stm32h7xx_hal.o(.text.HAL_GetREVID)
    HAL_GetTick                              0x080029d1   Thumb Code    12  stm32h7xx_hal.o(.text.HAL_GetTick)
    HAL_IncTick                              0x080029e1   Thumb Code    26  stm32h7xx_hal.o(.text.HAL_IncTick)
    HAL_Init                                 0x08002a01   Thumb Code   100  stm32h7xx_hal.o(.text.HAL_Init)
    HAL_InitTick                             0x08002a69   Thumb Code    84  stm32h7xx_hal.o(.text.HAL_InitTick)
    HAL_MPU_ConfigRegion                     0x08002ac1   Thumb Code    94  stm32h7xx_hal_cortex.o(.text.HAL_MPU_ConfigRegion)
    HAL_MPU_Disable                          0x08002b21   Thumb Code    26  stm32h7xx_hal_cortex.o(.text.HAL_MPU_Disable)
    HAL_MPU_Enable                           0x08002b41   Thumb Code    32  stm32h7xx_hal_cortex.o(.text.HAL_MPU_Enable)
    HAL_MspInit                              0x08002b61   Thumb Code    32  stm32h7xx_hal_msp.o(.text.HAL_MspInit)
    HAL_NVIC_EnableIRQ                       0x08002b81   Thumb Code     8  stm32h7xx_hal_cortex.o(.text.HAL_NVIC_EnableIRQ)
    HAL_NVIC_SetPriority                     0x08002b89   Thumb Code    30  stm32h7xx_hal_cortex.o(.text.HAL_NVIC_SetPriority)
    HAL_NVIC_SetPriorityGrouping             0x08002ba9   Thumb Code     8  stm32h7xx_hal_cortex.o(.text.HAL_NVIC_SetPriorityGrouping)
    HAL_PCDEx_ActivateLPM                    0x08002bb1   Thumb Code    38  stm32h7xx_hal_pcd_ex.o(.text.HAL_PCDEx_ActivateLPM)
    HAL_PCDEx_LPM_Callback                   0x08002bd9   Thumb Code     2  stm32h7xx_hal_pcd_ex.o(.text.HAL_PCDEx_LPM_Callback)
    HAL_PCDEx_SetRxFiFo                      0x08002be1   Thumb Code     8  stm32h7xx_hal_pcd_ex.o(.text.HAL_PCDEx_SetRxFiFo)
    HAL_PCDEx_SetTxFiFo                      0x08002be9   Thumb Code    80  stm32h7xx_hal_pcd_ex.o(.text.HAL_PCDEx_SetTxFiFo)
    HAL_PCD_ConnectCallback                  0x08002c39   Thumb Code    12  usbd_conf.o(.text.HAL_PCD_ConnectCallback)
    HAL_PCD_DataInStageCallback              0x08002c49   Thumb Code    22  usbd_conf.o(.text.HAL_PCD_DataInStageCallback)
    HAL_PCD_DataOutStageCallback             0x08002c61   Thumb Code    24  usbd_conf.o(.text.HAL_PCD_DataOutStageCallback)
    HAL_PCD_DisconnectCallback               0x08002c79   Thumb Code    12  usbd_conf.o(.text.HAL_PCD_DisconnectCallback)
    HAL_PCD_EP_Abort                         0x08002c89   Thumb Code    36  stm32h7xx_hal_pcd.o(.text.HAL_PCD_EP_Abort)
    HAL_PCD_EP_Close                         0x08002cb1   Thumb Code    74  stm32h7xx_hal_pcd.o(.text.HAL_PCD_EP_Close)
    HAL_PCD_EP_ClrStall                      0x08002d01   Thumb Code    96  stm32h7xx_hal_pcd.o(.text.HAL_PCD_EP_ClrStall)
    HAL_PCD_EP_GetRxCount                    0x08002d61   Thumb Code    18  stm32h7xx_hal_pcd.o(.text.HAL_PCD_EP_GetRxCount)
    HAL_PCD_EP_Open                          0x08002d79   Thumb Code   100  stm32h7xx_hal_pcd.o(.text.HAL_PCD_EP_Open)
    HAL_PCD_EP_Receive                       0x08002de1   Thumb Code    58  stm32h7xx_hal_pcd.o(.text.HAL_PCD_EP_Receive)
    HAL_PCD_EP_SetStall                      0x08002e21   Thumb Code   108  stm32h7xx_hal_pcd.o(.text.HAL_PCD_EP_SetStall)
    HAL_PCD_EP_Transmit                      0x08002e91   Thumb Code    62  stm32h7xx_hal_pcd.o(.text.HAL_PCD_EP_Transmit)
    HAL_PCD_IRQHandler                       0x08002ed1   Thumb Code  1586  stm32h7xx_hal_pcd.o(.text.HAL_PCD_IRQHandler)
    HAL_PCD_ISOINIncompleteCallback          0x08003509   Thumb Code    12  usbd_conf.o(.text.HAL_PCD_ISOINIncompleteCallback)
    HAL_PCD_ISOOUTIncompleteCallback         0x08003519   Thumb Code    12  usbd_conf.o(.text.HAL_PCD_ISOOUTIncompleteCallback)
    HAL_PCD_Init                             0x08003529   Thumb Code   264  stm32h7xx_hal_pcd.o(.text.HAL_PCD_Init)
    HAL_PCD_MspInit                          0x08003631   Thumb Code   168  usbd_conf.o(.text.HAL_PCD_MspInit)
    HAL_PCD_ResetCallback                    0x080036d9   Thumb Code    40  usbd_conf.o(.text.HAL_PCD_ResetCallback)
    HAL_PCD_ResumeCallback                   0x08003701   Thumb Code    12  usbd_conf.o(.text.HAL_PCD_ResumeCallback)
    HAL_PCD_SOFCallback                      0x08003711   Thumb Code    12  usbd_conf.o(.text.HAL_PCD_SOFCallback)
    HAL_PCD_SetAddress                       0x08003721   Thumb Code    38  stm32h7xx_hal_pcd.o(.text.HAL_PCD_SetAddress)
    HAL_PCD_SetupStageCallback               0x08003749   Thumb Code    18  usbd_conf.o(.text.HAL_PCD_SetupStageCallback)
    HAL_PCD_Start                            0x08003761   Thumb Code    62  stm32h7xx_hal_pcd.o(.text.HAL_PCD_Start)
    HAL_PCD_SuspendCallback                  0x080037a1   Thumb Code    52  usbd_conf.o(.text.HAL_PCD_SuspendCallback)
    HAL_PWREx_ConfigSupply                   0x080037d9   Thumb Code    72  stm32h7xx_hal_pwr_ex.o(.text.HAL_PWREx_ConfigSupply)
    HAL_PWREx_EnableUSBVoltageDetector       0x08003821   Thumb Code    18  stm32h7xx_hal_pwr_ex.o(.text.HAL_PWREx_EnableUSBVoltageDetector)
    HAL_RCCEx_GetD3PCLK1Freq                 0x08003839   Thumb Code    38  stm32h7xx_hal_rcc_ex.o(.text.HAL_RCCEx_GetD3PCLK1Freq)
    HAL_RCCEx_GetPLL1ClockFreq               0x08003861   Thumb Code   296  stm32h7xx_hal_rcc_ex.o(.text.HAL_RCCEx_GetPLL1ClockFreq)
    HAL_RCCEx_GetPLL2ClockFreq               0x08003989   Thumb Code   292  stm32h7xx_hal_rcc_ex.o(.text.HAL_RCCEx_GetPLL2ClockFreq)
    HAL_RCCEx_GetPLL3ClockFreq               0x08003ab1   Thumb Code   292  stm32h7xx_hal_rcc_ex.o(.text.HAL_RCCEx_GetPLL3ClockFreq)
    HAL_RCCEx_GetPeriphCLKFreq               0x08003bd9   Thumb Code   850  stm32h7xx_hal_rcc_ex.o(.text.HAL_RCCEx_GetPeriphCLKFreq)
    HAL_RCCEx_PeriphCLKConfig                0x08003f31   Thumb Code  2576  stm32h7xx_hal_rcc_ex.o(.text.HAL_RCCEx_PeriphCLKConfig)
    HAL_RCC_ClockConfig                      0x08004941   Thumb Code   596  stm32h7xx_hal_rcc.o(.text.HAL_RCC_ClockConfig)
    HAL_RCC_GetHCLKFreq                      0x08004b99   Thumb Code    76  stm32h7xx_hal_rcc.o(.text.HAL_RCC_GetHCLKFreq)
    HAL_RCC_GetPCLK1Freq                     0x08004be9   Thumb Code    38  stm32h7xx_hal_rcc.o(.text.HAL_RCC_GetPCLK1Freq)
    HAL_RCC_GetSysClockFreq                  0x08004c11   Thumb Code   264  stm32h7xx_hal_rcc.o(.text.HAL_RCC_GetSysClockFreq)
    HAL_RCC_OscConfig                        0x08004d19   Thumb Code  1670  stm32h7xx_hal_rcc.o(.text.HAL_RCC_OscConfig)
    HAL_SAI_DMAStop                          0x080053a1   Thumb Code   160  stm32h7xx_hal_sai.o(.text.HAL_SAI_DMAStop)
    HAL_SAI_ErrorCallback                    0x08005441   Thumb Code     2  stm32h7xx_hal_sai.o(.text.HAL_SAI_ErrorCallback)
    HAL_SAI_GetState                         0x08005449   Thumb Code     6  stm32h7xx_hal_sai.o(.text.HAL_SAI_GetState)
    HAL_SAI_Init                             0x08005451   Thumb Code  1012  stm32h7xx_hal_sai.o(.text.HAL_SAI_Init)
    HAL_SAI_InitProtocol                     0x08005849   Thumb Code    46  stm32h7xx_hal_sai.o(.text.HAL_SAI_InitProtocol)
    HAL_SAI_MspInit                          0x08005879   Thumb Code   240  sai.o(.text.HAL_SAI_MspInit)
    HAL_SAI_Transmit_DMA                     0x08005969   Thumb Code   238  stm32h7xx_hal_sai.o(.text.HAL_SAI_Transmit_DMA)
    HAL_SAI_TxCpltCallback                   0x08005a59   Thumb Code    26  usbd_audio_if.o(.text.HAL_SAI_TxCpltCallback)
    HAL_SAI_TxHalfCpltCallback               0x08005a79   Thumb Code    26  usbd_audio_if.o(.text.HAL_SAI_TxHalfCpltCallback)
    HAL_SYSTICK_Config                       0x08005a99   Thumb Code     8  stm32h7xx_hal_cortex.o(.text.HAL_SYSTICK_Config)
    HalfTransfer_CallBack_FS                 0x08005aa1   Thumb Code    18  usbd_audio_if.o(.text.HalfTransfer_CallBack_FS)
    HardFault_Handler                        0x08005ab9   Thumb Code     2  stm32h7xx_it.o(.text.HardFault_Handler)
    MX_DMA_Init                              0x08005b31   Thumb Code    50  dma.o(.text.MX_DMA_Init)
    MX_GPIO_Init                             0x08005b69   Thumb Code   142  gpio.o(.text.MX_GPIO_Init)
    MX_SAI1_Init                             0x08005bf9   Thumb Code    70  sai.o(.text.MX_SAI1_Init)
    MX_USB_DEVICE_Init                       0x08005c41   Thumb Code   106  usb_device.o(.text.MX_USB_DEVICE_Init)
    MemManage_Handler                        0x08005cb1   Thumb Code     2  stm32h7xx_it.o(.text.MemManage_Handler)
    NMI_Handler                              0x08005cb9   Thumb Code     2  stm32h7xx_it.o(.text.NMI_Handler)
    OTG_FS_IRQHandler                        0x08005cf1   Thumb Code    16  stm32h7xx_it.o(.text.OTG_FS_IRQHandler)
    PendSV_Handler                           0x08005ef1   Thumb Code     2  stm32h7xx_it.o(.text.PendSV_Handler)
    SVC_Handler                              0x080063f1   Thumb Code     2  stm32h7xx_it.o(.text.SVC_Handler)
    SysTick_Handler                          0x08006431   Thumb Code     8  stm32h7xx_it.o(.text.SysTick_Handler)
    SystemClock_Config                       0x08006439   Thumb Code   194  main.o(.text.SystemClock_Config)
    SystemInit                               0x08006501   Thumb Code   238  system_stm32h7xx.o(.text.SystemInit)
    TransferComplete_CallBack_FS             0x080065f1   Thumb Code    18  usbd_audio_if.o(.text.TransferComplete_CallBack_FS)
    USBD_AUDIO_RegisterInterface             0x08006869   Thumb Code    22  usbd_audio.o(.text.USBD_AUDIO_RegisterInterface)
    USBD_AUDIO_Sync                          0x08006969   Thumb Code   146  usbd_audio.o(.text.USBD_AUDIO_Sync)
    USBD_ClrClassConfig                      0x08006a01   Thumb Code    18  usbd_core.o(.text.USBD_ClrClassConfig)
    USBD_CoreFindEP                          0x08006a41   Thumb Code     4  usbd_core.o(.text.USBD_CoreFindEP)
    USBD_CoreFindIF                          0x08006a49   Thumb Code     4  usbd_core.o(.text.USBD_CoreFindIF)
    USBD_CtlContinueRx                       0x08006a51   Thumb Code    16  usbd_ioreq.o(.text.USBD_CtlContinueRx)
    USBD_CtlContinueSendData                 0x08006a61   Thumb Code    16  usbd_ioreq.o(.text.USBD_CtlContinueSendData)
    USBD_CtlError                            0x08006a71   Thumb Code    20  usbd_ctlreq.o(.text.USBD_CtlError)
    USBD_CtlPrepareRx                        0x08006a89   Thumb Code    30  usbd_ioreq.o(.text.USBD_CtlPrepareRx)
    USBD_CtlReceiveStatus                    0x08006aa9   Thumb Code    22  usbd_ioreq.o(.text.USBD_CtlReceiveStatus)
    USBD_CtlSendData                         0x08006ac1   Thumb Code    26  usbd_ioreq.o(.text.USBD_CtlSendData)
    USBD_CtlSendStatus                       0x08006ae1   Thumb Code    22  usbd_ioreq.o(.text.USBD_CtlSendStatus)
    USBD_FS_ConfigStrDescriptor              0x08006af9   Thumb Code    24  usbd_desc.o(.text.USBD_FS_ConfigStrDescriptor)
    USBD_FS_DeviceDescriptor                 0x08006b21   Thumb Code    14  usbd_desc.o(.text.USBD_FS_DeviceDescriptor)
    USBD_FS_InterfaceStrDescriptor           0x08006b31   Thumb Code    24  usbd_desc.o(.text.USBD_FS_InterfaceStrDescriptor)
    USBD_FS_LangIDStrDescriptor              0x08006b59   Thumb Code    14  usbd_desc.o(.text.USBD_FS_LangIDStrDescriptor)
    USBD_FS_ManufacturerStrDescriptor        0x08006b69   Thumb Code    24  usbd_desc.o(.text.USBD_FS_ManufacturerStrDescriptor)
    USBD_FS_ProductStrDescriptor             0x08006b91   Thumb Code    24  usbd_desc.o(.text.USBD_FS_ProductStrDescriptor)
    USBD_FS_SerialStrDescriptor              0x08006bb9   Thumb Code    20  usbd_desc.o(.text.USBD_FS_SerialStrDescriptor)
    USBD_GetNextDesc                         0x08006d39   Thumb Code    12  usbd_core.o(.text.USBD_GetNextDesc)
    USBD_GetString                           0x08006d81   Thumb Code    66  usbd_ctlreq.o(.text.USBD_GetString)
    USBD_Get_USB_Status                      0x08006dc9   Thumb Code    26  usbd_conf.o(.text.USBD_Get_USB_Status)
    USBD_Init                                0x08006de9   Thumb Code    44  usbd_core.o(.text.USBD_Init)
    USBD_LL_ClearStallEP                     0x08006e19   Thumb Code    16  usbd_conf.o(.text.USBD_LL_ClearStallEP)
    USBD_LL_CloseEP                          0x08006e29   Thumb Code    16  usbd_conf.o(.text.USBD_LL_CloseEP)
    USBD_LL_DataInStage                      0x08006e39   Thumb Code   176  usbd_core.o(.text.USBD_LL_DataInStage)
    USBD_LL_DataOutStage                     0x08006ee9   Thumb Code   120  usbd_core.o(.text.USBD_LL_DataOutStage)
    USBD_LL_DevConnected                     0x08006f61   Thumb Code     4  usbd_core.o(.text.USBD_LL_DevConnected)
    USBD_LL_DevDisconnected                  0x08006f69   Thumb Code    32  usbd_core.o(.text.USBD_LL_DevDisconnected)
    USBD_LL_GetRxDataSize                    0x08006f89   Thumb Code    12  usbd_conf.o(.text.USBD_LL_GetRxDataSize)
    USBD_LL_Init                             0x08006f99   Thumb Code   108  usbd_conf.o(.text.USBD_LL_Init)
    USBD_LL_IsStallEP                        0x08007009   Thumb Code    32  usbd_conf.o(.text.USBD_LL_IsStallEP)
    USBD_LL_IsoINIncomplete                  0x08007029   Thumb Code    38  usbd_core.o(.text.USBD_LL_IsoINIncomplete)
    USBD_LL_IsoOUTIncomplete                 0x08007051   Thumb Code    38  usbd_core.o(.text.USBD_LL_IsoOUTIncomplete)
    USBD_LL_OpenEP                           0x08007079   Thumb Code    22  usbd_conf.o(.text.USBD_LL_OpenEP)
    USBD_LL_PrepareReceive                   0x08007091   Thumb Code    16  usbd_conf.o(.text.USBD_LL_PrepareReceive)
    USBD_LL_Reset                            0x080070a1   Thumb Code   100  usbd_core.o(.text.USBD_LL_Reset)
    USBD_LL_Resume                           0x08007109   Thumb Code    20  usbd_core.o(.text.USBD_LL_Resume)
    USBD_LL_SOF                              0x08007121   Thumb Code    26  usbd_core.o(.text.USBD_LL_SOF)
    USBD_LL_SetSpeed                         0x08007141   Thumb Code     8  usbd_core.o(.text.USBD_LL_SetSpeed)
    USBD_LL_SetUSBAddress                    0x08007149   Thumb Code    16  usbd_conf.o(.text.USBD_LL_SetUSBAddress)
    USBD_LL_SetupStage                       0x08007159   Thumb Code    88  usbd_core.o(.text.USBD_LL_SetupStage)
    USBD_LL_StallEP                          0x080071b1   Thumb Code    16  usbd_conf.o(.text.USBD_LL_StallEP)
    USBD_LL_Start                            0x080071c1   Thumb Code    16  usbd_conf.o(.text.USBD_LL_Start)
    USBD_LL_Suspend                          0x080071d1   Thumb Code    28  usbd_core.o(.text.USBD_LL_Suspend)
    USBD_LL_Transmit                         0x080071f1   Thumb Code    16  usbd_conf.o(.text.USBD_LL_Transmit)
    USBD_ParseSetupRequest                   0x08007201   Thumb Code    40  usbd_ctlreq.o(.text.USBD_ParseSetupRequest)
    USBD_RegisterClass                       0x08007229   Thumb Code    68  usbd_core.o(.text.USBD_RegisterClass)
    USBD_SetClassConfig                      0x080072b9   Thumb Code    18  usbd_core.o(.text.USBD_SetClassConfig)
    USBD_Start                               0x080073b9   Thumb Code     8  usbd_core.o(.text.USBD_Start)
    USBD_StdDevReq                           0x080073c1   Thumb Code   118  usbd_ctlreq.o(.text.USBD_StdDevReq)
    USBD_StdEPReq                            0x08007439   Thumb Code   388  usbd_ctlreq.o(.text.USBD_StdEPReq)
    USBD_StdItfReq                           0x080075c1   Thumb Code   124  usbd_ctlreq.o(.text.USBD_StdItfReq)
    USBD_static_free                         0x08007641   Thumb Code     2  usbd_conf.o(.text.USBD_static_free)
    USBD_static_malloc                       0x08007649   Thumb Code    10  usbd_conf.o(.text.USBD_static_malloc)
    USB_ActivateEndpoint                     0x08007659   Thumb Code   148  stm32h7xx_ll_usb.o(.text.USB_ActivateEndpoint)
    USB_ActivateSetup                        0x080076f1   Thumb Code    32  stm32h7xx_ll_usb.o(.text.USB_ActivateSetup)
    USB_CoreInit                             0x08007711   Thumb Code   154  stm32h7xx_ll_usb.o(.text.USB_CoreInit)
    USB_DeactivateEndpoint                   0x08007801   Thumb Code   142  stm32h7xx_ll_usb.o(.text.USB_DeactivateEndpoint)
    USB_DevConnect                           0x08007891   Thumb Code    30  stm32h7xx_ll_usb.o(.text.USB_DevConnect)
    USB_DevDisconnect                        0x080078b1   Thumb Code    30  stm32h7xx_ll_usb.o(.text.USB_DevDisconnect)
    USB_DevInit                              0x080078d1   Thumb Code   358  stm32h7xx_ll_usb.o(.text.USB_DevInit)
    USB_DisableGlobalInt                     0x08007a39   Thumb Code    14  stm32h7xx_ll_usb.o(.text.USB_DisableGlobalInt)
    USB_EP0_OutStart                         0x08007a49   Thumb Code    90  stm32h7xx_ll_usb.o(.text.USB_EP0_OutStart)
    USB_EPClearStall                         0x08007aa9   Thumb Code    80  stm32h7xx_ll_usb.o(.text.USB_EPClearStall)
    USB_EPSetStall                           0x08007af9   Thumb Code    74  stm32h7xx_ll_usb.o(.text.USB_EPSetStall)
    USB_EPStartXfer                          0x08007b49   Thumb Code   482  stm32h7xx_ll_usb.o(.text.USB_EPStartXfer)
    USB_EPStopXfer                           0x08007d31   Thumb Code   134  stm32h7xx_ll_usb.o(.text.USB_EPStopXfer)
    USB_EnableGlobalInt                      0x08007db9   Thumb Code    14  stm32h7xx_ll_usb.o(.text.USB_EnableGlobalInt)
    USB_FlushRxFifo                          0x08007dc9   Thumb Code    72  stm32h7xx_ll_usb.o(.text.USB_FlushRxFifo)
    USB_FlushTxFifo                          0x08007e11   Thumb Code    72  stm32h7xx_ll_usb.o(.text.USB_FlushTxFifo)
    USB_GetDevSpeed                          0x08007e59   Thumb Code    26  stm32h7xx_ll_usb.o(.text.USB_GetDevSpeed)
    USB_GetMode                              0x08007e79   Thumb Code     8  stm32h7xx_ll_usb.o(.text.USB_GetMode)
    USB_ReadDevAllInEpInterrupt              0x08007e81   Thumb Code    14  stm32h7xx_ll_usb.o(.text.USB_ReadDevAllInEpInterrupt)
    USB_ReadDevAllOutEpInterrupt             0x08007e91   Thumb Code    14  stm32h7xx_ll_usb.o(.text.USB_ReadDevAllOutEpInterrupt)
    USB_ReadDevInEPInterrupt                 0x08007ea1   Thumb Code    36  stm32h7xx_ll_usb.o(.text.USB_ReadDevInEPInterrupt)
    USB_ReadDevOutEPInterrupt                0x08007ec9   Thumb Code    16  stm32h7xx_ll_usb.o(.text.USB_ReadDevOutEPInterrupt)
    USB_ReadInterrupts                       0x08007ed9   Thumb Code     8  stm32h7xx_ll_usb.o(.text.USB_ReadInterrupts)
    USB_ReadPacket                           0x08007ee1   Thumb Code    78  stm32h7xx_ll_usb.o(.text.USB_ReadPacket)
    USB_SetCurrentMode                       0x08007f31   Thumb Code   104  stm32h7xx_ll_usb.o(.text.USB_SetCurrentMode)
    USB_SetDevAddress                        0x08007f99   Thumb Code    34  stm32h7xx_ll_usb.o(.text.USB_SetDevAddress)
    USB_SetDevSpeed                          0x08007fc1   Thumb Code    16  stm32h7xx_ll_usb.o(.text.USB_SetDevSpeed)
    USB_SetTurnaroundTime                    0x08007fd1   Thumb Code   278  stm32h7xx_ll_usb.o(.text.USB_SetTurnaroundTime)
    USB_WritePacket                          0x080080e9   Thumb Code    52  stm32h7xx_ll_usb.o(.text.USB_WritePacket)
    UsageFault_Handler                       0x08008121   Thumb Code     2  stm32h7xx_it.o(.text.UsageFault_Handler)
    main                                     0x080081a1   Thumb Code    38  main.o(.text.main)
    _fp_init                                 0x080081c7   Thumb Code    26  fpinit.o(x$fpl$fpinit)
    __fplib_config_fpu_vfp                   0x080081df   Thumb Code     0  fpinit.o(x$fpl$fpinit)
    __fplib_config_pureend_doubles           0x080081df   Thumb Code     0  fpinit.o(x$fpl$fpinit)
    D1CorePrescTable                         0x080081e0   Data          16  system_stm32h7xx.o(.rodata.D1CorePrescTable)
    Region$$Table$$Base                      0x080081f0   Number         0  anon$$obj.o(Region$$Table)
    Region$$Table$$Limit                     0x08008210   Number         0  anon$$obj.o(Region$$Table)
    FS_Desc                                  0x24000000   Data          32  usbd_desc.o(.data.FS_Desc)
    SystemCoreClock                          0x24000020   Data           4  system_stm32h7xx.o(.data.SystemCoreClock)
    SystemD2Clock                            0x24000024   Data           4  system_stm32h7xx.o(.data.SystemD2Clock)
    USBD_AUDIO                               0x24000028   Data          56  usbd_audio.o(.data.USBD_AUDIO)
    USBD_AUDIO_fops_FS                       0x240000dc   Data          28  usbd_audio_if.o(.data.USBD_AUDIO_fops_FS)
    USBD_FS_DeviceDesc                       0x240000f8   Data          18  usbd_desc.o(.data.USBD_FS_DeviceDesc)
    USBD_LangIDDesc                          0x2400010c   Data           4  usbd_desc.o(.data.USBD_LangIDDesc)
    USBD_StringSerial                        0x24000110   Data          26  usbd_desc.o(.data.USBD_StringSerial)
    uwTickFreq                               0x2400012a   Data           1  stm32h7xx_hal.o(.data.uwTickFreq)
    uwTickPrio                               0x2400012c   Data           4  stm32h7xx_hal.o(.data.uwTickPrio)
    __libspace_start                         0x24000130   Data          96  libspace.o(.bss)
    __temporary_stack_top$libspace           0x24000190   Data           0  libspace.o(.bss)
    USBD_StrDesc                             0x24000198   Data         512  usbd_desc.o(.bss.USBD_StrDesc)
    hUsbDeviceFS                             0x2400b7f0   Data         732  usb_device.o(.bss.hUsbDeviceFS)
    hdma_sai1_a                              0x2400bacc   Data         120  sai.o(.bss.hdma_sai1_a)
    hpcd_USB_OTG_FS                          0x2400bb44   Data        1252  usbd_conf.o(.bss.hpcd_USB_OTG_FS)
    hsai_BlockA1                             0x2400c028   Data         152  sai.o(.bss.hsai_BlockA1)
    uwTick                                   0x2400c0c0   Data           4  stm32h7xx_hal.o(.bss.uwTick)



==============================================================================

Memory Map of the image

  Image Entry point : 0x08000299

  Load Region LR_IROM1 (Base: 0x08000000, Size: 0x00008340, Max: 0x00020000, ABSOLUTE)

    Execution Region ER_IROM1 (Exec base: 0x08000000, Load base: 0x08000000, Size: 0x00008210, Max: 0x00020000, ABSOLUTE)

    Exec Addr    Load Addr    Size         Type   Attr      Idx    E Section Name        Object

    0x08000000   0x08000000   0x00000298   Data   RO            3    RESET               startup_stm32h750xx.o
    0x08000298   0x08000298   0x00000008   Code   RO         1652  * !!!main             c_w.l(__main.o)
    0x080002a0   0x080002a0   0x00000034   Code   RO         1815    !!!scatter          c_w.l(__scatter.o)
    0x080002d4   0x080002d4   0x0000001a   Code   RO         1817    !!handler_copy      c_w.l(__scatter_copy.o)
    0x080002ee   0x080002ee   0x00000002   PAD
    0x080002f0   0x080002f0   0x0000001c   Code   RO         1819    !!handler_zi        c_w.l(__scatter_zi.o)
    0x0800030c   0x0800030c   0x00000002   Code   RO         1679    .ARM.Collect$$libinit$$00000000  c_w.l(libinit.o)
    0x0800030e   0x0800030e   0x00000004   Code   RO         1685    .ARM.Collect$$libinit$$00000001  c_w.l(libinit2.o)
    0x08000312   0x08000312   0x00000000   Code   RO         1688    .ARM.Collect$$libinit$$00000004  c_w.l(libinit2.o)
    0x08000312   0x08000312   0x00000000   Code   RO         1691    .ARM.Collect$$libinit$$0000000A  c_w.l(libinit2.o)
    0x08000312   0x08000312   0x00000000   Code   RO         1693    .ARM.Collect$$libinit$$0000000C  c_w.l(libinit2.o)
    0x08000312   0x08000312   0x00000000   Code   RO         1695    .ARM.Collect$$libinit$$0000000E  c_w.l(libinit2.o)
    0x08000312   0x08000312   0x00000000   Code   RO         1698    .ARM.Collect$$libinit$$00000011  c_w.l(libinit2.o)
    0x08000312   0x08000312   0x00000000   Code   RO         1700    .ARM.Collect$$libinit$$00000013  c_w.l(libinit2.o)
    0x08000312   0x08000312   0x00000000   Code   RO         1702    .ARM.Collect$$libinit$$00000015  c_w.l(libinit2.o)
    0x08000312   0x08000312   0x00000000   Code   RO         1704    .ARM.Collect$$libinit$$00000017  c_w.l(libinit2.o)
    0x08000312   0x08000312   0x00000000   Code   RO         1706    .ARM.Collect$$libinit$$00000019  c_w.l(libinit2.o)
    0x08000312   0x08000312   0x00000000   Code   RO         1708    .ARM.Collect$$libinit$$0000001B  c_w.l(libinit2.o)
    0x08000312   0x08000312   0x00000000   Code   RO         1710    .ARM.Collect$$libinit$$0000001D  c_w.l(libinit2.o)
    0x08000312   0x08000312   0x00000000   Code   RO         1712    .ARM.Collect$$libinit$$0000001F  c_w.l(libinit2.o)
    0x08000312   0x08000312   0x00000000   Code   RO         1714    .ARM.Collect$$libinit$$00000021  c_w.l(libinit2.o)
    0x08000312   0x08000312   0x00000000   Code   RO         1716    .ARM.Collect$$libinit$$00000023  c_w.l(libinit2.o)
    0x08000312   0x08000312   0x00000000   Code   RO         1718    .ARM.Collect$$libinit$$00000025  c_w.l(libinit2.o)
    0x08000312   0x08000312   0x00000000   Code   RO         1722    .ARM.Collect$$libinit$$0000002C  c_w.l(libinit2.o)
    0x08000312   0x08000312   0x00000000   Code   RO         1724    .ARM.Collect$$libinit$$0000002E  c_w.l(libinit2.o)
    0x08000312   0x08000312   0x00000000   Code   RO         1726    .ARM.Collect$$libinit$$00000030  c_w.l(libinit2.o)
    0x08000312   0x08000312   0x00000000   Code   RO         1728    .ARM.Collect$$libinit$$00000032  c_w.l(libinit2.o)
    0x08000312   0x08000312   0x00000002   Code   RO         1729    .ARM.Collect$$libinit$$00000033  c_w.l(libinit2.o)
    0x08000314   0x08000314   0x00000002   Code   RO         1751    .ARM.Collect$$libshutdown$$00000000  c_w.l(libshutdown.o)
    0x08000316   0x08000316   0x00000000   Code   RO         1766    .ARM.Collect$$libshutdown$$00000002  c_w.l(libshutdown2.o)
    0x08000316   0x08000316   0x00000000   Code   RO         1768    .ARM.Collect$$libshutdown$$00000004  c_w.l(libshutdown2.o)
    0x08000316   0x08000316   0x00000000   Code   RO         1771    .ARM.Collect$$libshutdown$$00000007  c_w.l(libshutdown2.o)
    0x08000316   0x08000316   0x00000000   Code   RO         1774    .ARM.Collect$$libshutdown$$0000000A  c_w.l(libshutdown2.o)
    0x08000316   0x08000316   0x00000000   Code   RO         1776    .ARM.Collect$$libshutdown$$0000000C  c_w.l(libshutdown2.o)
    0x08000316   0x08000316   0x00000000   Code   RO         1779    .ARM.Collect$$libshutdown$$0000000F  c_w.l(libshutdown2.o)
    0x08000316   0x08000316   0x00000002   Code   RO         1780    .ARM.Collect$$libshutdown$$00000010  c_w.l(libshutdown2.o)
    0x08000318   0x08000318   0x00000000   Code   RO         1654    .ARM.Collect$$rtentry$$00000000  c_w.l(__rtentry.o)
    0x08000318   0x08000318   0x00000000   Code   RO         1656    .ARM.Collect$$rtentry$$00000002  c_w.l(__rtentry2.o)
    0x08000318   0x08000318   0x00000006   Code   RO         1668    .ARM.Collect$$rtentry$$00000004  c_w.l(__rtentry4.o)
    0x0800031e   0x0800031e   0x00000000   Code   RO         1658    .ARM.Collect$$rtentry$$00000009  c_w.l(__rtentry2.o)
    0x0800031e   0x0800031e   0x00000004   Code   RO         1659    .ARM.Collect$$rtentry$$0000000A  c_w.l(__rtentry2.o)
    0x08000322   0x08000322   0x00000000   Code   RO         1661    .ARM.Collect$$rtentry$$0000000C  c_w.l(__rtentry2.o)
    0x08000322   0x08000322   0x00000008   Code   RO         1662    .ARM.Collect$$rtentry$$0000000D  c_w.l(__rtentry2.o)
    0x0800032a   0x0800032a   0x00000002   Code   RO         1683    .ARM.Collect$$rtexit$$00000000  c_w.l(rtexit.o)
    0x0800032c   0x0800032c   0x00000000   Code   RO         1731    .ARM.Collect$$rtexit$$00000002  c_w.l(rtexit2.o)
    0x0800032c   0x0800032c   0x00000004   Code   RO         1732    .ARM.Collect$$rtexit$$00000003  c_w.l(rtexit2.o)
    0x08000330   0x08000330   0x00000006   Code   RO         1733    .ARM.Collect$$rtexit$$00000004  c_w.l(rtexit2.o)
    0x08000336   0x08000336   0x00000002   PAD
    0x08000338   0x08000338   0x00000048   Code   RO            4    .text               startup_stm32h750xx.o
    0x08000380   0x08000380   0x00000044   Code   RO         1646    .text               c_w.l(rt_memclr.o)
    0x080003c4   0x080003c4   0x0000004e   Code   RO         1648    .text               c_w.l(rt_memclr_w.o)
    0x08000412   0x08000412   0x00000006   Code   RO         1650    .text               c_w.l(heapauxi.o)
    0x08000418   0x08000418   0x0000004a   Code   RO         1670    .text               c_w.l(sys_stackheap_outer.o)
    0x08000462   0x08000462   0x00000012   Code   RO         1672    .text               c_w.l(exit.o)
    0x08000474   0x08000474   0x00000008   Code   RO         1680    .text               c_w.l(libspace.o)
    0x0800047c   0x0800047c   0x0000000c   Code   RO         1741    .text               c_w.l(sys_exit.o)
    0x08000488   0x08000488   0x00000002   Code   RO         1756    .text               c_w.l(use_no_semi.o)
    0x0800048a   0x0800048a   0x00000000   Code   RO         1758    .text               c_w.l(indicate_semi.o)
    0x0800048a   0x0800048a   0x00000006   PAD
    0x08000490   0x08000490   0x00000088   Code   RO         1390    .text.AUDIO_AudioCmd_FS  usbd_audio_if.o
    0x08000518   0x08000518   0x00000004   Code   RO         1388    .text.AUDIO_DeInit_FS  usbd_audio_if.o
    0x0800051c   0x0800051c   0x00000004   PAD
    0x08000520   0x08000520   0x00000004   Code   RO         1398    .text.AUDIO_GetState_FS  usbd_audio_if.o
    0x08000524   0x08000524   0x00000004   PAD
    0x08000528   0x08000528   0x00000004   Code   RO         1386    .text.AUDIO_Init_FS  usbd_audio_if.o
    0x0800052c   0x0800052c   0x00000004   PAD
    0x08000530   0x08000530   0x00000004   Code   RO         1394    .text.AUDIO_MuteCtl_FS  usbd_audio_if.o
    0x08000534   0x08000534   0x00000004   PAD
    0x08000538   0x08000538   0x0000006e   Code   RO         1396    .text.AUDIO_PeriodicTC_FS  usbd_audio_if.o
    0x080005a6   0x080005a6   0x00000002   PAD
    0x080005a8   0x080005a8   0x0000003c   Code   RO         1628    .text.AUDIO_REQ_GetCurrent  usbd_audio.o
    0x080005e4   0x080005e4   0x00000004   PAD
    0x080005e8   0x080005e8   0x00000048   Code   RO         1630    .text.AUDIO_REQ_SetCurrent  usbd_audio.o
    0x08000630   0x08000630   0x00000004   Code   RO         1392    .text.AUDIO_VolumeCtl_FS  usbd_audio_if.o
    0x08000634   0x08000634   0x00000004   PAD
    0x08000638   0x08000638   0x00000002   Code   RO           68    .text.BusFault_Handler  stm32h7xx_it.o
    0x0800063a   0x0800063a   0x00000006   PAD
    0x08000640   0x08000640   0x00000010   Code   RO           80    .text.DMA1_Stream0_IRQHandler  stm32h7xx_it.o
    0x08000650   0x08000650   0x0000011c   Code   RO          568    .text.DMA_CalcBaseAndBitshift  stm32h7xx_hal_dma.o
    0x0800076c   0x0800076c   0x00000004   PAD
    0x08000770   0x08000770   0x000000ec   Code   RO          570    .text.DMA_CalcDMAMUXChannelBaseAndMask  stm32h7xx_hal_dma.o
    0x0800085c   0x0800085c   0x00000004   PAD
    0x08000860   0x08000860   0x000000ae   Code   RO          572    .text.DMA_CalcDMAMUXRequestGenBaseAndMask  stm32h7xx_hal_dma.o
    0x0800090e   0x0800090e   0x00000002   PAD
    0x08000910   0x08000910   0x00000050   Code   RO          566    .text.DMA_CheckFifoParam  stm32h7xx_hal_dma.o
    0x08000960   0x08000960   0x000002ee   Code   RO          578    .text.DMA_SetConfig  stm32h7xx_hal_dma.o
    0x08000c4e   0x08000c4e   0x00000002   PAD
    0x08000c50   0x08000c50   0x00000002   Code   RO           74    .text.DebugMon_Handler  stm32h7xx_it.o
    0x08000c52   0x08000c52   0x00000006   PAD
    0x08000c58   0x08000c58   0x0000000a   Code   RO           17    .text.Error_Handler  main.o
    0x08000c62   0x08000c62   0x00000006   PAD
    0x08000c68   0x08000c68   0x0000001a   Code   RO         1324    .text.ExitRun0Mode  system_stm32h7xx.o
    0x08000c82   0x08000c82   0x00000006   PAD
    0x08000c88   0x08000c88   0x00000034   Code   RO         1360    .text.Get_SerialNum  usbd_desc.o
    0x08000cbc   0x08000cbc   0x00000004   PAD
    0x08000cc0   0x08000cc0   0x000005be   Code   RO          582    .text.HAL_DMA_Abort  stm32h7xx_hal_dma.o
    0x0800127e   0x0800127e   0x00000002   PAD
    0x08001280   0x08001280   0x00000004   Code   RO          596    .text.HAL_DMA_GetError  stm32h7xx_hal_dma.o
    0x08001284   0x08001284   0x00000004   PAD
    0x08001288   0x08001288   0x00000ba0   Code   RO          588    .text.HAL_DMA_IRQHandler  stm32h7xx_hal_dma.o
    0x08001e28   0x08001e28   0x0000055c   Code   RO          564    .text.HAL_DMA_Init  stm32h7xx_hal_dma.o
    0x08002384   0x08002384   0x00000004   PAD
    0x08002388   0x08002388   0x00000460   Code   RO          580    .text.HAL_DMA_Start_IT  stm32h7xx_hal_dma.o
    0x080027e8   0x080027e8   0x00000028   Code   RO          910    .text.HAL_Delay     stm32h7xx_hal.o
    0x08002810   0x08002810   0x000001a0   Code   RO          510    .text.HAL_GPIO_Init  stm32h7xx_hal_gpio.o
    0x080029b0   0x080029b0   0x0000000a   Code   RO          516    .text.HAL_GPIO_WritePin  stm32h7xx_hal_gpio.o
    0x080029ba   0x080029ba   0x00000006   PAD
    0x080029c0   0x080029c0   0x0000000e   Code   RO          918    .text.HAL_GetREVID  stm32h7xx_hal.o
    0x080029ce   0x080029ce   0x00000002   PAD
    0x080029d0   0x080029d0   0x0000000c   Code   RO          902    .text.HAL_GetTick   stm32h7xx_hal.o
    0x080029dc   0x080029dc   0x00000004   PAD
    0x080029e0   0x080029e0   0x0000001a   Code   RO          900    .text.HAL_IncTick   stm32h7xx_hal.o
    0x080029fa   0x080029fa   0x00000006   PAD
    0x08002a00   0x08002a00   0x00000064   Code   RO          890    .text.HAL_Init      stm32h7xx_hal.o
    0x08002a64   0x08002a64   0x00000004   PAD
    0x08002a68   0x08002a68   0x00000054   Code   RO          892    .text.HAL_InitTick  stm32h7xx_hal.o
    0x08002abc   0x08002abc   0x00000004   PAD
    0x08002ac0   0x08002ac0   0x0000005e   Code   RO          848    .text.HAL_MPU_ConfigRegion  stm32h7xx_hal_cortex.o
    0x08002b1e   0x08002b1e   0x00000002   PAD
    0x08002b20   0x08002b20   0x0000001a   Code   RO          840    .text.HAL_MPU_Disable  stm32h7xx_hal_cortex.o
    0x08002b3a   0x08002b3a   0x00000006   PAD
    0x08002b40   0x08002b40   0x00000020   Code   RO          842    .text.HAL_MPU_Enable  stm32h7xx_hal_cortex.o
    0x08002b60   0x08002b60   0x00000020   Code   RO           91    .text.HAL_MspInit   stm32h7xx_hal_msp.o
    0x08002b80   0x08002b80   0x00000008   Code   RO          824    .text.HAL_NVIC_EnableIRQ  stm32h7xx_hal_cortex.o
    0x08002b88   0x08002b88   0x0000001e   Code   RO          816    .text.HAL_NVIC_SetPriority  stm32h7xx_hal_cortex.o
    0x08002ba6   0x08002ba6   0x00000002   PAD
    0x08002ba8   0x08002ba8   0x00000008   Code   RO          812    .text.HAL_NVIC_SetPriorityGrouping  stm32h7xx_hal_cortex.o
    0x08002bb0   0x08002bb0   0x00000026   Code   RO          185    .text.HAL_PCDEx_ActivateLPM  stm32h7xx_hal_pcd_ex.o
    0x08002bd6   0x08002bd6   0x00000002   PAD
    0x08002bd8   0x08002bd8   0x00000002   Code   RO          197    .text.HAL_PCDEx_LPM_Callback  stm32h7xx_hal_pcd_ex.o
    0x08002bda   0x08002bda   0x00000006   PAD
    0x08002be0   0x08002be0   0x00000008   Code   RO          183    .text.HAL_PCDEx_SetRxFiFo  stm32h7xx_hal_pcd_ex.o
    0x08002be8   0x08002be8   0x00000050   Code   RO          181    .text.HAL_PCDEx_SetTxFiFo  stm32h7xx_hal_pcd_ex.o
    0x08002c38   0x08002c38   0x0000000c   Code   RO         1433    .text.HAL_PCD_ConnectCallback  usbd_conf.o
    0x08002c44   0x08002c44   0x00000004   PAD
    0x08002c48   0x08002c48   0x00000016   Code   RO         1419    .text.HAL_PCD_DataInStageCallback  usbd_conf.o
    0x08002c5e   0x08002c5e   0x00000002   PAD
    0x08002c60   0x08002c60   0x00000018   Code   RO         1417    .text.HAL_PCD_DataOutStageCallback  usbd_conf.o
    0x08002c78   0x08002c78   0x0000000c   Code   RO         1435    .text.HAL_PCD_DisconnectCallback  usbd_conf.o
    0x08002c84   0x08002c84   0x00000004   PAD
    0x08002c88   0x08002c88   0x00000024   Code   RO          133    .text.HAL_PCD_EP_Abort  stm32h7xx_hal_pcd.o
    0x08002cac   0x08002cac   0x00000004   PAD
    0x08002cb0   0x08002cb0   0x0000004a   Code   RO          151    .text.HAL_PCD_EP_Close  stm32h7xx_hal_pcd.o
    0x08002cfa   0x08002cfa   0x00000006   PAD
    0x08002d00   0x08002d00   0x00000060   Code   RO          161    .text.HAL_PCD_EP_ClrStall  stm32h7xx_hal_pcd.o
    0x08002d60   0x08002d60   0x00000012   Code   RO          155    .text.HAL_PCD_EP_GetRxCount  stm32h7xx_hal_pcd.o
    0x08002d72   0x08002d72   0x00000006   PAD
    0x08002d78   0x08002d78   0x00000064   Code   RO          149    .text.HAL_PCD_EP_Open  stm32h7xx_hal_pcd.o
    0x08002ddc   0x08002ddc   0x00000004   PAD
    0x08002de0   0x08002de0   0x0000003a   Code   RO          153    .text.HAL_PCD_EP_Receive  stm32h7xx_hal_pcd.o
    0x08002e1a   0x08002e1a   0x00000006   PAD
    0x08002e20   0x08002e20   0x0000006c   Code   RO          159    .text.HAL_PCD_EP_SetStall  stm32h7xx_hal_pcd.o
    0x08002e8c   0x08002e8c   0x00000004   PAD
    0x08002e90   0x08002e90   0x0000003e   Code   RO          157    .text.HAL_PCD_EP_Transmit  stm32h7xx_hal_pcd.o
    0x08002ece   0x08002ece   0x00000002   PAD
    0x08002ed0   0x08002ed0   0x00000632   Code   RO          111    .text.HAL_PCD_IRQHandler  stm32h7xx_hal_pcd.o
    0x08003502   0x08003502   0x00000006   PAD
    0x08003508   0x08003508   0x0000000c   Code   RO         1431    .text.HAL_PCD_ISOINIncompleteCallback  usbd_conf.o
    0x08003514   0x08003514   0x00000004   PAD
    0x08003518   0x08003518   0x0000000c   Code   RO         1429    .text.HAL_PCD_ISOOUTIncompleteCallback  usbd_conf.o
    0x08003524   0x08003524   0x00000004   PAD
    0x08003528   0x08003528   0x00000108   Code   RO           99    .text.HAL_PCD_Init  stm32h7xx_hal_pcd.o
    0x08003630   0x08003630   0x000000a8   Code   RO         1411    .text.HAL_PCD_MspInit  usbd_conf.o
    0x080036d8   0x080036d8   0x00000028   Code   RO         1423    .text.HAL_PCD_ResetCallback  usbd_conf.o
    0x08003700   0x08003700   0x0000000c   Code   RO         1427    .text.HAL_PCD_ResumeCallback  usbd_conf.o
    0x0800370c   0x0800370c   0x00000004   PAD
    0x08003710   0x08003710   0x0000000c   Code   RO         1421    .text.HAL_PCD_SOFCallback  usbd_conf.o
    0x0800371c   0x0800371c   0x00000004   PAD
    0x08003720   0x08003720   0x00000026   Code   RO          147    .text.HAL_PCD_SetAddress  stm32h7xx_hal_pcd.o
    0x08003746   0x08003746   0x00000002   PAD
    0x08003748   0x08003748   0x00000012   Code   RO         1415    .text.HAL_PCD_SetupStageCallback  usbd_conf.o
    0x0800375a   0x0800375a   0x00000006   PAD
    0x08003760   0x08003760   0x0000003e   Code   RO          107    .text.HAL_PCD_Start  stm32h7xx_hal_pcd.o
    0x0800379e   0x0800379e   0x00000002   PAD
    0x080037a0   0x080037a0   0x00000034   Code   RO         1425    .text.HAL_PCD_SuspendCallback  usbd_conf.o
    0x080037d4   0x080037d4   0x00000004   PAD
    0x080037d8   0x080037d8   0x00000048   Code   RO          724    .text.HAL_PWREx_ConfigSupply  stm32h7xx_hal_pwr_ex.o
    0x08003820   0x08003820   0x00000012   Code   RO          778    .text.HAL_PWREx_EnableUSBVoltageDetector  stm32h7xx_hal_pwr_ex.o
    0x08003832   0x08003832   0x00000006   PAD
    0x08003838   0x08003838   0x00000026   Code   RO          365    .text.HAL_RCCEx_GetD3PCLK1Freq  stm32h7xx_hal_rcc_ex.o
    0x0800385e   0x0800385e   0x00000002   PAD
    0x08003860   0x08003860   0x00000128   Code   RO          359    .text.HAL_RCCEx_GetPLL1ClockFreq  stm32h7xx_hal_rcc_ex.o
    0x08003988   0x08003988   0x00000124   Code   RO          361    .text.HAL_RCCEx_GetPLL2ClockFreq  stm32h7xx_hal_rcc_ex.o
    0x08003aac   0x08003aac   0x00000004   PAD
    0x08003ab0   0x08003ab0   0x00000124   Code   RO          363    .text.HAL_RCCEx_GetPLL3ClockFreq  stm32h7xx_hal_rcc_ex.o
    0x08003bd4   0x08003bd4   0x00000004   PAD
    0x08003bd8   0x08003bd8   0x00000352   Code   RO          357    .text.HAL_RCCEx_GetPeriphCLKFreq  stm32h7xx_hal_rcc_ex.o
    0x08003f2a   0x08003f2a   0x00000006   PAD
    0x08003f30   0x08003f30   0x00000a10   Code   RO          349    .text.HAL_RCCEx_PeriphCLKConfig  stm32h7xx_hal_rcc_ex.o
    0x08004940   0x08004940   0x00000254   Code   RO          317    .text.HAL_RCC_ClockConfig  stm32h7xx_hal_rcc.o
    0x08004b94   0x08004b94   0x00000004   PAD
    0x08004b98   0x08004b98   0x0000004c   Code   RO          327    .text.HAL_RCC_GetHCLKFreq  stm32h7xx_hal_rcc.o
    0x08004be4   0x08004be4   0x00000004   PAD
    0x08004be8   0x08004be8   0x00000026   Code   RO          329    .text.HAL_RCC_GetPCLK1Freq  stm32h7xx_hal_rcc.o
    0x08004c0e   0x08004c0e   0x00000002   PAD
    0x08004c10   0x08004c10   0x00000108   Code   RO          319    .text.HAL_RCC_GetSysClockFreq  stm32h7xx_hal_rcc.o
    0x08004d18   0x08004d18   0x00000686   Code   RO          315    .text.HAL_RCC_OscConfig  stm32h7xx_hal_rcc.o
    0x0800539e   0x0800539e   0x00000002   PAD
    0x080053a0   0x080053a0   0x000000a0   Code   RO         1257    .text.HAL_SAI_DMAStop  stm32h7xx_hal_sai.o
    0x08005440   0x08005440   0x00000002   Code   RO         1285    .text.HAL_SAI_ErrorCallback  stm32h7xx_hal_sai.o
    0x08005442   0x08005442   0x00000006   PAD
    0x08005448   0x08005448   0x00000006   Code   RO         1297    .text.HAL_SAI_GetState  stm32h7xx_hal_sai.o
    0x0800544e   0x0800544e   0x00000002   PAD
    0x08005450   0x08005450   0x000003f4   Code   RO         1219    .text.HAL_SAI_Init  stm32h7xx_hal_sai.o
    0x08005844   0x08005844   0x00000004   PAD
    0x08005848   0x08005848   0x0000002e   Code   RO         1213    .text.HAL_SAI_InitProtocol  stm32h7xx_hal_sai.o
    0x08005876   0x08005876   0x00000002   PAD
    0x08005878   0x08005878   0x000000f0   Code   RO           47    .text.HAL_SAI_MspInit  sai.o
    0x08005968   0x08005968   0x000000ee   Code   RO         1261    .text.HAL_SAI_Transmit_DMA  stm32h7xx_hal_sai.o
    0x08005a56   0x08005a56   0x00000002   PAD
    0x08005a58   0x08005a58   0x0000001a   Code   RO         1382    .text.HAL_SAI_TxCpltCallback  usbd_audio_if.o
    0x08005a72   0x08005a72   0x00000006   PAD
    0x08005a78   0x08005a78   0x0000001a   Code   RO         1378    .text.HAL_SAI_TxHalfCpltCallback  usbd_audio_if.o
    0x08005a92   0x08005a92   0x00000006   PAD
    0x08005a98   0x08005a98   0x00000008   Code   RO          836    .text.HAL_SYSTICK_Config  stm32h7xx_hal_cortex.o
    0x08005aa0   0x08005aa0   0x00000012   Code   RO         1380    .text.HalfTransfer_CallBack_FS  usbd_audio_if.o
    0x08005ab2   0x08005ab2   0x00000006   PAD
    0x08005ab8   0x08005ab8   0x00000002   Code   RO           64    .text.HardFault_Handler  stm32h7xx_it.o
    0x08005aba   0x08005aba   0x00000006   PAD
    0x08005ac0   0x08005ac0   0x00000036   Code   RO         1362    .text.IntToUnicode  usbd_desc.o
    0x08005af6   0x08005af6   0x00000002   PAD
    0x08005af8   0x08005af8   0x00000036   Code   RO           13    .text.MPU_Config    main.o
    0x08005b2e   0x08005b2e   0x00000002   PAD
    0x08005b30   0x08005b30   0x00000032   Code   RO           36    .text.MX_DMA_Init   dma.o
    0x08005b62   0x08005b62   0x00000006   PAD
    0x08005b68   0x08005b68   0x0000008e   Code   RO           27    .text.MX_GPIO_Init  gpio.o
    0x08005bf6   0x08005bf6   0x00000002   PAD
    0x08005bf8   0x08005bf8   0x00000046   Code   RO           45    .text.MX_SAI1_Init  sai.o
    0x08005c3e   0x08005c3e   0x00000002   PAD
    0x08005c40   0x08005c40   0x0000006a   Code   RO         1337    .text.MX_USB_DEVICE_Init  usb_device.o
    0x08005caa   0x08005caa   0x00000006   PAD
    0x08005cb0   0x08005cb0   0x00000002   Code   RO           66    .text.MemManage_Handler  stm32h7xx_it.o
    0x08005cb2   0x08005cb2   0x00000006   PAD
    0x08005cb8   0x08005cb8   0x00000002   Code   RO           62    .text.NMI_Handler   stm32h7xx_it.o
    0x08005cba   0x08005cba   0x00000006   PAD
    0x08005cc0   0x08005cc0   0x0000002e   Code   RO          822    .text.NVIC_EncodePriority  stm32h7xx_hal_cortex.o
    0x08005cee   0x08005cee   0x00000002   PAD
    0x08005cf0   0x08005cf0   0x00000010   Code   RO           82    .text.OTG_FS_IRQHandler  stm32h7xx_it.o
    0x08005d00   0x08005d00   0x0000004c   Code   RO          115    .text.PCD_EP_OutSetupPacket_int  stm32h7xx_hal_pcd.o
    0x08005d4c   0x08005d4c   0x00000004   PAD
    0x08005d50   0x08005d50   0x000000d8   Code   RO          113    .text.PCD_EP_OutXfrComplete_int  stm32h7xx_hal_pcd.o
    0x08005e28   0x08005e28   0x000000c8   Code   RO          123    .text.PCD_WriteEmptyTxFifo  stm32h7xx_hal_pcd.o
    0x08005ef0   0x08005ef0   0x00000002   Code   RO           76    .text.PendSV_Handler  stm32h7xx_it.o
    0x08005ef2   0x08005ef2   0x00000006   PAD
    0x08005ef8   0x08005ef8   0x0000011e   Code   RO          351    .text.RCCEx_PLL2_Config  stm32h7xx_hal_rcc_ex.o
    0x08006016   0x08006016   0x00000002   PAD
    0x08006018   0x08006018   0x0000011e   Code   RO          353    .text.RCCEx_PLL3_Config  stm32h7xx_hal_rcc_ex.o
    0x08006136   0x08006136   0x00000002   PAD
    0x08006138   0x08006138   0x0000003e   Code   RO         1267    .text.SAI_DMAError  stm32h7xx_hal_sai.o
    0x08006176   0x08006176   0x00000002   PAD
    0x08006178   0x08006178   0x0000003a   Code   RO         1265    .text.SAI_DMATxCplt  stm32h7xx_hal_sai.o
    0x080061b2   0x080061b2   0x00000006   PAD
    0x080061b8   0x080061b8   0x0000000a   Code   RO         1263    .text.SAI_DMATxHalfCplt  stm32h7xx_hal_sai.o
    0x080061c2   0x080061c2   0x00000006   PAD
    0x080061c8   0x080061c8   0x0000004a   Code   RO         1223    .text.SAI_Disable   stm32h7xx_hal_sai.o
    0x08006212   0x08006212   0x00000006   PAD
    0x08006218   0x08006218   0x000000f6   Code   RO         1215    .text.SAI_InitI2S   stm32h7xx_hal_sai.o
    0x0800630e   0x0800630e   0x00000002   PAD
    0x08006310   0x08006310   0x000000ac   Code   RO         1217    .text.SAI_InitPCM   stm32h7xx_hal_sai.o
    0x080063bc   0x080063bc   0x00000004   PAD
    0x080063c0   0x080063c0   0x0000002e   Code   RO         1243    .text.SAI_InterruptFlag  stm32h7xx_hal_sai.o
    0x080063ee   0x080063ee   0x00000002   PAD
    0x080063f0   0x080063f0   0x00000002   Code   RO           72    .text.SVC_Handler   stm32h7xx_it.o
    0x080063f2   0x080063f2   0x00000006   PAD
    0x080063f8   0x080063f8   0x00000004   Code   RO         1563    .text.SWAPBYTE      usbd_ctlreq.o
    0x080063fc   0x080063fc   0x00000004   PAD
    0x08006400   0x08006400   0x0000002e   Code   RO          838    .text.SysTick_Config  stm32h7xx_hal_cortex.o
    0x0800642e   0x0800642e   0x00000002   PAD
    0x08006430   0x08006430   0x00000008   Code   RO           78    .text.SysTick_Handler  stm32h7xx_it.o
    0x08006438   0x08006438   0x000000c2   Code   RO           15    .text.SystemClock_Config  main.o
    0x080064fa   0x080064fa   0x00000006   PAD
    0x08006500   0x08006500   0x000000ee   Code   RO         1320    .text.SystemInit    system_stm32h7xx.o
    0x080065ee   0x080065ee   0x00000002   PAD
    0x080065f0   0x080065f0   0x00000012   Code   RO         1384    .text.TransferComplete_CallBack_FS  usbd_audio_if.o
    0x08006602   0x08006602   0x00000006   PAD
    0x08006608   0x08006608   0x00000004   Code   RO         1610    .text.USBD_AUDIO_DataIn  usbd_audio.o
    0x0800660c   0x0800660c   0x00000004   PAD
    0x08006610   0x08006610   0x000000a0   Code   RO         1612    .text.USBD_AUDIO_DataOut  usbd_audio.o
    0x080066b0   0x080066b0   0x00000048   Code   RO         1602    .text.USBD_AUDIO_DeInit  usbd_audio.o
    0x080066f8   0x080066f8   0x00000042   Code   RO         1608    .text.USBD_AUDIO_EP0_RxReady  usbd_audio.o
    0x0800673a   0x0800673a   0x00000006   PAD
    0x08006740   0x08006740   0x00000004   Code   RO         1606    .text.USBD_AUDIO_EP0_TxReady  usbd_audio.o
    0x08006744   0x08006744   0x00000004   PAD
    0x08006748   0x08006748   0x00000046   Code   RO         1632    .text.USBD_AUDIO_GetAudioHeaderDesc  usbd_audio.o
    0x0800678e   0x0800678e   0x00000002   PAD
    0x08006790   0x08006790   0x00000010   Code   RO         1620    .text.USBD_AUDIO_GetCfgDesc  usbd_audio.o
    0x080067a0   0x080067a0   0x00000010   Code   RO         1622    .text.USBD_AUDIO_GetDeviceQualifierDesc  usbd_audio.o
    0x080067b0   0x080067b0   0x00000086   Code   RO         1600    .text.USBD_AUDIO_Init  usbd_audio.o
    0x08006836   0x08006836   0x00000002   PAD
    0x08006838   0x08006838   0x00000004   Code   RO         1616    .text.USBD_AUDIO_IsoINIncomplete  usbd_audio.o
    0x0800683c   0x0800683c   0x00000004   PAD
    0x08006840   0x08006840   0x00000028   Code   RO         1618    .text.USBD_AUDIO_IsoOutIncomplete  usbd_audio.o
    0x08006868   0x08006868   0x00000016   Code   RO         1626    .text.USBD_AUDIO_RegisterInterface  usbd_audio.o
    0x0800687e   0x0800687e   0x00000002   PAD
    0x08006880   0x08006880   0x00000004   Code   RO         1614    .text.USBD_AUDIO_SOF  usbd_audio.o
    0x08006884   0x08006884   0x00000004   PAD
    0x08006888   0x08006888   0x000000da   Code   RO         1604    .text.USBD_AUDIO_Setup  usbd_audio.o
    0x08006962   0x08006962   0x00000006   PAD
    0x08006968   0x08006968   0x00000092   Code   RO         1624    .text.USBD_AUDIO_Sync  usbd_audio.o
    0x080069fa   0x080069fa   0x00000006   PAD
    0x08006a00   0x08006a00   0x00000012   Code   RO         1497    .text.USBD_ClrClassConfig  usbd_core.o
    0x08006a12   0x08006a12   0x00000006   PAD
    0x08006a18   0x08006a18   0x00000026   Code   RO         1553    .text.USBD_ClrFeature  usbd_ctlreq.o
    0x08006a3e   0x08006a3e   0x00000002   PAD
    0x08006a40   0x08006a40   0x00000004   Code   RO         1505    .text.USBD_CoreFindEP  usbd_core.o
    0x08006a44   0x08006a44   0x00000004   PAD
    0x08006a48   0x08006a48   0x00000004   Code   RO         1503    .text.USBD_CoreFindIF  usbd_core.o
    0x08006a4c   0x08006a4c   0x00000004   PAD
    0x08006a50   0x08006a50   0x00000010   Code   RO         1584    .text.USBD_CtlContinueRx  usbd_ioreq.o
    0x08006a60   0x08006a60   0x00000010   Code   RO         1580    .text.USBD_CtlContinueSendData  usbd_ioreq.o
    0x08006a70   0x08006a70   0x00000014   Code   RO         1555    .text.USBD_CtlError  usbd_ctlreq.o
    0x08006a84   0x08006a84   0x00000004   PAD
    0x08006a88   0x08006a88   0x0000001e   Code   RO         1582    .text.USBD_CtlPrepareRx  usbd_ioreq.o
    0x08006aa6   0x08006aa6   0x00000002   PAD
    0x08006aa8   0x08006aa8   0x00000016   Code   RO         1588    .text.USBD_CtlReceiveStatus  usbd_ioreq.o
    0x08006abe   0x08006abe   0x00000002   PAD
    0x08006ac0   0x08006ac0   0x0000001a   Code   RO         1578    .text.USBD_CtlSendData  usbd_ioreq.o
    0x08006ada   0x08006ada   0x00000006   PAD
    0x08006ae0   0x08006ae0   0x00000016   Code   RO         1586    .text.USBD_CtlSendStatus  usbd_ioreq.o
    0x08006af6   0x08006af6   0x00000002   PAD
    0x08006af8   0x08006af8   0x00000028   Code   RO         1356    .text.USBD_FS_ConfigStrDescriptor  usbd_desc.o
    0x08006b20   0x08006b20   0x0000000e   Code   RO         1346    .text.USBD_FS_DeviceDescriptor  usbd_desc.o
    0x08006b2e   0x08006b2e   0x00000002   PAD
    0x08006b30   0x08006b30   0x00000028   Code   RO         1358    .text.USBD_FS_InterfaceStrDescriptor  usbd_desc.o
    0x08006b58   0x08006b58   0x0000000e   Code   RO         1348    .text.USBD_FS_LangIDStrDescriptor  usbd_desc.o
    0x08006b66   0x08006b66   0x00000002   PAD
    0x08006b68   0x08006b68   0x00000024   Code   RO         1350    .text.USBD_FS_ManufacturerStrDescriptor  usbd_desc.o
    0x08006b8c   0x08006b8c   0x00000004   PAD
    0x08006b90   0x08006b90   0x00000024   Code   RO         1352    .text.USBD_FS_ProductStrDescriptor  usbd_desc.o
    0x08006bb4   0x08006bb4   0x00000004   PAD
    0x08006bb8   0x08006bb8   0x00000014   Code   RO         1354    .text.USBD_FS_SerialStrDescriptor  usbd_desc.o
    0x08006bcc   0x08006bcc   0x00000004   PAD
    0x08006bd0   0x08006bd0   0x00000030   Code   RO         1547    .text.USBD_GetConfig  usbd_ctlreq.o
    0x08006c00   0x08006c00   0x00000118   Code   RO         1541    .text.USBD_GetDescriptor  usbd_ctlreq.o
    0x08006d18   0x08006d18   0x0000001c   Code   RO         1567    .text.USBD_GetLen   usbd_ctlreq.o
    0x08006d34   0x08006d34   0x00000004   PAD
    0x08006d38   0x08006d38   0x0000000c   Code   RO         1529    .text.USBD_GetNextDesc  usbd_core.o
    0x08006d44   0x08006d44   0x00000004   PAD
    0x08006d48   0x08006d48   0x00000032   Code   RO         1549    .text.USBD_GetStatus  usbd_ctlreq.o
    0x08006d7a   0x08006d7a   0x00000006   PAD
    0x08006d80   0x08006d80   0x00000042   Code   RO         1565    .text.USBD_GetString  usbd_ctlreq.o
    0x08006dc2   0x08006dc2   0x00000006   PAD
    0x08006dc8   0x08006dc8   0x0000001a   Code   RO         1441    .text.USBD_Get_USB_Status  usbd_conf.o
    0x08006de2   0x08006de2   0x00000006   PAD
    0x08006de8   0x08006de8   0x0000002c   Code   RO         1483    .text.USBD_Init     usbd_core.o
    0x08006e14   0x08006e14   0x00000004   PAD
    0x08006e18   0x08006e18   0x00000010   Code   RO         1455    .text.USBD_LL_ClearStallEP  usbd_conf.o
    0x08006e28   0x08006e28   0x00000010   Code   RO         1449    .text.USBD_LL_CloseEP  usbd_conf.o
    0x08006e38   0x08006e38   0x000000b0   Code   RO         1507    .text.USBD_LL_DataInStage  usbd_core.o
    0x08006ee8   0x08006ee8   0x00000078   Code   RO         1501    .text.USBD_LL_DataOutStage  usbd_core.o
    0x08006f60   0x08006f60   0x00000004   Code   RO         1523    .text.USBD_LL_DevConnected  usbd_core.o
    0x08006f64   0x08006f64   0x00000004   PAD
    0x08006f68   0x08006f68   0x00000020   Code   RO         1525    .text.USBD_LL_DevDisconnected  usbd_core.o
    0x08006f88   0x08006f88   0x0000000c   Code   RO         1465    .text.USBD_LL_GetRxDataSize  usbd_conf.o
    0x08006f94   0x08006f94   0x00000004   PAD
    0x08006f98   0x08006f98   0x0000006c   Code   RO         1437    .text.USBD_LL_Init  usbd_conf.o
    0x08007004   0x08007004   0x00000004   PAD
    0x08007008   0x08007008   0x00000020   Code   RO         1457    .text.USBD_LL_IsStallEP  usbd_conf.o
    0x08007028   0x08007028   0x00000026   Code   RO         1519    .text.USBD_LL_IsoINIncomplete  usbd_core.o
    0x0800704e   0x0800704e   0x00000002   PAD
    0x08007050   0x08007050   0x00000026   Code   RO         1521    .text.USBD_LL_IsoOUTIncomplete  usbd_core.o
    0x08007076   0x08007076   0x00000002   PAD
    0x08007078   0x08007078   0x00000016   Code   RO         1447    .text.USBD_LL_OpenEP  usbd_conf.o
    0x0800708e   0x0800708e   0x00000002   PAD
    0x08007090   0x08007090   0x00000010   Code   RO         1463    .text.USBD_LL_PrepareReceive  usbd_conf.o
    0x080070a0   0x080070a0   0x00000064   Code   RO         1509    .text.USBD_LL_Reset  usbd_core.o
    0x08007104   0x08007104   0x00000004   PAD
    0x08007108   0x08007108   0x00000014   Code   RO         1515    .text.USBD_LL_Resume  usbd_core.o
    0x0800711c   0x0800711c   0x00000004   PAD
    0x08007120   0x08007120   0x0000001a   Code   RO         1517    .text.USBD_LL_SOF   usbd_core.o
    0x0800713a   0x0800713a   0x00000006   PAD
    0x08007140   0x08007140   0x00000008   Code   RO         1511    .text.USBD_LL_SetSpeed  usbd_core.o
    0x08007148   0x08007148   0x00000010   Code   RO         1459    .text.USBD_LL_SetUSBAddress  usbd_conf.o
    0x08007158   0x08007158   0x00000058   Code   RO         1499    .text.USBD_LL_SetupStage  usbd_core.o
    0x080071b0   0x080071b0   0x00000010   Code   RO         1453    .text.USBD_LL_StallEP  usbd_conf.o
    0x080071c0   0x080071c0   0x00000010   Code   RO         1443    .text.USBD_LL_Start  usbd_conf.o
    0x080071d0   0x080071d0   0x0000001c   Code   RO         1513    .text.USBD_LL_Suspend  usbd_core.o
    0x080071ec   0x080071ec   0x00000004   PAD
    0x080071f0   0x080071f0   0x00000010   Code   RO         1461    .text.USBD_LL_Transmit  usbd_conf.o
    0x08007200   0x08007200   0x00000028   Code   RO         1561    .text.USBD_ParseSetupRequest  usbd_ctlreq.o
    0x08007228   0x08007228   0x00000044   Code   RO         1487    .text.USBD_RegisterClass  usbd_core.o
    0x0800726c   0x0800726c   0x00000004   PAD
    0x08007270   0x08007270   0x00000046   Code   RO         1543    .text.USBD_SetAddress  usbd_ctlreq.o
    0x080072b6   0x080072b6   0x00000002   PAD
    0x080072b8   0x080072b8   0x00000012   Code   RO         1495    .text.USBD_SetClassConfig  usbd_core.o
    0x080072ca   0x080072ca   0x00000006   PAD
    0x080072d0   0x080072d0   0x000000b8   Code   RO         1545    .text.USBD_SetConfig  usbd_ctlreq.o
    0x08007388   0x08007388   0x0000002a   Code   RO         1551    .text.USBD_SetFeature  usbd_ctlreq.o
    0x080073b2   0x080073b2   0x00000006   PAD
    0x080073b8   0x080073b8   0x00000008   Code   RO         1489    .text.USBD_Start    usbd_core.o
    0x080073c0   0x080073c0   0x00000076   Code   RO         1539    .text.USBD_StdDevReq  usbd_ctlreq.o
    0x08007436   0x08007436   0x00000002   PAD
    0x08007438   0x08007438   0x00000184   Code   RO         1559    .text.USBD_StdEPReq  usbd_ctlreq.o
    0x080075bc   0x080075bc   0x00000004   PAD
    0x080075c0   0x080075c0   0x0000007c   Code   RO         1557    .text.USBD_StdItfReq  usbd_ctlreq.o
    0x0800763c   0x0800763c   0x00000004   PAD
    0x08007640   0x08007640   0x00000002   Code   RO         1469    .text.USBD_static_free  usbd_conf.o
    0x08007642   0x08007642   0x00000006   PAD
    0x08007648   0x08007648   0x0000000a   Code   RO         1467    .text.USBD_static_malloc  usbd_conf.o
    0x08007652   0x08007652   0x00000006   PAD
    0x08007658   0x08007658   0x00000094   Code   RO          231    .text.USB_ActivateEndpoint  stm32h7xx_ll_usb.o
    0x080076ec   0x080076ec   0x00000004   PAD
    0x080076f0   0x080076f0   0x00000020   Code   RO          273    .text.USB_ActivateSetup  stm32h7xx_ll_usb.o
    0x08007710   0x08007710   0x0000009a   Code   RO          207    .text.USB_CoreInit  stm32h7xx_ll_usb.o
    0x080077aa   0x080077aa   0x00000006   PAD
    0x080077b0   0x080077b0   0x0000004c   Code   RO          209    .text.USB_CoreReset  stm32h7xx_ll_usb.o
    0x080077fc   0x080077fc   0x00000004   PAD
    0x08007800   0x08007800   0x0000008e   Code   RO          235    .text.USB_DeactivateEndpoint  stm32h7xx_ll_usb.o
    0x0800788e   0x0800788e   0x00000002   PAD
    0x08007890   0x08007890   0x0000001e   Code   RO          255    .text.USB_DevConnect  stm32h7xx_ll_usb.o
    0x080078ae   0x080078ae   0x00000002   PAD
    0x080078b0   0x080078b0   0x0000001e   Code   RO          257    .text.USB_DevDisconnect  stm32h7xx_ll_usb.o
    0x080078ce   0x080078ce   0x00000002   PAD
    0x080078d0   0x080078d0   0x00000166   Code   RO          221    .text.USB_DevInit   stm32h7xx_ll_usb.o
    0x08007a36   0x08007a36   0x00000002   PAD
    0x08007a38   0x08007a38   0x0000000e   Code   RO          215    .text.USB_DisableGlobalInt  stm32h7xx_ll_usb.o
    0x08007a46   0x08007a46   0x00000002   PAD
    0x08007a48   0x08007a48   0x0000005a   Code   RO          275    .text.USB_EP0_OutStart  stm32h7xx_ll_usb.o
    0x08007aa2   0x08007aa2   0x00000006   PAD
    0x08007aa8   0x08007aa8   0x00000050   Code   RO          249    .text.USB_EPClearStall  stm32h7xx_ll_usb.o
    0x08007af8   0x08007af8   0x0000004a   Code   RO          247    .text.USB_EPSetStall  stm32h7xx_ll_usb.o
    0x08007b42   0x08007b42   0x00000006   PAD
    0x08007b48   0x08007b48   0x000001e2   Code   RO          239    .text.USB_EPStartXfer  stm32h7xx_ll_usb.o
    0x08007d2a   0x08007d2a   0x00000006   PAD
    0x08007d30   0x08007d30   0x00000086   Code   RO          243    .text.USB_EPStopXfer  stm32h7xx_ll_usb.o
    0x08007db6   0x08007db6   0x00000002   PAD
    0x08007db8   0x08007db8   0x0000000e   Code   RO          213    .text.USB_EnableGlobalInt  stm32h7xx_ll_usb.o
    0x08007dc6   0x08007dc6   0x00000002   PAD
    0x08007dc8   0x08007dc8   0x00000048   Code   RO          227    .text.USB_FlushRxFifo  stm32h7xx_ll_usb.o
    0x08007e10   0x08007e10   0x00000048   Code   RO          225    .text.USB_FlushTxFifo  stm32h7xx_ll_usb.o
    0x08007e58   0x08007e58   0x0000001a   Code   RO          229    .text.USB_GetDevSpeed  stm32h7xx_ll_usb.o
    0x08007e72   0x08007e72   0x00000006   PAD
    0x08007e78   0x08007e78   0x00000008   Code   RO          219    .text.USB_GetMode   stm32h7xx_ll_usb.o
    0x08007e80   0x08007e80   0x0000000e   Code   RO          265    .text.USB_ReadDevAllInEpInterrupt  stm32h7xx_ll_usb.o
    0x08007e8e   0x08007e8e   0x00000002   PAD
    0x08007e90   0x08007e90   0x0000000e   Code   RO          263    .text.USB_ReadDevAllOutEpInterrupt  stm32h7xx_ll_usb.o
    0x08007e9e   0x08007e9e   0x00000002   PAD
    0x08007ea0   0x08007ea0   0x00000024   Code   RO          269    .text.USB_ReadDevInEPInterrupt  stm32h7xx_ll_usb.o
    0x08007ec4   0x08007ec4   0x00000004   PAD
    0x08007ec8   0x08007ec8   0x00000010   Code   RO          267    .text.USB_ReadDevOutEPInterrupt  stm32h7xx_ll_usb.o
    0x08007ed8   0x08007ed8   0x00000008   Code   RO          259    .text.USB_ReadInterrupts  stm32h7xx_ll_usb.o
    0x08007ee0   0x08007ee0   0x0000004e   Code   RO          245    .text.USB_ReadPacket  stm32h7xx_ll_usb.o
    0x08007f2e   0x08007f2e   0x00000002   PAD
    0x08007f30   0x08007f30   0x00000068   Code   RO          217    .text.USB_SetCurrentMode  stm32h7xx_ll_usb.o
    0x08007f98   0x08007f98   0x00000022   Code   RO          253    .text.USB_SetDevAddress  stm32h7xx_ll_usb.o
    0x08007fba   0x08007fba   0x00000006   PAD
    0x08007fc0   0x08007fc0   0x00000010   Code   RO          223    .text.USB_SetDevSpeed  stm32h7xx_ll_usb.o
    0x08007fd0   0x08007fd0   0x00000116   Code   RO          211    .text.USB_SetTurnaroundTime  stm32h7xx_ll_usb.o
    0x080080e6   0x080080e6   0x00000002   PAD
    0x080080e8   0x080080e8   0x00000034   Code   RO          241    .text.USB_WritePacket  stm32h7xx_ll_usb.o
    0x0800811c   0x0800811c   0x00000004   PAD
    0x08008120   0x08008120   0x00000002   Code   RO           70    .text.UsageFault_Handler  stm32h7xx_it.o
    0x08008122   0x08008122   0x00000006   PAD
    0x08008128   0x08008128   0x00000020   Code   RO          826    .text.__NVIC_EnableIRQ  stm32h7xx_hal_cortex.o
    0x08008148   0x08008148   0x00000010   Code   RO          818    .text.__NVIC_GetPriorityGrouping  stm32h7xx_hal_cortex.o
    0x08008158   0x08008158   0x00000022   Code   RO          820    .text.__NVIC_SetPriority  stm32h7xx_hal_cortex.o
    0x0800817a   0x0800817a   0x00000006   PAD
    0x08008180   0x08008180   0x00000020   Code   RO          814    .text.__NVIC_SetPriorityGrouping  stm32h7xx_hal_cortex.o
    0x080081a0   0x080081a0   0x00000026   Code   RO           11    .text.main          main.o
    0x080081c6   0x080081c6   0x0000001a   Code   RO         1739    x$fpl$fpinit        fz_wv.l(fpinit.o)
    0x080081e0   0x080081e0   0x00000010   Data   RO         1328    .rodata.D1CorePrescTable  system_stm32h7xx.o
    0x080081f0   0x080081f0   0x00000020   Data   RO         1814    Region$$Table       anon$$obj.o


    Execution Region RW_IRAM1 (Exec base: 0x20000000, Load base: 0x08008210, Size: 0x00000000, Max: 0x00020000, ABSOLUTE)

    **** No section assigned to this execution region ****


    Execution Region RW_IRAM2 (Exec base: 0x24000000, Load base: 0x08008210, Size: 0x000110c8, Max: 0x00080000, ABSOLUTE)

    Exec Addr    Load Addr    Size         Type   Attr      Idx    E Section Name        Object

    0x24000000   0x08008210   0x00000020   Data   RW         1364    .data.FS_Desc       usbd_desc.o
    0x24000020   0x08008230   0x00000004   Data   RW         1326    .data.SystemCoreClock  system_stm32h7xx.o
    0x24000024   0x08008234   0x00000004   Data   RW         1327    .data.SystemD2Clock  system_stm32h7xx.o
    0x24000028   0x08008238   0x00000038   Data   RW         1634    .data.USBD_AUDIO    usbd_audio.o
    0x24000060   0x08008270   0x0000006d   Data   RW         1635    .data.USBD_AUDIO_CfgDesc  usbd_audio.o
    0x240000cd   0x080082dd   0x00000003   PAD
    0x240000d0   0x080082e0   0x0000000a   Data   RW         1636    .data.USBD_AUDIO_DeviceQualifierDesc  usbd_audio.o
    0x240000da   0x080082ea   0x00000002   PAD
    0x240000dc   0x080082ec   0x0000001c   Data   RW         1400    .data.USBD_AUDIO_fops_FS  usbd_audio_if.o
    0x240000f8   0x08008308   0x00000012   Data   RW         1365    .data.USBD_FS_DeviceDesc  usbd_desc.o
    0x2400010a   0x0800831a   0x00000002   PAD
    0x2400010c   0x0800831c   0x00000004   Data   RW         1367    .data.USBD_LangIDDesc  usbd_desc.o
    0x24000110   0x08008320   0x0000001a   Data   RW         1368    .data.USBD_StringSerial  usbd_desc.o
    0x2400012a   0x0800833a   0x00000001   Data   RW          987    .data.uwTickFreq    stm32h7xx_hal.o
    0x2400012b   0x0800833b   0x00000001   PAD
    0x2400012c   0x0800833c   0x00000004   Data   RW          986    .data.uwTickPrio    stm32h7xx_hal.o
    0x24000130        -       0x00000060   Zero   RW         1681    .bss                c_w.l(libspace.o)
    0x24000190        -       0x00000004   Zero   RW           52    .bss.SAI1_client    sai.o
    0x24000194        -       0x00000001   Zero   RW         1569    .bss.USBD_SetConfig.cfgidx  usbd_ctlreq.o
    0x24000195   0x08008340   0x00000003   PAD
    0x24000198        -       0x00000200   Zero   RW         1369    .bss.USBD_StrDesc   usbd_desc.o
    0x24000398        -       0x00003c54   Zero   RW         1474    .bss.USBD_static_malloc.mem  usbd_conf.o
    0x24003fec        -       0x00007800   Zero   RW         1401    .bss.dma_buffer     usbd_audio_if.o
    0x2400b7ec        -       0x00000004   Zero   RW         1402    .bss.dma_wr_ptr     usbd_audio_if.o
    0x2400b7f0        -       0x000002dc   Zero   RW         1339    .bss.hUsbDeviceFS   usb_device.o
    0x2400bacc        -       0x00000078   Zero   RW           53    .bss.hdma_sai1_a    sai.o
    0x2400bb44        -       0x000004e4   Zero   RW         1473    .bss.hpcd_USB_OTG_FS  usbd_conf.o
    0x2400c028        -       0x00000098   Zero   RW           51    .bss.hsai_BlockA1   sai.o
    0x2400c0c0        -       0x00000004   Zero   RW          988    .bss.uwTick         stm32h7xx_hal.o
    0x2400c0c4   0x08008340   0x00000004   PAD
    0x2400c0c8        -       0x00004000   Zero   RW            2    HEAP                startup_stm32h750xx.o
    0x240100c8        -       0x00001000   Zero   RW            1    STACK               startup_stm32h750xx.o


==============================================================================

Image component sizes


      Code (inc. data)   RO Data    RW Data    ZI Data      Debug   Object Name

        50          0          0          0          0       5308   dma.o
       142          0          0          0          0       2937   gpio.o
       296          0          0          0          0       3498   main.o
       310          0          0          0        276       8486   sai.o
        72         30        664          0      20480        828   startup_stm32h750xx.o
       276          0          0          5          4      14981   stm32h7xx_hal.o
       412          0          0          0          0      12978   stm32h7xx_hal_cortex.o
      8466         12          0          0          0      17930   stm32h7xx_hal_dma.o
       426          0          0          0          0       6987   stm32h7xx_hal_gpio.o
        32          0          0          0          0       2199   stm32h7xx_hal_msp.o
      2994          0          0          0          0      15868   stm32h7xx_hal_pcd.o
       128          0          0          0          0       5882   stm32h7xx_hal_pcd_ex.o
        90          0          0          0          0      10590   stm32h7xx_hal_pwr_ex.o
      2644         16          0          0          0      11428   stm32h7xx_hal_rcc.o
      4916        192          0          0          0      17629   stm32h7xx_hal_rcc_ex.o
      2132         58          0          0          0      19200   stm32h7xx_hal_sai.o
        56          0          0          0          0       1754   stm32h7xx_it.o
      2686          0          0          0          0      25026   stm32h7xx_ll_usb.o
       264          0         16          8          0       6202   system_stm32h7xx.o
       106          0          0          0        732       3110   usb_device.o
      1108         12          0        175          0      10070   usbd_audio.o
       354          0          0         28      30724       8080   usbd_audio_if.o
       720          0          0          0      16696      21184   usbd_conf.o
       854          0          0          0          0      10190   usbd_core.o
      1500         32          0          0          1      10397   usbd_ctlreq.o
       306         56          0         80        512       3563   usbd_desc.o
       132          0          0          0          0       4686   usbd_ioreq.o

    ----------------------------------------------------------------------
     32126        432        712        304      69432     260991   Object Totals
         0          0         32          0          0          0   (incl. Generated)
       654         24          0          8          7          0   (incl. Padding)

    ----------------------------------------------------------------------

      Code (inc. data)   RO Data    RW Data    ZI Data      Debug   Library Member Name

         8          0          0          0          0         68   __main.o
         0          0          0          0          0          0   __rtentry.o
        12          0          0          0          0          0   __rtentry2.o
         6          0          0          0          0          0   __rtentry4.o
        52          8          0          0          0          0   __scatter.o
        26          0          0          0          0          0   __scatter_copy.o
        28          0          0          0          0          0   __scatter_zi.o
        18          0          0          0          0         80   exit.o
         6          0          0          0          0        152   heapauxi.o
         0          0          0          0          0          0   indicate_semi.o
         2          0          0          0          0          0   libinit.o
         6          0          0          0          0          0   libinit2.o
         2          0          0          0          0          0   libshutdown.o
         2          0          0          0          0          0   libshutdown2.o
         8          4          0          0         96         68   libspace.o
        68          0          0          0          0         68   rt_memclr.o
        78          0          0          0          0         80   rt_memclr_w.o
         2          0          0          0          0          0   rtexit.o
        10          0          0          0          0          0   rtexit2.o
        12          4          0          0          0         68   sys_exit.o
        74          0          0          0          0         80   sys_stackheap_outer.o
         2          0          0          0          0         68   use_no_semi.o
        26          0          0          0          0        116   fpinit.o

    ----------------------------------------------------------------------
       458         16          0          0         96        848   Library Totals
        10          0          0          0          0          0   (incl. Padding)

    ----------------------------------------------------------------------

      Code (inc. data)   RO Data    RW Data    ZI Data      Debug   Library Name

       422         16          0          0         96        732   c_w.l
        26          0          0          0          0        116   fz_wv.l

    ----------------------------------------------------------------------
       458         16          0          0         96        848   Library Totals

    ----------------------------------------------------------------------

==============================================================================


      Code (inc. data)   RO Data    RW Data    ZI Data      Debug   

     32584        448        712        304      69528     261079   Grand Totals
     32584        448        712        304      69528     261079   ELF Image Totals
     32584        448        712        304          0          0   ROM Totals

==============================================================================

    Total RO  Size (Code + RO Data)                33296 (  32.52kB)
    Total RW  Size (RW Data + ZI Data)             69832 (  68.20kB)
    Total ROM Size (Code + RO Data + RW Data)      33600 (  32.81kB)

==============================================================================

