Archive member included to satisfy reference by file (symbol)

/usr/lib/gcc/arm-none-eabi/10.3.1/../../../arm-none-eabi/lib/thumb/v7e-m+dp/hard/libg_nano.a(lib_a-atexit.o)
                              /usr/lib/gcc/arm-none-eabi/10.3.1/../../../arm-none-eabi/lib/thumb/v7e-m+dp/hard/crt0.o (atexit)
/usr/lib/gcc/arm-none-eabi/10.3.1/../../../arm-none-eabi/lib/thumb/v7e-m+dp/hard/libg_nano.a(lib_a-errno.o)
                              CMakeFiles/uac_test.dir/Core/Src/sysmem.c.obj (__errno)
/usr/lib/gcc/arm-none-eabi/10.3.1/../../../arm-none-eabi/lib/thumb/v7e-m+dp/hard/libg_nano.a(lib_a-exit.o)
                              /usr/lib/gcc/arm-none-eabi/10.3.1/../../../arm-none-eabi/lib/thumb/v7e-m+dp/hard/crt0.o (exit)
/usr/lib/gcc/arm-none-eabi/10.3.1/../../../arm-none-eabi/lib/thumb/v7e-m+dp/hard/libg_nano.a(lib_a-fini.o)
                              /usr/lib/gcc/arm-none-eabi/10.3.1/../../../arm-none-eabi/lib/thumb/v7e-m+dp/hard/crt0.o (__libc_fini_array)
/usr/lib/gcc/arm-none-eabi/10.3.1/../../../arm-none-eabi/lib/thumb/v7e-m+dp/hard/libg_nano.a(lib_a-impure.o)
                              /usr/lib/gcc/arm-none-eabi/10.3.1/../../../arm-none-eabi/lib/thumb/v7e-m+dp/hard/libg_nano.a(lib_a-exit.o) (_global_impure_ptr)
/usr/lib/gcc/arm-none-eabi/10.3.1/../../../arm-none-eabi/lib/thumb/v7e-m+dp/hard/libg_nano.a(lib_a-init.o)
                              /usr/lib/gcc/arm-none-eabi/10.3.1/../../../arm-none-eabi/lib/thumb/v7e-m+dp/hard/crt0.o (__libc_init_array)
/usr/lib/gcc/arm-none-eabi/10.3.1/../../../arm-none-eabi/lib/thumb/v7e-m+dp/hard/libg_nano.a(lib_a-memset.o)
                              /usr/lib/gcc/arm-none-eabi/10.3.1/../../../arm-none-eabi/lib/thumb/v7e-m+dp/hard/crt0.o (memset)
/usr/lib/gcc/arm-none-eabi/10.3.1/../../../arm-none-eabi/lib/thumb/v7e-m+dp/hard/libg_nano.a(lib_a-__atexit.o)
                              /usr/lib/gcc/arm-none-eabi/10.3.1/../../../arm-none-eabi/lib/thumb/v7e-m+dp/hard/libg_nano.a(lib_a-atexit.o) (__register_exitproc)
/usr/lib/gcc/arm-none-eabi/10.3.1/../../../arm-none-eabi/lib/thumb/v7e-m+dp/hard/libg_nano.a(lib_a-__call_atexit.o)
                              /usr/lib/gcc/arm-none-eabi/10.3.1/../../../arm-none-eabi/lib/thumb/v7e-m+dp/hard/libg_nano.a(lib_a-__atexit.o) (__call_exitprocs)

Discarded input sections

 .text          0x0000000000000000        0x0 /usr/lib/gcc/arm-none-eabi/10.3.1/thumb/v7e-m+dp/hard/crti.o
 .data          0x0000000000000000        0x0 /usr/lib/gcc/arm-none-eabi/10.3.1/thumb/v7e-m+dp/hard/crti.o
 .bss           0x0000000000000000        0x0 /usr/lib/gcc/arm-none-eabi/10.3.1/thumb/v7e-m+dp/hard/crti.o
 .data          0x0000000000000000        0x4 /usr/lib/gcc/arm-none-eabi/10.3.1/thumb/v7e-m+dp/hard/crtbegin.o
 .rodata        0x0000000000000000       0x24 /usr/lib/gcc/arm-none-eabi/10.3.1/thumb/v7e-m+dp/hard/crtbegin.o
 .text          0x0000000000000000       0x70 /usr/lib/gcc/arm-none-eabi/10.3.1/../../../arm-none-eabi/lib/thumb/v7e-m+dp/hard/crt0.o
 .data          0x0000000000000000        0x0 /usr/lib/gcc/arm-none-eabi/10.3.1/../../../arm-none-eabi/lib/thumb/v7e-m+dp/hard/crt0.o
 .bss           0x0000000000000000        0x0 /usr/lib/gcc/arm-none-eabi/10.3.1/../../../arm-none-eabi/lib/thumb/v7e-m+dp/hard/crt0.o
 .ARM.extab     0x0000000000000000        0x0 /usr/lib/gcc/arm-none-eabi/10.3.1/../../../arm-none-eabi/lib/thumb/v7e-m+dp/hard/crt0.o
 .ARM.exidx     0x0000000000000000       0x10 /usr/lib/gcc/arm-none-eabi/10.3.1/../../../arm-none-eabi/lib/thumb/v7e-m+dp/hard/crt0.o
 .debug_line    0x0000000000000000       0x87 /usr/lib/gcc/arm-none-eabi/10.3.1/../../../arm-none-eabi/lib/thumb/v7e-m+dp/hard/crt0.o
 .debug_info    0x0000000000000000       0x26 /usr/lib/gcc/arm-none-eabi/10.3.1/../../../arm-none-eabi/lib/thumb/v7e-m+dp/hard/crt0.o
 .debug_abbrev  0x0000000000000000       0x14 /usr/lib/gcc/arm-none-eabi/10.3.1/../../../arm-none-eabi/lib/thumb/v7e-m+dp/hard/crt0.o
 .debug_aranges
                0x0000000000000000       0x20 /usr/lib/gcc/arm-none-eabi/10.3.1/../../../arm-none-eabi/lib/thumb/v7e-m+dp/hard/crt0.o
 .debug_str     0x0000000000000000       0x98 /usr/lib/gcc/arm-none-eabi/10.3.1/../../../arm-none-eabi/lib/thumb/v7e-m+dp/hard/crt0.o
 .ARM.attributes
                0x0000000000000000       0x1c /usr/lib/gcc/arm-none-eabi/10.3.1/../../../arm-none-eabi/lib/thumb/v7e-m+dp/hard/crt0.o
 .group         0x0000000000000000        0xc cmake/stm32cubemx/CMakeFiles/STM32_Drivers.dir/__/__/Core/Src/system_stm32h7xx.c.obj
 .group         0x0000000000000000        0xc cmake/stm32cubemx/CMakeFiles/STM32_Drivers.dir/__/__/Core/Src/system_stm32h7xx.c.obj
 .group         0x0000000000000000        0xc cmake/stm32cubemx/CMakeFiles/STM32_Drivers.dir/__/__/Core/Src/system_stm32h7xx.c.obj
 .group         0x0000000000000000        0xc cmake/stm32cubemx/CMakeFiles/STM32_Drivers.dir/__/__/Core/Src/system_stm32h7xx.c.obj
 .group         0x0000000000000000        0xc cmake/stm32cubemx/CMakeFiles/STM32_Drivers.dir/__/__/Core/Src/system_stm32h7xx.c.obj
[...]
Memory Configuration

Name             Origin             Length             Attributes
DTCMRAM          0x0000000020000000 0x0000000000020000 xrw
RAM              0x0000000024000000 0x0000000000080000 xrw
RAM_D2           0x0000000030000000 0x0000000000048000 xrw
RAM_D3           0x0000000038000000 0x0000000000010000 xrw
ITCMRAM          0x0000000000000000 0x0000000000010000 xrw
FLASH            0x0000000008000000 0x0000000000020000 xr
*default*        0x0000000000000000 0xffffffffffffffff

Linker script and memory map

LOAD /usr/lib/gcc/arm-none-eabi/10.3.1/thumb/v7e-m+dp/hard/crti.o
LOAD /usr/lib/gcc/arm-none-eabi/10.3.1/thumb/v7e-m+dp/hard/crtbegin.o
LOAD /usr/lib/gcc/arm-none-eabi/10.3.1/../../../arm-none-eabi/lib/thumb/v7e-m+dp/hard/crt0.o
LOAD cmake/stm32cubemx/CMakeFiles/STM32_Drivers.dir/__/__/Core/Src/system_stm32h7xx.c.obj
LOAD cmake/stm32cubemx/CMakeFiles/STM32_Drivers.dir/__/__/Drivers/STM32H7xx_HAL_Driver/Src/stm32h7xx_hal_pcd.c.obj
LOAD cmake/stm32cubemx/CMakeFiles/STM32_Drivers.dir/__/__/Drivers/STM32H7xx_HAL_Driver/Src/stm32h7xx_hal_pcd_ex.c.obj
LOAD cmake/stm32cubemx/CMakeFiles/STM32_Drivers.dir/__/__/Drivers/STM32H7xx_HAL_Driver/Src/stm32h7xx_ll_usb.c.obj
LOAD cmake/stm32cubemx/CMakeFiles/STM32_Drivers.dir/__/__/Drivers/STM32H7xx_HAL_Driver/Src/stm32h7xx_hal_rcc.c.obj
LOAD cmake/stm32cubemx/CMakeFiles/STM32_Drivers.dir/__/__/Drivers/STM32H7xx_HAL_Driver/Src/stm32h7xx_hal_rcc_ex.c.obj
LOAD cmake/stm32cubemx/CMakeFiles/STM32_Drivers.dir/__/__/Drivers/STM32H7xx_HAL_Driver/Src/stm32h7xx_hal_flash.c.obj
LOAD cmake/stm32cubemx/CMakeFiles/STM32_Drivers.dir/__/__/Drivers/STM32H7xx_HAL_Driver/Src/stm32h7xx_hal_flash_ex.c.obj
LOAD cmake/stm32cubemx/CMakeFiles/STM32_Drivers.dir/__/__/Drivers/STM32H7xx_HAL_Driver/Src/stm32h7xx_hal_gpio.c.obj
LOAD cmake/stm32cubemx/CMakeFiles/STM32_Drivers.dir/__/__/Drivers/STM32H7xx_HAL_Driver/Src/stm32h7xx_hal_hsem.c.obj
LOAD cmake/stm32cubemx/CMakeFiles/STM32_Drivers.dir/__/__/Drivers/STM32H7xx_HAL_Driver/Src/stm32h7xx_hal_dma.c.obj
LOAD cmake/stm32cubemx/CMakeFiles/STM32_Drivers.dir/__/__/Drivers/STM32H7xx_HAL_Driver/Src/stm32h7xx_hal_dma_ex.c.obj
LOAD cmake/stm32cubemx/CMakeFiles/STM32_Drivers.dir/__/__/Drivers/STM32H7xx_HAL_Driver/Src/stm32h7xx_hal_mdma.c.obj
LOAD cmake/stm32cubemx/CMakeFiles/STM32_Drivers.dir/__/__/Drivers/STM32H7xx_HAL_Driver/Src/stm32h7xx_hal_pwr.c.obj
LOAD cmake/stm32cubemx/CMakeFiles/STM32_Drivers.dir/__/__/Drivers/STM32H7xx_HAL_Driver/Src/stm32h7xx_hal_pwr_ex.c.obj
LOAD cmake/stm32cubemx/CMakeFiles/STM32_Drivers.dir/__/__/Drivers/STM32H7xx_HAL_Driver/Src/stm32h7xx_hal_cortex.c.obj
LOAD cmake/stm32cubemx/CMakeFiles/STM32_Drivers.dir/__/__/Drivers/STM32H7xx_HAL_Driver/Src/stm32h7xx_hal.c.obj
LOAD cmake/stm32cubemx/CMakeFiles/STM32_Drivers.dir/__/__/Drivers/STM32H7xx_HAL_Driver/Src/stm32h7xx_hal_i2c.c.obj
LOAD cmake/stm32cubemx/CMakeFiles/STM32_Drivers.dir/__/__/Drivers/STM32H7xx_HAL_Driver/Src/stm32h7xx_hal_i2c_ex.c.obj
LOAD cmake/stm32cubemx/CMakeFiles/STM32_Drivers.dir/__/__/Drivers/STM32H7xx_HAL_Driver/Src/stm32h7xx_hal_exti.c.obj
LOAD cmake/stm32cubemx/CMakeFiles/STM32_Drivers.dir/__/__/Drivers/STM32H7xx_HAL_Driver/Src/stm32h7xx_hal_sai.c.obj
LOAD cmake/stm32cubemx/CMakeFiles/STM32_Drivers.dir/__/__/Drivers/STM32H7xx_HAL_Driver/Src/stm32h7xx_hal_sai_ex.c.obj
LOAD cmake/stm32cubemx/CMakeFiles/STM32_Drivers.dir/__/__/Drivers/STM32H7xx_HAL_Driver/Src/stm32h7xx_hal_tim.c.obj
LOAD cmake/stm32cubemx/CMakeFiles/STM32_Drivers.dir/__/__/Drivers/STM32H7xx_HAL_Driver/Src/stm32h7xx_hal_tim_ex.c.obj
LOAD cmake/stm32cubemx/CMakeFiles/USB_Device_Library.dir/__/__/Middlewares/ST/STM32_USB_Device_Library/Core/Src/usbd_core.c.obj
LOAD cmake/stm32cubemx/CMakeFiles/USB_Device_Library.dir/__/__/Middlewares/ST/STM32_USB_Device_Library/Core/Src/usbd_ctlreq.c.obj
LOAD cmake/stm32cubemx/CMakeFiles/USB_Device_Library.dir/__/__/Middlewares/ST/STM32_USB_Device_Library/Core/Src/usbd_ioreq.c.obj
LOAD cmake/stm32cubemx/CMakeFiles/USB_Device_Library.dir/__/__/Middlewares/ST/STM32_USB_Device_Library/Class/AUDIO/Src/usbd_audio.c.obj
LOAD CMakeFiles/uac_test.dir/USB_DEVICE/Target/usbd_conf.c.obj
LOAD CMakeFiles/uac_test.dir/USB_DEVICE/App/usb_device.c.obj
LOAD CMakeFiles/uac_test.dir/USB_DEVICE/App/usbd_desc.c.obj
LOAD CMakeFiles/uac_test.dir/USB_DEVICE/App/usbd_audio_if.c.obj
LOAD CMakeFiles/uac_test.dir/Core/Src/main.c.obj
LOAD CMakeFiles/uac_test.dir/Core/Src/gpio.c.obj
LOAD CMakeFiles/uac_test.dir/Core/Src/dma.c.obj
LOAD CMakeFiles/uac_test.dir/Core/Src/sai.c.obj
LOAD CMakeFiles/uac_test.dir/Core/Src/stm32h7xx_it.c.obj
LOAD CMakeFiles/uac_test.dir/Core/Src/stm32h7xx_hal_msp.c.obj
LOAD CMakeFiles/uac_test.dir/Core/Src/sysmem.c.obj
LOAD CMakeFiles/uac_test.dir/Core/Src/syscalls.c.obj
LOAD CMakeFiles/uac_test.dir/startup_stm32h750xx.s.obj
LOAD /usr/lib/gcc/arm-none-eabi/10.3.1/../../../arm-none-eabi/lib/thumb/v7e-m+dp/hard/libm.a
START GROUP
LOAD /usr/lib/gcc/arm-none-eabi/10.3.1/thumb/v7e-m+dp/hard/libgcc.a
LOAD /usr/lib/gcc/arm-none-eabi/10.3.1/../../../arm-none-eabi/lib/thumb/v7e-m+dp/hard/libg_nano.a
LOAD /usr/lib/gcc/arm-none-eabi/10.3.1/../../../arm-none-eabi/lib/thumb/v7e-m+dp/hard/libc_nano.a
END GROUP
START GROUP
LOAD /usr/lib/gcc/arm-none-eabi/10.3.1/thumb/v7e-m+dp/hard/libgcc.a
LOAD /usr/lib/gcc/arm-none-eabi/10.3.1/../../../arm-none-eabi/lib/thumb/v7e-m+dp/hard/libc_nano.a
END GROUP
LOAD /usr/lib/gcc/arm-none-eabi/10.3.1/thumb/v7e-m+dp/hard/crtend.o
LOAD /usr/lib/gcc/arm-none-eabi/10.3.1/thumb/v7e-m+dp/hard/crtn.o
                0x0000000020020000                _estack = (ORIGIN (DTCMRAM) + LENGTH (DTCMRAM))
                0x0000000000004000                _Min_Heap_Size = 0x4000
                0x0000000000001000                _Min_Stack_Size = 0x1000

.isr_vector     0x0000000008000000      0x298
                0x0000000008000000                . = ALIGN (0x4)
 *(.isr_vector)
 .isr_vector    0x0000000008000000      0x298 CMakeFiles/uac_test.dir/startup_stm32h750xx.s.obj
                0x0000000008000000                g_pfnVectors
                0x0000000008000298                . = ALIGN (0x4)

.text           0x0000000008000298     0xd7f8
                0x0000000008000298                . = ALIGN (0x4)
 *(.text)
 .text          0x0000000008000298       0x88 /usr/lib/gcc/arm-none-eabi/10.3.1/thumb/v7e-m+dp/hard/crtbegin.o
 .text          0x0000000008000320       0x48 /usr/lib/gcc/arm-none-eabi/10.3.1/../../../arm-none-eabi/lib/thumb/v7e-m+dp/hard/libg_nano.a(lib_a-init.o)
                0x0000000008000320                __libc_init_array
 .text          0x0000000008000368       0xa4 /usr/lib/gcc/arm-none-eabi/10.3.1/../../../arm-none-eabi/lib/thumb/v7e-m+dp/hard/libg_nano.a(lib_a-memset.o)
                0x0000000008000368                memset
 *(.text*)
 .text.SystemInit
                0x000000000800040c      0x140 cmake/stm32cubemx/CMakeFiles/STM32_Drivers.dir/__/__/Core/Src/system_stm32h7xx.c.obj
                0x000000000800040c                SystemInit
 .text.ExitRun0Mode
                0x000000000800054c       0x30 cmake/stm32cubemx/CMakeFiles/STM32_Drivers.dir/__/__/Core/Src/system_stm32h7xx.c.obj
                0x000000000800054c                ExitRun0Mode
 .text.HAL_PCD_Init
                0x000000000800057c      0x218 cmake/stm32cubemx/CMakeFiles/STM32_Drivers.dir/__/__/Drivers/STM32H7xx_HAL_Driver/Src/stm32h7xx_hal_pcd.c.obj
                0x000000000800057c                HAL_PCD_Init
 .text.HAL_PCD_Start
                0x0000000008000794       0x6a cmake/stm32cubemx/CMakeFiles/STM32_Drivers.dir/__/__/Drivers/STM32H7xx_HAL_Driver/Src/stm32h7xx_hal_pcd.c.obj
                0x0000000008000794                HAL_PCD_Start
 .text.HAL_PCD_IRQHandler
                0x00000000080007fe      0x99c cmake/stm32cubemx/CMakeFiles/STM32_Drivers.dir/__/__/Drivers/STM32H7xx_HAL_Driver/Src/stm32h7xx_hal_pcd.c.obj
                0x00000000080007fe                HAL_PCD_IRQHandler
 .text.HAL_PCD_SetAddress
                0x000000000800119a       0x48 cmake/stm32cubemx/CMakeFiles/STM32_Drivers.dir/__/__/Drivers/STM32H7xx_HAL_Driver/Src/stm32h7xx_hal_pcd.c.obj
                0x000000000800119a                HAL_PCD_SetAddress
 .text.HAL_PCD_EP_Open
                0x00000000080011e2       0xd4 cmake/stm32cubemx/CMakeFiles/STM32_Drivers.dir/__/__/Drivers/STM32H7xx_HAL_Driver/Src/stm32h7xx_hal_pcd.c.obj
                0x00000000080011e2                HAL_PCD_EP_Open
 .text.HAL_PCD_EP_Close
                0x00000000080012b6       0x94 cmake/stm32cubemx/CMakeFiles/STM32_Drivers.dir/__/__/Drivers/STM32H7xx_HAL_Driver/Src/stm32h7xx_hal_pcd.c.obj
                0x00000000080012b6                HAL_PCD_EP_Close
 .text.HAL_PCD_EP_Receive
                0x000000000800134a       0x76 cmake/stm32cubemx/CMakeFiles/STM32_Drivers.dir/__/__/Drivers/STM32H7xx_HAL_Driver/Src/stm32h7xx_hal_pcd.c.obj
                0x000000000800134a                HAL_PCD_EP_Receive
 .text.HAL_PCD_EP_GetRxCount
                0x00000000080013c0       0x30 cmake/stm32cubemx/CMakeFiles/STM32_Drivers.dir/__/__/Drivers/STM32H7xx_HAL_Driver/Src/stm32h7xx_hal_pcd.c.obj
                0x00000000080013c0                HAL_PCD_EP_GetRxCount
 .text.HAL_PCD_EP_Transmit
                0x00000000080013f0       0x74 cmake/stm32cubemx/CMakeFiles/STM32_Drivers.dir/__/__/Drivers/STM32H7xx_HAL_Driver/Src/stm32h7xx_hal_pcd.c.obj
                0x00000000080013f0                HAL_PCD_EP_Transmit
 .text.HAL_PCD_EP_SetStall
                0x0000000008001464       0xc6 cmake/stm32cubemx/CMakeFiles/STM32_Drivers.dir/__/__/Drivers/STM32H7xx_HAL_Driver/Src/stm32h7xx_hal_pcd.c.obj
                0x0000000008001464                HAL_PCD_EP_SetStall
 .text.HAL_PCD_EP_ClrStall
                0x000000000800152a       0xac cmake/stm32cubemx/CMakeFiles/STM32_Drivers.dir/__/__/Drivers/STM32H7xx_HAL_Driver/Src/stm32h7xx_hal_pcd.c.obj
                0x000000000800152a                HAL_PCD_EP_ClrStall
 .text.HAL_PCD_EP_Abort
                0x00000000080015d6       0x62 cmake/stm32cubemx/CMakeFiles/STM32_Drivers.dir/__/__/Drivers/STM32H7xx_HAL_Driver/Src/stm32h7xx_hal_pcd.c.obj
                0x00000000080015d6                HAL_PCD_EP_Abort
 .text.PCD_WriteEmptyTxFifo
                0x0000000008001638      0x118 cmake/stm32cubemx/CMakeFiles/STM32_Drivers.dir/__/__/Drivers/STM32H7xx_HAL_Driver/Src/stm32h7xx_hal_pcd.c.obj
 .text.PCD_EP_OutXfrComplete_int
                0x0000000008001750      0x1d0 cmake/stm32cubemx/CMakeFiles/STM32_Drivers.dir/__/__/Drivers/STM32H7xx_HAL_Driver/Src/stm32h7xx_hal_pcd.c.obj
 .text.PCD_EP_OutSetupPacket_int
                0x0000000008001920       0x8c cmake/stm32cubemx/CMakeFiles/STM32_Drivers.dir/__/__/Drivers/STM32H7xx_HAL_Driver/Src/stm32h7xx_hal_pcd.c.obj
 .text.HAL_PCDEx_SetTxFiFo
                0x00000000080019ac       0x8e cmake/stm32cubemx/CMakeFiles/STM32_Drivers.dir/__/__/Drivers/STM32H7xx_HAL_Driver/Src/stm32h7xx_hal_pcd_ex.c.obj
                0x00000000080019ac                HAL_PCDEx_SetTxFiFo
 .text.HAL_PCDEx_SetRxFiFo
                0x0000000008001a3a       0x22 cmake/stm32cubemx/CMakeFiles/STM32_Drivers.dir/__/__/Drivers/STM32H7xx_HAL_Driver/Src/stm32h7xx_hal_pcd_ex.c.obj
                0x0000000008001a3a                HAL_PCDEx_SetRxFiFo
 .text.HAL_PCDEx_ActivateLPM
                0x0000000008001a5c       0x48 cmake/stm32cubemx/CMakeFiles/STM32_Drivers.dir/__/__/Drivers/STM32H7xx_HAL_Driver/Src/stm32h7xx_hal_pcd_ex.c.obj
                0x0000000008001a5c                HAL_PCDEx_ActivateLPM
 .text.HAL_PCDEx_LPM_Callback
                0x0000000008001aa4       0x18 cmake/stm32cubemx/CMakeFiles/STM32_Drivers.dir/__/__/Drivers/STM32H7xx_HAL_Driver/Src/stm32h7xx_hal_pcd_ex.c.obj
                0x0000000008001aa4                HAL_PCDEx_LPM_Callback
 .text.USB_CoreInit
                0x0000000008001abc       0xe4 cmake/stm32cubemx/CMakeFiles/STM32_Drivers.dir/__/__/Drivers/STM32H7xx_HAL_Driver/Src/stm32h7xx_ll_usb.c.obj
                0x0000000008001abc                USB_CoreInit
 .text.USB_SetTurnaroundTime
                0x0000000008001ba0      0x144 cmake/stm32cubemx/CMakeFiles/STM32_Drivers.dir/__/__/Drivers/STM32H7xx_HAL_Driver/Src/stm32h7xx_ll_usb.c.obj
                0x0000000008001ba0                USB_SetTurnaroundTime
 .text.USB_EnableGlobalInt
                0x0000000008001ce4       0x22 cmake/stm32cubemx/CMakeFiles/STM32_Drivers.dir/__/__/Drivers/STM32H7xx_HAL_Driver/Src/stm32h7xx_ll_usb.c.obj
                0x0000000008001ce4                USB_EnableGlobalInt
 .text.USB_DisableGlobalInt
                0x0000000008001d06       0x22 cmake/stm32cubemx/CMakeFiles/STM32_Drivers.dir/__/__/Drivers/STM32H7xx_HAL_Driver/Src/stm32h7xx_ll_usb.c.obj
                0x0000000008001d06                USB_DisableGlobalInt
 .text.USB_SetCurrentMode
                0x0000000008001d28       0x98 cmake/stm32cubemx/CMakeFiles/STM32_Drivers.dir/__/__/Drivers/STM32H7xx_HAL_Driver/Src/stm32h7xx_ll_usb.c.obj
                0x0000000008001d28                USB_SetCurrentMode
 .text.USB_DevInit
                0x0000000008001dc0      0x2bc cmake/stm32cubemx/CMakeFiles/STM32_Drivers.dir/__/__/Drivers/STM32H7xx_HAL_Driver/Src/stm32h7xx_ll_usb.c.obj
                0x0000000008001dc0                USB_DevInit
 .text.USB_FlushTxFifo
                0x000000000800207c       0x64 cmake/stm32cubemx/CMakeFiles/STM32_Drivers.dir/__/__/Drivers/STM32H7xx_HAL_Driver/Src/stm32h7xx_ll_usb.c.obj
                0x000000000800207c                USB_FlushTxFifo
 .text.USB_FlushRxFifo
                0x00000000080020e0       0x5c cmake/stm32cubemx/CMakeFiles/STM32_Drivers.dir/__/__/Drivers/STM32H7xx_HAL_Driver/Src/stm32h7xx_ll_usb.c.obj
                0x00000000080020e0                USB_FlushRxFifo
 .text.USB_SetDevSpeed
                0x000000000800213c       0x32 cmake/stm32cubemx/CMakeFiles/STM32_Drivers.dir/__/__/Drivers/STM32H7xx_HAL_Driver/Src/stm32h7xx_ll_usb.c.obj
                0x000000000800213c                USB_SetDevSpeed
 .text.USB_GetDevSpeed
                0x000000000800216e       0x4a cmake/stm32cubemx/CMakeFiles/STM32_Drivers.dir/__/__/Drivers/STM32H7xx_HAL_Driver/Src/stm32h7xx_ll_usb.c.obj
                0x000000000800216e                USB_GetDevSpeed
 .text.USB_ActivateEndpoint
                0x00000000080021b8      0x110 cmake/stm32cubemx/CMakeFiles/STM32_Drivers.dir/__/__/Drivers/STM32H7xx_HAL_Driver/Src/stm32h7xx_ll_usb.c.obj
                0x00000000080021b8                USB_ActivateEndpoint
 .text.USB_DeactivateEndpoint
                0x00000000080022c8      0x1b8 cmake/stm32cubemx/CMakeFiles/STM32_Drivers.dir/__/__/Drivers/STM32H7xx_HAL_Driver/Src/stm32h7xx_ll_usb.c.obj
                0x00000000080022c8                USB_DeactivateEndpoint
 .text.USB_EPStartXfer
                0x0000000008002480      0x548 cmake/stm32cubemx/CMakeFiles/STM32_Drivers.dir/__/__/Drivers/STM32H7xx_HAL_Driver/Src/stm32h7xx_ll_usb.c.obj
                0x0000000008002480                USB_EPStartXfer
 .text.USB_EPStopXfer
                0x00000000080029c8      0x154 cmake/stm32cubemx/CMakeFiles/STM32_Drivers.dir/__/__/Drivers/STM32H7xx_HAL_Driver/Src/stm32h7xx_ll_usb.c.obj
                0x00000000080029c8                USB_EPStopXfer
 .text.USB_WritePacket
                0x0000000008002b1c       0x7c cmake/stm32cubemx/CMakeFiles/STM32_Drivers.dir/__/__/Drivers/STM32H7xx_HAL_Driver/Src/stm32h7xx_ll_usb.c.obj
                0x0000000008002b1c                USB_WritePacket
 .text.USB_ReadPacket
                0x0000000008002b98       0xb0 cmake/stm32cubemx/CMakeFiles/STM32_Drivers.dir/__/__/Drivers/STM32H7xx_HAL_Driver/Src/stm32h7xx_ll_usb.c.obj
                0x0000000008002b98                USB_ReadPacket
 .text.USB_EPSetStall
                0x0000000008002c48       0xdc cmake/stm32cubemx/CMakeFiles/STM32_Drivers.dir/__/__/Drivers/STM32H7xx_HAL_Driver/Src/stm32h7xx_ll_usb.c.obj
                0x0000000008002c48                USB_EPSetStall
 .text.USB_EPClearStall
                0x0000000008002d24       0xcc cmake/stm32cubemx/CMakeFiles/STM32_Drivers.dir/__/__/Drivers/STM32H7xx_HAL_Driver/Src/stm32h7xx_ll_usb.c.obj
                0x0000000008002d24                USB_EPClearStall
 .text.USB_SetDevAddress
                0x0000000008002df0       0x4c cmake/stm32cubemx/CMakeFiles/STM32_Drivers.dir/__/__/Drivers/STM32H7xx_HAL_Driver/Src/stm32h7xx_ll_usb.c.obj
                0x0000000008002df0                USB_SetDevAddress
 .text.USB_DevConnect
                0x0000000008002e3c       0x42 cmake/stm32cubemx/CMakeFiles/STM32_Drivers.dir/__/__/Drivers/STM32H7xx_HAL_Driver/Src/stm32h7xx_ll_usb.c.obj
                0x0000000008002e3c                USB_DevConnect
 .text.USB_DevDisconnect
                0x0000000008002e7e       0x42 cmake/stm32cubemx/CMakeFiles/STM32_Drivers.dir/__/__/Drivers/STM32H7xx_HAL_Driver/Src/stm32h7xx_ll_usb.c.obj
                0x0000000008002e7e                USB_DevDisconnect
 .text.USB_ReadInterrupts
                0x0000000008002ec0       0x26 cmake/stm32cubemx/CMakeFiles/STM32_Drivers.dir/__/__/Drivers/STM32H7xx_HAL_Driver/Src/stm32h7xx_ll_usb.c.obj
                0x0000000008002ec0                USB_ReadInterrupts
 .text.USB_ReadDevAllOutEpInterrupt
                0x0000000008002ee6       0x34 cmake/stm32cubemx/CMakeFiles/STM32_Drivers.dir/__/__/Drivers/STM32H7xx_HAL_Driver/Src/stm32h7xx_ll_usb.c.obj
                0x0000000008002ee6                USB_ReadDevAllOutEpInterrupt
 .text.USB_ReadDevAllInEpInterrupt
                0x0000000008002f1a       0x34 cmake/stm32cubemx/CMakeFiles/STM32_Drivers.dir/__/__/Drivers/STM32H7xx_HAL_Driver/Src/stm32h7xx_ll_usb.c.obj
                0x0000000008002f1a                USB_ReadDevAllInEpInterrupt
 .text.USB_ReadDevOutEPInterrupt
                0x0000000008002f4e       0x3c cmake/stm32cubemx/CMakeFiles/STM32_Drivers.dir/__/__/Drivers/STM32H7xx_HAL_Driver/Src/stm32h7xx_ll_usb.c.obj
                0x0000000008002f4e                USB_ReadDevOutEPInterrupt
 .text.USB_ReadDevInEPInterrupt
                0x0000000008002f8a       0x5c cmake/stm32cubemx/CMakeFiles/STM32_Drivers.dir/__/__/Drivers/STM32H7xx_HAL_Driver/Src/stm32h7xx_ll_usb.c.obj
                0x0000000008002f8a                USB_ReadDevInEPInterrupt
 .text.USB_GetMode
                0x0000000008002fe6       0x1c cmake/stm32cubemx/CMakeFiles/STM32_Drivers.dir/__/__/Drivers/STM32H7xx_HAL_Driver/Src/stm32h7xx_ll_usb.c.obj
                0x0000000008002fe6                USB_GetMode
 *fill*         0x0000000008003002        0x2 
 .text.USB_ActivateSetup
                0x0000000008003004       0x48 cmake/stm32cubemx/CMakeFiles/STM32_Drivers.dir/__/__/Drivers/STM32H7xx_HAL_Driver/Src/stm32h7xx_ll_usb.c.obj
                0x0000000008003004                USB_ActivateSetup
 .text.USB_EP0_OutStart
                0x000000000800304c       0xbc cmake/stm32cubemx/CMakeFiles/STM32_Drivers.dir/__/__/Drivers/STM32H7xx_HAL_Driver/Src/stm32h7xx_ll_usb.c.obj
                0x000000000800304c                USB_EP0_OutStart
 .text.USB_CoreReset
                0x0000000008003108       0x62 cmake/stm32cubemx/CMakeFiles/STM32_Drivers.dir/__/__/Drivers/STM32H7xx_HAL_Driver/Src/stm32h7xx_ll_usb.c.obj
 *fill*         0x000000000800316a        0x2 
 .text.HAL_RCC_OscConfig
                0x000000000800316c      0x8b4 cmake/stm32cubemx/CMakeFiles/STM32_Drivers.dir/__/__/Drivers/STM32H7xx_HAL_Driver/Src/stm32h7xx_hal_rcc.c.obj
                0x000000000800316c                HAL_RCC_OscConfig
 .text.HAL_RCC_ClockConfig
                0x0000000008003a20      0x36c cmake/stm32cubemx/CMakeFiles/STM32_Drivers.dir/__/__/Drivers/STM32H7xx_HAL_Driver/Src/stm32h7xx_hal_rcc.c.obj
                0x0000000008003a20                HAL_RCC_ClockConfig
 .text.HAL_RCC_GetSysClockFreq
                0x0000000008003d8c      0x2f4 cmake/stm32cubemx/CMakeFiles/STM32_Drivers.dir/__/__/Drivers/STM32H7xx_HAL_Driver/Src/stm32h7xx_hal_rcc.c.obj
                0x0000000008003d8c                HAL_RCC_GetSysClockFreq
 .text.HAL_RCC_GetHCLKFreq
                0x0000000008004080       0x60 cmake/stm32cubemx/CMakeFiles/STM32_Drivers.dir/__/__/Drivers/STM32H7xx_HAL_Driver/Src/stm32h7xx_hal_rcc.c.obj
                0x0000000008004080                HAL_RCC_GetHCLKFreq
 .text.HAL_RCC_GetPCLK1Freq
                0x00000000080040e0       0x2c cmake/stm32cubemx/CMakeFiles/STM32_Drivers.dir/__/__/Drivers/STM32H7xx_HAL_Driver/Src/stm32h7xx_hal_rcc.c.obj
                0x00000000080040e0                HAL_RCC_GetPCLK1Freq
 .text.HAL_RCCEx_PeriphCLKConfig
                0x000000000800410c     0x1414 cmake/stm32cubemx/CMakeFiles/STM32_Drivers.dir/__/__/Drivers/STM32H7xx_HAL_Driver/Src/stm32h7xx_hal_rcc_ex.c.obj
                0x000000000800410c                HAL_RCCEx_PeriphCLKConfig
 .text.HAL_RCCEx_GetPeriphCLKFreq
                0x0000000008005520      0xb00 cmake/stm32cubemx/CMakeFiles/STM32_Drivers.dir/__/__/Drivers/STM32H7xx_HAL_Driver/Src/stm32h7xx_hal_rcc_ex.c.obj
                0x0000000008005520                HAL_RCCEx_GetPeriphCLKFreq
 .text.HAL_RCCEx_GetD3PCLK1Freq
                0x0000000008006020       0x2c cmake/stm32cubemx/CMakeFiles/STM32_Drivers.dir/__/__/Drivers/STM32H7xx_HAL_Driver/Src/stm32h7xx_hal_rcc_ex.c.obj
                0x0000000008006020                HAL_RCCEx_GetD3PCLK1Freq
 .text.HAL_RCCEx_GetPLL2ClockFreq
                0x000000000800604c      0x2a8 cmake/stm32cubemx/CMakeFiles/STM32_Drivers.dir/__/__/Drivers/STM32H7xx_HAL_Driver/Src/stm32h7xx_hal_rcc_ex.c.obj
                0x000000000800604c                HAL_RCCEx_GetPLL2ClockFreq
 .text.HAL_RCCEx_GetPLL3ClockFreq
                0x00000000080062f4      0x2a8 cmake/stm32cubemx/CMakeFiles/STM32_Drivers.dir/__/__/Drivers/STM32H7xx_HAL_Driver/Src/stm32h7xx_hal_rcc_ex.c.obj
                0x00000000080062f4                HAL_RCCEx_GetPLL3ClockFreq
 .text.HAL_RCCEx_GetPLL1ClockFreq
                0x000000000800659c      0x2a4 cmake/stm32cubemx/CMakeFiles/STM32_Drivers.dir/__/__/Drivers/STM32H7xx_HAL_Driver/Src/stm32h7xx_hal_rcc_ex.c.obj
                0x000000000800659c                HAL_RCCEx_GetPLL1ClockFreq
 .text.RCCEx_PLL2_Config
                0x0000000008006840      0x164 cmake/stm32cubemx/CMakeFiles/STM32_Drivers.dir/__/__/Drivers/STM32H7xx_HAL_Driver/Src/stm32h7xx_hal_rcc_ex.c.obj
 .text.RCCEx_PLL3_Config
                0x00000000080069a4      0x164 cmake/stm32cubemx/CMakeFiles/STM32_Drivers.dir/__/__/Drivers/STM32H7xx_HAL_Driver/Src/stm32h7xx_hal_rcc_ex.c.obj
 .text.HAL_GPIO_Init
                0x0000000008006b08      0x360 cmake/stm32cubemx/CMakeFiles/STM32_Drivers.dir/__/__/Drivers/STM32H7xx_HAL_Driver/Src/stm32h7xx_hal_gpio.c.obj
                0x0000000008006b08                HAL_GPIO_Init
 .text.HAL_GPIO_WritePin
                0x0000000008006e68       0x32 cmake/stm32cubemx/CMakeFiles/STM32_Drivers.dir/__/__/Drivers/STM32H7xx_HAL_Driver/Src/stm32h7xx_hal_gpio.c.obj
                0x0000000008006e68                HAL_GPIO_WritePin
 *fill*         0x0000000008006e9a        0x2 
 .text.HAL_DMA_Init
                0x0000000008006e9c      0x6b8 cmake/stm32cubemx/CMakeFiles/STM32_Drivers.dir/__/__/Drivers/STM32H7xx_HAL_Driver/Src/stm32h7xx_hal_dma.c.obj
                0x0000000008006e9c                HAL_DMA_Init
 .text.HAL_DMA_Start_IT
                0x0000000008007554      0x4d4 cmake/stm32cubemx/CMakeFiles/STM32_Drivers.dir/__/__/Drivers/STM32H7xx_HAL_Driver/Src/stm32h7xx_hal_dma.c.obj
                0x0000000008007554                HAL_DMA_Start_IT
 .text.HAL_DMA_Abort
                0x0000000008007a28      0x63c cmake/stm32cubemx/CMakeFiles/STM32_Drivers.dir/__/__/Drivers/STM32H7xx_HAL_Driver/Src/stm32h7xx_hal_dma.c.obj
                0x0000000008007a28                HAL_DMA_Abort
 .text.HAL_DMA_IRQHandler
                0x0000000008008064      0xe54 cmake/stm32cubemx/CMakeFiles/STM32_Drivers.dir/__/__/Drivers/STM32H7xx_HAL_Driver/Src/stm32h7xx_hal_dma.c.obj
                0x0000000008008064                HAL_DMA_IRQHandler
 .text.HAL_DMA_GetError
                0x0000000008008eb8       0x18 cmake/stm32cubemx/CMakeFiles/STM32_Drivers.dir/__/__/Drivers/STM32H7xx_HAL_Driver/Src/stm32h7xx_hal_dma.c.obj
                0x0000000008008eb8                HAL_DMA_GetError
 .text.DMA_SetConfig
                0x0000000008008ed0      0x358 cmake/stm32cubemx/CMakeFiles/STM32_Drivers.dir/__/__/Drivers/STM32H7xx_HAL_Driver/Src/stm32h7xx_hal_dma.c.obj
 .text.DMA_CalcBaseAndBitshift
                0x0000000008009228      0x164 cmake/stm32cubemx/CMakeFiles/STM32_Drivers.dir/__/__/Drivers/STM32H7xx_HAL_Driver/Src/stm32h7xx_hal_dma.c.obj
 .text.DMA_CheckFifoParam
                0x000000000800938c       0xf8 cmake/stm32cubemx/CMakeFiles/STM32_Drivers.dir/__/__/Drivers/STM32H7xx_HAL_Driver/Src/stm32h7xx_hal_dma.c.obj
 .text.DMA_CalcDMAMUXChannelBaseAndMask
                0x0000000008009484      0x134 cmake/stm32cubemx/CMakeFiles/STM32_Drivers.dir/__/__/Drivers/STM32H7xx_HAL_Driver/Src/stm32h7xx_hal_dma.c.obj
 .text.DMA_CalcDMAMUXRequestGenBaseAndMask
                0x00000000080095b8       0xe8 cmake/stm32cubemx/CMakeFiles/STM32_Drivers.dir/__/__/Drivers/STM32H7xx_HAL_Driver/Src/stm32h7xx_hal_dma.c.obj
 .text.HAL_PWREx_ConfigSupply
                0x00000000080096a0       0x74 cmake/stm32cubemx/CMakeFiles/STM32_Drivers.dir/__/__/Drivers/STM32H7xx_HAL_Driver/Src/stm32h7xx_hal_pwr_ex.c.obj
                0x00000000080096a0                HAL_PWREx_ConfigSupply
 .text.HAL_PWREx_EnableUSBVoltageDetector
                0x0000000008009714       0x20 cmake/stm32cubemx/CMakeFiles/STM32_Drivers.dir/__/__/Drivers/STM32H7xx_HAL_Driver/Src/stm32h7xx_hal_pwr_ex.c.obj
                0x0000000008009714                HAL_PWREx_EnableUSBVoltageDetector
 .text.__NVIC_SetPriorityGrouping
                0x0000000008009734       0x48 cmake/stm32cubemx/CMakeFiles/STM32_Drivers.dir/__/__/Drivers/STM32H7xx_HAL_Driver/Src/stm32h7xx_hal_cortex.c.obj
 .text.__NVIC_GetPriorityGrouping
                0x000000000800977c       0x1c cmake/stm32cubemx/CMakeFiles/STM32_Drivers.dir/__/__/Drivers/STM32H7xx_HAL_Driver/Src/stm32h7xx_hal_cortex.c.obj
 .text.__NVIC_EnableIRQ
                0x0000000008009798       0x3c cmake/stm32cubemx/CMakeFiles/STM32_Drivers.dir/__/__/Drivers/STM32H7xx_HAL_Driver/Src/stm32h7xx_hal_cortex.c.obj
 .text.__NVIC_SetPriority
                0x00000000080097d4       0x54 cmake/stm32cubemx/CMakeFiles/STM32_Drivers.dir/__/__/Drivers/STM32H7xx_HAL_Driver/Src/stm32h7xx_hal_cortex.c.obj
 .text.NVIC_EncodePriority
                0x0000000008009828       0x66 cmake/stm32cubemx/CMakeFiles/STM32_Drivers.dir/__/__/Drivers/STM32H7xx_HAL_Driver/Src/stm32h7xx_hal_cortex.c.obj
 *fill*         0x000000000800988e        0x2 
 .text.SysTick_Config
                0x0000000008009890       0x44 cmake/stm32cubemx/CMakeFiles/STM32_Drivers.dir/__/__/Drivers/STM32H7xx_HAL_Driver/Src/stm32h7xx_hal_cortex.c.obj
 .text.HAL_NVIC_SetPriorityGrouping
                0x00000000080098d4       0x16 cmake/stm32cubemx/CMakeFiles/STM32_Drivers.dir/__/__/Drivers/STM32H7xx_HAL_Driver/Src/stm32h7xx_hal_cortex.c.obj
                0x00000000080098d4                HAL_NVIC_SetPriorityGrouping
 .text.HAL_NVIC_SetPriority
                0x00000000080098ea       0x34 cmake/stm32cubemx/CMakeFiles/STM32_Drivers.dir/__/__/Drivers/STM32H7xx_HAL_Driver/Src/stm32h7xx_hal_cortex.c.obj
                0x00000000080098ea                HAL_NVIC_SetPriority
 .text.HAL_NVIC_EnableIRQ
                0x000000000800991e       0x1c cmake/stm32cubemx/CMakeFiles/STM32_Drivers.dir/__/__/Drivers/STM32H7xx_HAL_Driver/Src/stm32h7xx_hal_cortex.c.obj
                0x000000000800991e                HAL_NVIC_EnableIRQ
 .text.HAL_SYSTICK_Config
                0x000000000800993a       0x18 cmake/stm32cubemx/CMakeFiles/STM32_Drivers.dir/__/__/Drivers/STM32H7xx_HAL_Driver/Src/stm32h7xx_hal_cortex.c.obj
                0x000000000800993a                HAL_SYSTICK_Config
 *fill*         0x0000000008009952        0x2 
 .text.HAL_MPU_Disable
                0x0000000008009954       0x30 cmake/stm32cubemx/CMakeFiles/STM32_Drivers.dir/__/__/Drivers/STM32H7xx_HAL_Driver/Src/stm32h7xx_hal_cortex.c.obj
                0x0000000008009954                HAL_MPU_Disable
 .text.HAL_MPU_Enable
                0x0000000008009984       0x40 cmake/stm32cubemx/CMakeFiles/STM32_Drivers.dir/__/__/Drivers/STM32H7xx_HAL_Driver/Src/stm32h7xx_hal_cortex.c.obj
                0x0000000008009984                HAL_MPU_Enable
 .text.HAL_MPU_ConfigRegion
                0x00000000080099c4       0x80 cmake/stm32cubemx/CMakeFiles/STM32_Drivers.dir/__/__/Drivers/STM32H7xx_HAL_Driver/Src/stm32h7xx_hal_cortex.c.obj
                0x00000000080099c4                HAL_MPU_ConfigRegion
 .text.HAL_Init
                0x0000000008009a44       0x78 cmake/stm32cubemx/CMakeFiles/STM32_Drivers.dir/__/__/Drivers/STM32H7xx_HAL_Driver/Src/stm32h7xx_hal.c.obj
                0x0000000008009a44                HAL_Init
 .text.HAL_InitTick
                0x0000000008009abc       0x6c cmake/stm32cubemx/CMakeFiles/STM32_Drivers.dir/__/__/Drivers/STM32H7xx_HAL_Driver/Src/stm32h7xx_hal.c.obj
                0x0000000008009abc                HAL_InitTick
 .text.HAL_IncTick
                0x0000000008009b28       0x28 cmake/stm32cubemx/CMakeFiles/STM32_Drivers.dir/__/__/Drivers/STM32H7xx_HAL_Driver/Src/stm32h7xx_hal.c.obj
                0x0000000008009b28                HAL_IncTick
 .text.HAL_GetTick
                0x0000000008009b50       0x18 cmake/stm32cubemx/CMakeFiles/STM32_Drivers.dir/__/__/Drivers/STM32H7xx_HAL_Driver/Src/stm32h7xx_hal.c.obj
                0x0000000008009b50                HAL_GetTick
 .text.HAL_Delay
                0x0000000008009b68       0x48 cmake/stm32cubemx/CMakeFiles/STM32_Drivers.dir/__/__/Drivers/STM32H7xx_HAL_Driver/Src/stm32h7xx_hal.c.obj
                0x0000000008009b68                HAL_Delay
 .text.HAL_GetREVID
                0x0000000008009bb0       0x18 cmake/stm32cubemx/CMakeFiles/STM32_Drivers.dir/__/__/Drivers/STM32H7xx_HAL_Driver/Src/stm32h7xx_hal.c.obj
                0x0000000008009bb0                HAL_GetREVID
 .text.HAL_SAI_InitProtocol
                0x0000000008009bc8       0x62 cmake/stm32cubemx/CMakeFiles/STM32_Drivers.dir/__/__/Drivers/STM32H7xx_HAL_Driver/Src/stm32h7xx_hal_sai.c.obj
                0x0000000008009bc8                HAL_SAI_InitProtocol
 *fill*         0x0000000008009c2a        0x2 
 .text.HAL_SAI_Init
                0x0000000008009c2c      0x554 cmake/stm32cubemx/CMakeFiles/STM32_Drivers.dir/__/__/Drivers/STM32H7xx_HAL_Driver/Src/stm32h7xx_hal_sai.c.obj
                0x0000000008009c2c                HAL_SAI_Init
 .text.HAL_SAI_DMAStop
                0x000000000800a180       0xfc cmake/stm32cubemx/CMakeFiles/STM32_Drivers.dir/__/__/Drivers/STM32H7xx_HAL_Driver/Src/stm32h7xx_hal_sai.c.obj
                0x000000000800a180                HAL_SAI_DMAStop
 .text.HAL_SAI_Transmit_DMA
                0x000000000800a27c      0x16c cmake/stm32cubemx/CMakeFiles/STM32_Drivers.dir/__/__/Drivers/STM32H7xx_HAL_Driver/Src/stm32h7xx_hal_sai.c.obj
                0x000000000800a27c                HAL_SAI_Transmit_DMA
 .text.HAL_SAI_ErrorCallback
                0x000000000800a3e8       0x14 cmake/stm32cubemx/CMakeFiles/STM32_Drivers.dir/__/__/Drivers/STM32H7xx_HAL_Driver/Src/stm32h7xx_hal_sai.c.obj
                0x000000000800a3e8                HAL_SAI_ErrorCallback
 .text.HAL_SAI_GetState
                0x000000000800a3fc       0x1c cmake/stm32cubemx/CMakeFiles/STM32_Drivers.dir/__/__/Drivers/STM32H7xx_HAL_Driver/Src/stm32h7xx_hal_sai.c.obj
                0x000000000800a3fc                HAL_SAI_GetState
 .text.SAI_InitI2S
                0x000000000800a418      0x164 cmake/stm32cubemx/CMakeFiles/STM32_Drivers.dir/__/__/Drivers/STM32H7xx_HAL_Driver/Src/stm32h7xx_hal_sai.c.obj
 .text.SAI_InitPCM
                0x000000000800a57c      0x104 cmake/stm32cubemx/CMakeFiles/STM32_Drivers.dir/__/__/Drivers/STM32H7xx_HAL_Driver/Src/stm32h7xx_hal_sai.c.obj
 .text.SAI_InterruptFlag
                0x000000000800a680       0x6e cmake/stm32cubemx/CMakeFiles/STM32_Drivers.dir/__/__/Drivers/STM32H7xx_HAL_Driver/Src/stm32h7xx_hal_sai.c.obj
 *fill*         0x000000000800a6ee        0x2 
 .text.SAI_Disable
                0x000000000800a6f0       0x74 cmake/stm32cubemx/CMakeFiles/STM32_Drivers.dir/__/__/Drivers/STM32H7xx_HAL_Driver/Src/stm32h7xx_hal_sai.c.obj
 .text.SAI_DMATxCplt
                0x000000000800a764       0x60 cmake/stm32cubemx/CMakeFiles/STM32_Drivers.dir/__/__/Drivers/STM32H7xx_HAL_Driver/Src/stm32h7xx_hal_sai.c.obj
 .text.SAI_DMATxHalfCplt
                0x000000000800a7c4       0x1c cmake/stm32cubemx/CMakeFiles/STM32_Drivers.dir/__/__/Drivers/STM32H7xx_HAL_Driver/Src/stm32h7xx_hal_sai.c.obj
 .text.SAI_DMAError
                0x000000000800a7e0       0x5e cmake/stm32cubemx/CMakeFiles/STM32_Drivers.dir/__/__/Drivers/STM32H7xx_HAL_Driver/Src/stm32h7xx_hal_sai.c.obj
 .text.USBD_Init
                0x000000000800a83e       0x60 cmake/stm32cubemx/CMakeFiles/USB_Device_Library.dir/__/__/Middlewares/ST/STM32_USB_Device_Library/Core/Src/usbd_core.c.obj
                0x000000000800a83e                USBD_Init
 .text.USBD_RegisterClass
                0x000000000800a89e       0x6c cmake/stm32cubemx/CMakeFiles/USB_Device_Library.dir/__/__/Middlewares/ST/STM32_USB_Device_Library/Core/Src/usbd_core.c.obj
                0x000000000800a89e                USBD_RegisterClass
 .text.USBD_Start
                0x000000000800a90a       0x18 cmake/stm32cubemx/CMakeFiles/USB_Device_Library.dir/__/__/Middlewares/ST/STM32_USB_Device_Library/Core/Src/usbd_core.c.obj
                0x000000000800a90a                USBD_Start
 .text.USBD_RunTestMode
                0x000000000800a922       0x16 cmake/stm32cubemx/CMakeFiles/USB_Device_Library.dir/__/__/Middlewares/ST/STM32_USB_Device_Library/Core/Src/usbd_core.c.obj
                0x000000000800a922                USBD_RunTestMode
 .text.USBD_SetClassConfig
                0x000000000800a938       0x38 cmake/stm32cubemx/CMakeFiles/USB_Device_Library.dir/__/__/Middlewares/ST/STM32_USB_Device_Library/Core/Src/usbd_core.c.obj
                0x000000000800a938                USBD_SetClassConfig
 .text.USBD_ClrClassConfig
                0x000000000800a970       0x34 cmake/stm32cubemx/CMakeFiles/USB_Device_Library.dir/__/__/Middlewares/ST/STM32_USB_Device_Library/Core/Src/usbd_core.c.obj
                0x000000000800a970                USBD_ClrClassConfig
 .text.USBD_LL_SetupStage
                0x000000000800a9a4       0xaa cmake/stm32cubemx/CMakeFiles/USB_Device_Library.dir/__/__/Middlewares/ST/STM32_USB_Device_Library/Core/Src/usbd_core.c.obj
                0x000000000800a9a4                USBD_LL_SetupStage
 .text.USBD_LL_DataOutStage
                0x000000000800aa4e      0x166 cmake/stm32cubemx/CMakeFiles/USB_Device_Library.dir/__/__/Middlewares/ST/STM32_USB_Device_Library/Core/Src/usbd_core.c.obj
                0x000000000800aa4e                USBD_LL_DataOutStage
 .text.USBD_LL_DataInStage
                0x000000000800abb4      0x164 cmake/stm32cubemx/CMakeFiles/USB_Device_Library.dir/__/__/Middlewares/ST/STM32_USB_Device_Library/Core/Src/usbd_core.c.obj
                0x000000000800abb4                USBD_LL_DataInStage
 .text.USBD_LL_Reset
                0x000000000800ad18       0xa4 cmake/stm32cubemx/CMakeFiles/USB_Device_Library.dir/__/__/Middlewares/ST/STM32_USB_Device_Library/Core/Src/usbd_core.c.obj
                0x000000000800ad18                USBD_LL_Reset
 .text.USBD_LL_SetSpeed
                0x000000000800adbc       0x20 cmake/stm32cubemx/CMakeFiles/USB_Device_Library.dir/__/__/Middlewares/ST/STM32_USB_Device_Library/Core/Src/usbd_core.c.obj
                0x000000000800adbc                USBD_LL_SetSpeed
 .text.USBD_LL_Suspend
                0x000000000800addc       0x38 cmake/stm32cubemx/CMakeFiles/USB_Device_Library.dir/__/__/Middlewares/ST/STM32_USB_Device_Library/Core/Src/usbd_core.c.obj
                0x000000000800addc                USBD_LL_Suspend
 .text.USBD_LL_Resume
                0x000000000800ae14       0x30 cmake/stm32cubemx/CMakeFiles/USB_Device_Library.dir/__/__/Middlewares/ST/STM32_USB_Device_Library/Core/Src/usbd_core.c.obj
                0x000000000800ae14                USBD_LL_Resume
 .text.USBD_LL_SOF
                0x000000000800ae44       0x40 cmake/stm32cubemx/CMakeFiles/USB_Device_Library.dir/__/__/Middlewares/ST/STM32_USB_Device_Library/Core/Src/usbd_core.c.obj
                0x000000000800ae44                USBD_LL_SOF
 .text.USBD_LL_IsoINIncomplete
                0x000000000800ae84       0x64 cmake/stm32cubemx/CMakeFiles/USB_Device_Library.dir/__/__/Middlewares/ST/STM32_USB_Device_Library/Core/Src/usbd_core.c.obj
                0x000000000800ae84                USBD_LL_IsoINIncomplete
 .text.USBD_LL_IsoOUTIncomplete
                0x000000000800aee8       0x64 cmake/stm32cubemx/CMakeFiles/USB_Device_Library.dir/__/__/Middlewares/ST/STM32_USB_Device_Library/Core/Src/usbd_core.c.obj
                0x000000000800aee8                USBD_LL_IsoOUTIncomplete
 .text.USBD_LL_DevConnected
                0x000000000800af4c       0x16 cmake/stm32cubemx/CMakeFiles/USB_Device_Library.dir/__/__/Middlewares/ST/STM32_USB_Device_Library/Core/Src/usbd_core.c.obj
                0x000000000800af4c                USBD_LL_DevConnected
 .text.USBD_LL_DevDisconnected
                0x000000000800af62       0x46 cmake/stm32cubemx/CMakeFiles/USB_Device_Library.dir/__/__/Middlewares/ST/STM32_USB_Device_Library/Core/Src/usbd_core.c.obj
                0x000000000800af62                USBD_LL_DevDisconnected
 .text.USBD_CoreFindIF
                0x000000000800afa8       0x1a cmake/stm32cubemx/CMakeFiles/USB_Device_Library.dir/__/__/Middlewares/ST/STM32_USB_Device_Library/Core/Src/usbd_core.c.obj
                0x000000000800afa8                USBD_CoreFindIF
 .text.USBD_CoreFindEP
                0x000000000800afc2       0x1a cmake/stm32cubemx/CMakeFiles/USB_Device_Library.dir/__/__/Middlewares/ST/STM32_USB_Device_Library/Core/Src/usbd_core.c.obj
                0x000000000800afc2                USBD_CoreFindEP
 .text.USBD_GetNextDesc
                0x000000000800afdc       0x3a cmake/stm32cubemx/CMakeFiles/USB_Device_Library.dir/__/__/Middlewares/ST/STM32_USB_Device_Library/Core/Src/usbd_core.c.obj
                0x000000000800afdc                USBD_GetNextDesc
 .text.SWAPBYTE
                0x000000000800b016       0x3c cmake/stm32cubemx/CMakeFiles/USB_Device_Library.dir/__/__/Middlewares/ST/STM32_USB_Device_Library/Core/Src/usbd_ctlreq.c.obj
 *fill*         0x000000000800b052        0x2 
 .text.USBD_StdDevReq
                0x000000000800b054       0xe4 cmake/stm32cubemx/CMakeFiles/USB_Device_Library.dir/__/__/Middlewares/ST/STM32_USB_Device_Library/Core/Src/usbd_ctlreq.c.obj
                0x000000000800b054                USBD_StdDevReq
 .text.USBD_StdItfReq
                0x000000000800b138       0xd8 cmake/stm32cubemx/CMakeFiles/USB_Device_Library.dir/__/__/Middlewares/ST/STM32_USB_Device_Library/Core/Src/usbd_ctlreq.c.obj
                0x000000000800b138                USBD_StdItfReq
 .text.USBD_StdEPReq
                0x000000000800b210      0x33a cmake/stm32cubemx/CMakeFiles/USB_Device_Library.dir/__/__/Middlewares/ST/STM32_USB_Device_Library/Core/Src/usbd_ctlreq.c.obj
                0x000000000800b210                USBD_StdEPReq
 *fill*         0x000000000800b54a        0x2 
 .text.USBD_GetDescriptor
                0x000000000800b54c      0x328 cmake/stm32cubemx/CMakeFiles/USB_Device_Library.dir/__/__/Middlewares/ST/STM32_USB_Device_Library/Core/Src/usbd_ctlreq.c.obj
 .text.USBD_SetAddress
                0x000000000800b874       0x88 cmake/stm32cubemx/CMakeFiles/USB_Device_Library.dir/__/__/Middlewares/ST/STM32_USB_Device_Library/Core/Src/usbd_ctlreq.c.obj
 .text.USBD_SetConfig
                0x000000000800b8fc      0x154 cmake/stm32cubemx/CMakeFiles/USB_Device_Library.dir/__/__/Middlewares/ST/STM32_USB_Device_Library/Core/Src/usbd_ctlreq.c.obj
 .text.USBD_GetConfig
                0x000000000800ba50       0x6c cmake/stm32cubemx/CMakeFiles/USB_Device_Library.dir/__/__/Middlewares/ST/STM32_USB_Device_Library/Core/Src/usbd_ctlreq.c.obj
 .text.USBD_GetStatus
                0x000000000800babc       0x68 cmake/stm32cubemx/CMakeFiles/USB_Device_Library.dir/__/__/Middlewares/ST/STM32_USB_Device_Library/Core/Src/usbd_ctlreq.c.obj
 .text.USBD_SetFeature
                0x000000000800bb24       0x52 cmake/stm32cubemx/CMakeFiles/USB_Device_Library.dir/__/__/Middlewares/ST/STM32_USB_Device_Library/Core/Src/usbd_ctlreq.c.obj
 .text.USBD_ClrFeature
                0x000000000800bb76       0x44 cmake/stm32cubemx/CMakeFiles/USB_Device_Library.dir/__/__/Middlewares/ST/STM32_USB_Device_Library/Core/Src/usbd_ctlreq.c.obj
 .text.USBD_ParseSetupRequest
                0x000000000800bbba       0x74 cmake/stm32cubemx/CMakeFiles/USB_Device_Library.dir/__/__/Middlewares/ST/STM32_USB_Device_Library/Core/Src/usbd_ctlreq.c.obj
                0x000000000800bbba                USBD_ParseSetupRequest
 .text.USBD_CtlError
                0x000000000800bc2e       0x22 cmake/stm32cubemx/CMakeFiles/USB_Device_Library.dir/__/__/Middlewares/ST/STM32_USB_Device_Library/Core/Src/usbd_ctlreq.c.obj
                0x000000000800bc2e                USBD_CtlError
 .text.USBD_GetString
                0x000000000800bc50       0xa4 cmake/stm32cubemx/CMakeFiles/USB_Device_Library.dir/__/__/Middlewares/ST/STM32_USB_Device_Library/Core/Src/usbd_ctlreq.c.obj
                0x000000000800bc50                USBD_GetString
 .text.USBD_GetLen
                0x000000000800bcf4       0x34 cmake/stm32cubemx/CMakeFiles/USB_Device_Library.dir/__/__/Middlewares/ST/STM32_USB_Device_Library/Core/Src/usbd_ctlreq.c.obj
 .text.USBD_CtlSendData
                0x000000000800bd28       0x36 cmake/stm32cubemx/CMakeFiles/USB_Device_Library.dir/__/__/Middlewares/ST/STM32_USB_Device_Library/Core/Src/usbd_ioreq.c.obj
                0x000000000800bd28                USBD_CtlSendData
 .text.USBD_CtlContinueSendData
                0x000000000800bd5e       0x22 cmake/stm32cubemx/CMakeFiles/USB_Device_Library.dir/__/__/Middlewares/ST/STM32_USB_Device_Library/Core/Src/usbd_ioreq.c.obj
                0x000000000800bd5e                USBD_CtlContinueSendData
 .text.USBD_CtlPrepareRx
                0x000000000800bd80       0x3a cmake/stm32cubemx/CMakeFiles/USB_Device_Library.dir/__/__/Middlewares/ST/STM32_USB_Device_Library/Core/Src/usbd_ioreq.c.obj
                0x000000000800bd80                USBD_CtlPrepareRx
 .text.USBD_CtlContinueRx
                0x000000000800bdba       0x22 cmake/stm32cubemx/CMakeFiles/USB_Device_Library.dir/__/__/Middlewares/ST/STM32_USB_Device_Library/Core/Src/usbd_ioreq.c.obj
                0x000000000800bdba                USBD_CtlContinueRx
 .text.USBD_CtlSendStatus
                0x000000000800bddc       0x26 cmake/stm32cubemx/CMakeFiles/USB_Device_Library.dir/__/__/Middlewares/ST/STM32_USB_Device_Library/Core/Src/usbd_ioreq.c.obj
                0x000000000800bddc                USBD_CtlSendStatus
 .text.USBD_CtlReceiveStatus
                0x000000000800be02       0x26 cmake/stm32cubemx/CMakeFiles/USB_Device_Library.dir/__/__/Middlewares/ST/STM32_USB_Device_Library/Core/Src/usbd_ioreq.c.obj
                0x000000000800be02                USBD_CtlReceiveStatus
 .text.USBD_AUDIO_Init
                0x000000000800be28      0x13c cmake/stm32cubemx/CMakeFiles/USB_Device_Library.dir/__/__/Middlewares/ST/STM32_USB_Device_Library/Class/AUDIO/Src/usbd_audio.c.obj
 .text.USBD_AUDIO_DeInit
                0x000000000800bf64       0xb4 cmake/stm32cubemx/CMakeFiles/USB_Device_Library.dir/__/__/Middlewares/ST/STM32_USB_Device_Library/Class/AUDIO/Src/usbd_audio.c.obj
 .text.USBD_AUDIO_Setup
                0x000000000800c018      0x1b8 cmake/stm32cubemx/CMakeFiles/USB_Device_Library.dir/__/__/Middlewares/ST/STM32_USB_Device_Library/Class/AUDIO/Src/usbd_audio.c.obj
 .text.USBD_AUDIO_GetCfgDesc
                0x000000000800c1d0       0x20 cmake/stm32cubemx/CMakeFiles/USB_Device_Library.dir/__/__/Middlewares/ST/STM32_USB_Device_Library/Class/AUDIO/Src/usbd_audio.c.obj
 .text.USBD_AUDIO_DataIn
                0x000000000800c1f0       0x1a cmake/stm32cubemx/CMakeFiles/USB_Device_Library.dir/__/__/Middlewares/ST/STM32_USB_Device_Library/Class/AUDIO/Src/usbd_audio.c.obj
 .text.USBD_AUDIO_EP0_RxReady
                0x000000000800c20a       0x80 cmake/stm32cubemx/CMakeFiles/USB_Device_Library.dir/__/__/Middlewares/ST/STM32_USB_Device_Library/Class/AUDIO/Src/usbd_audio.c.obj
 .text.USBD_AUDIO_EP0_TxReady
                0x000000000800c28a       0x16 cmake/stm32cubemx/CMakeFiles/USB_Device_Library.dir/__/__/Middlewares/ST/STM32_USB_Device_Library/Class/AUDIO/Src/usbd_audio.c.obj
 .text.USBD_AUDIO_SOF
                0x000000000800c2a0       0x16 cmake/stm32cubemx/CMakeFiles/USB_Device_Library.dir/__/__/Middlewares/ST/STM32_USB_Device_Library/Class/AUDIO/Src/usbd_audio.c.obj
 .text.USBD_AUDIO_IsoINIncomplete
                0x000000000800c2b6       0x1a cmake/stm32cubemx/CMakeFiles/USB_Device_Library.dir/__/__/Middlewares/ST/STM32_USB_Device_Library/Class/AUDIO/Src/usbd_audio.c.obj
 .text.USBD_AUDIO_IsoOutIncomplete
                0x000000000800c2d0       0x58 cmake/stm32cubemx/CMakeFiles/USB_Device_Library.dir/__/__/Middlewares/ST/STM32_USB_Device_Library/Class/AUDIO/Src/usbd_audio.c.obj
 .text.USBD_AUDIO_DataOut
                0x000000000800c328      0x12c cmake/stm32cubemx/CMakeFiles/USB_Device_Library.dir/__/__/Middlewares/ST/STM32_USB_Device_Library/Class/AUDIO/Src/usbd_audio.c.obj
 .text.AUDIO_REQ_GetCurrent
                0x000000000800c454       0x58 cmake/stm32cubemx/CMakeFiles/USB_Device_Library.dir/__/__/Middlewares/ST/STM32_USB_Device_Library/Class/AUDIO/Src/usbd_audio.c.obj
 .text.AUDIO_REQ_SetCurrent
                0x000000000800c4ac       0x88 cmake/stm32cubemx/CMakeFiles/USB_Device_Library.dir/__/__/Middlewares/ST/STM32_USB_Device_Library/Class/AUDIO/Src/usbd_audio.c.obj
 .text.USBD_AUDIO_GetDeviceQualifierDesc
                0x000000000800c534       0x20 cmake/stm32cubemx/CMakeFiles/USB_Device_Library.dir/__/__/Middlewares/ST/STM32_USB_Device_Library/Class/AUDIO/Src/usbd_audio.c.obj
 .text.USBD_AUDIO_RegisterInterface
                0x000000000800c554       0x34 cmake/stm32cubemx/CMakeFiles/USB_Device_Library.dir/__/__/Middlewares/ST/STM32_USB_Device_Library/Class/AUDIO/Src/usbd_audio.c.obj
                0x000000000800c554                USBD_AUDIO_RegisterInterface
 .text.USBD_AUDIO_GetAudioHeaderDesc
                0x000000000800c588       0x68 cmake/stm32cubemx/CMakeFiles/USB_Device_Library.dir/__/__/Middlewares/ST/STM32_USB_Device_Library/Class/AUDIO/Src/usbd_audio.c.obj
 .text.HAL_PCD_MspInit
                0x000000000800c5f0       0xe8 CMakeFiles/uac_test.dir/USB_DEVICE/Target/usbd_conf.c.obj
                0x000000000800c5f0                HAL_PCD_MspInit
 .text.HAL_PCD_SetupStageCallback
                0x000000000800c6d8       0x24 CMakeFiles/uac_test.dir/USB_DEVICE/Target/usbd_conf.c.obj
                0x000000000800c6d8                HAL_PCD_SetupStageCallback
 .text.HAL_PCD_DataOutStageCallback
                0x000000000800c6fc       0x36 CMakeFiles/uac_test.dir/USB_DEVICE/Target/usbd_conf.c.obj
                0x000000000800c6fc                HAL_PCD_DataOutStageCallback
 .text.HAL_PCD_DataInStageCallback
                0x000000000800c732       0x34 CMakeFiles/uac_test.dir/USB_DEVICE/Target/usbd_conf.c.obj
                0x000000000800c732                HAL_PCD_DataInStageCallback
 .text.HAL_PCD_SOFCallback
                0x000000000800c766       0x1c CMakeFiles/uac_test.dir/USB_DEVICE/Target/usbd_conf.c.obj
                0x000000000800c766                HAL_PCD_SOFCallback
 .text.HAL_PCD_ResetCallback
                0x000000000800c782       0x50 CMakeFiles/uac_test.dir/USB_DEVICE/Target/usbd_conf.c.obj
                0x000000000800c782                HAL_PCD_ResetCallback
 *fill*         0x000000000800c7d2        0x2 
 .text.HAL_PCD_SuspendCallback
                0x000000000800c7d4       0x4c CMakeFiles/uac_test.dir/USB_DEVICE/Target/usbd_conf.c.obj
                0x000000000800c7d4                HAL_PCD_SuspendCallback
 .text.HAL_PCD_ResumeCallback
                0x000000000800c820       0x1c CMakeFiles/uac_test.dir/USB_DEVICE/Target/usbd_conf.c.obj
                0x000000000800c820                HAL_PCD_ResumeCallback
 .text.HAL_PCD_ISOOUTIncompleteCallback
                0x000000000800c83c       0x24 CMakeFiles/uac_test.dir/USB_DEVICE/Target/usbd_conf.c.obj
                0x000000000800c83c                HAL_PCD_ISOOUTIncompleteCallback
 .text.HAL_PCD_ISOINIncompleteCallback
                0x000000000800c860       0x24 CMakeFiles/uac_test.dir/USB_DEVICE/Target/usbd_conf.c.obj
                0x000000000800c860                HAL_PCD_ISOINIncompleteCallback
 .text.HAL_PCD_ConnectCallback
                0x000000000800c884       0x1c CMakeFiles/uac_test.dir/USB_DEVICE/Target/usbd_conf.c.obj
                0x000000000800c884                HAL_PCD_ConnectCallback
 .text.HAL_PCD_DisconnectCallback
                0x000000000800c8a0       0x1c CMakeFiles/uac_test.dir/USB_DEVICE/Target/usbd_conf.c.obj
                0x000000000800c8a0                HAL_PCD_DisconnectCallback
 .text.USBD_LL_Init
                0x000000000800c8bc       0xa0 CMakeFiles/uac_test.dir/USB_DEVICE/Target/usbd_conf.c.obj
                0x000000000800c8bc                USBD_LL_Init
 .text.USBD_LL_Start
                0x000000000800c95c       0x36 CMakeFiles/uac_test.dir/USB_DEVICE/Target/usbd_conf.c.obj
                0x000000000800c95c                USBD_LL_Start
 .text.USBD_LL_OpenEP
                0x000000000800c992       0x4c CMakeFiles/uac_test.dir/USB_DEVICE/Target/usbd_conf.c.obj
                0x000000000800c992                USBD_LL_OpenEP
 .text.USBD_LL_CloseEP
                0x000000000800c9de       0x3e CMakeFiles/uac_test.dir/USB_DEVICE/Target/usbd_conf.c.obj
                0x000000000800c9de                USBD_LL_CloseEP
 .text.USBD_LL_StallEP
                0x000000000800ca1c       0x3e CMakeFiles/uac_test.dir/USB_DEVICE/Target/usbd_conf.c.obj
                0x000000000800ca1c                USBD_LL_StallEP
 .text.USBD_LL_ClearStallEP
                0x000000000800ca5a       0x3e CMakeFiles/uac_test.dir/USB_DEVICE/Target/usbd_conf.c.obj
                0x000000000800ca5a                USBD_LL_ClearStallEP
 .text.USBD_LL_IsStallEP
                0x000000000800ca98       0x58 CMakeFiles/uac_test.dir/USB_DEVICE/Target/usbd_conf.c.obj
                0x000000000800ca98                USBD_LL_IsStallEP
 .text.USBD_LL_SetUSBAddress
                0x000000000800caf0       0x3e CMakeFiles/uac_test.dir/USB_DEVICE/Target/usbd_conf.c.obj
                0x000000000800caf0                USBD_LL_SetUSBAddress
 .text.USBD_LL_Transmit
                0x000000000800cb2e       0x42 CMakeFiles/uac_test.dir/USB_DEVICE/Target/usbd_conf.c.obj
                0x000000000800cb2e                USBD_LL_Transmit
 .text.USBD_LL_PrepareReceive
                0x000000000800cb70       0x42 CMakeFiles/uac_test.dir/USB_DEVICE/Target/usbd_conf.c.obj
                0x000000000800cb70                USBD_LL_PrepareReceive
 .text.USBD_LL_GetRxDataSize
                0x000000000800cbb2       0x26 CMakeFiles/uac_test.dir/USB_DEVICE/Target/usbd_conf.c.obj
                0x000000000800cbb2                USBD_LL_GetRxDataSize
 .text.USBD_static_malloc
                0x000000000800cbd8       0x1c CMakeFiles/uac_test.dir/USB_DEVICE/Target/usbd_conf.c.obj
                0x000000000800cbd8                USBD_static_malloc
 .text.USBD_static_free
                0x000000000800cbf4       0x14 CMakeFiles/uac_test.dir/USB_DEVICE/Target/usbd_conf.c.obj
                0x000000000800cbf4                USBD_static_free
 .text.USBD_Get_USB_Status
                0x000000000800cc08       0x58 CMakeFiles/uac_test.dir/USB_DEVICE/Target/usbd_conf.c.obj
                0x000000000800cc08                USBD_Get_USB_Status
 .text.MX_USB_DEVICE_Init
                0x000000000800cc60       0x64 CMakeFiles/uac_test.dir/USB_DEVICE/App/usb_device.c.obj
                0x000000000800cc60                MX_USB_DEVICE_Init
 .text.USBD_FS_DeviceDescriptor
                0x000000000800ccc4       0x24 CMakeFiles/uac_test.dir/USB_DEVICE/App/usbd_desc.c.obj
                0x000000000800ccc4                USBD_FS_DeviceDescriptor
 .text.USBD_FS_LangIDStrDescriptor
                0x000000000800cce8       0x24 CMakeFiles/uac_test.dir/USB_DEVICE/App/usbd_desc.c.obj
                0x000000000800cce8                USBD_FS_LangIDStrDescriptor
 .text.USBD_FS_ProductStrDescriptor
                0x000000000800cd0c       0x3c CMakeFiles/uac_test.dir/USB_DEVICE/App/usbd_desc.c.obj
                0x000000000800cd0c                USBD_FS_ProductStrDescriptor
 .text.USBD_FS_ManufacturerStrDescriptor
                0x000000000800cd48       0x28 CMakeFiles/uac_test.dir/USB_DEVICE/App/usbd_desc.c.obj
                0x000000000800cd48                USBD_FS_ManufacturerStrDescriptor
 .text.USBD_FS_SerialStrDescriptor
                0x000000000800cd70       0x24 CMakeFiles/uac_test.dir/USB_DEVICE/App/usbd_desc.c.obj
                0x000000000800cd70                USBD_FS_SerialStrDescriptor
 .text.USBD_FS_ConfigStrDescriptor
                0x000000000800cd94       0x3c CMakeFiles/uac_test.dir/USB_DEVICE/App/usbd_desc.c.obj
                0x000000000800cd94                USBD_FS_ConfigStrDescriptor
 .text.USBD_FS_InterfaceStrDescriptor
                0x000000000800cdd0       0x3c CMakeFiles/uac_test.dir/USB_DEVICE/App/usbd_desc.c.obj
                0x000000000800cdd0                USBD_FS_InterfaceStrDescriptor
 .text.Get_SerialNum
                0x000000000800ce0c       0x58 CMakeFiles/uac_test.dir/USB_DEVICE/App/usbd_desc.c.obj
 .text.IntToUnicode
                0x000000000800ce64       0x7e CMakeFiles/uac_test.dir/USB_DEVICE/App/usbd_desc.c.obj
 *fill*         0x000000000800cee2        0x2 
 .text.HAL_SAI_TxHalfCpltCallback
                0x000000000800cee4       0x24 CMakeFiles/uac_test.dir/USB_DEVICE/App/usbd_audio_if.c.obj
                0x000000000800cee4                HAL_SAI_TxHalfCpltCallback
 .text.HAL_SAI_TxCpltCallback
                0x000000000800cf08       0x24 CMakeFiles/uac_test.dir/USB_DEVICE/App/usbd_audio_if.c.obj
                0x000000000800cf08                HAL_SAI_TxCpltCallback
 .text.AUDIO_LockIRQ
                0x000000000800cf2c       0x24 CMakeFiles/uac_test.dir/USB_DEVICE/App/usbd_audio_if.c.obj
 .text.AUDIO_UnlockIRQ
                0x000000000800cf50       0x1e CMakeFiles/uac_test.dir/USB_DEVICE/App/usbd_audio_if.c.obj
 .text.AUDIO_PCM16_To_SAI32
                0x000000000800cf6e       0x1c CMakeFiles/uac_test.dir/USB_DEVICE/App/usbd_audio_if.c.obj
 *fill*         0x000000000800cf8a        0x2 
 .text.AUDIO_Init_FS
                0x000000000800cf8c       0x58 CMakeFiles/uac_test.dir/USB_DEVICE/App/usbd_audio_if.c.obj
 .text.AUDIO_DeInit_FS
                0x000000000800cfe4       0x58 CMakeFiles/uac_test.dir/USB_DEVICE/App/usbd_audio_if.c.obj
 .text.AUDIO_AudioCmd_FS
                0x000000000800d03c       0x88 CMakeFiles/uac_test.dir/USB_DEVICE/App/usbd_audio_if.c.obj
 .text.AUDIO_VolumeCtl_FS
                0x000000000800d0c4       0x18 CMakeFiles/uac_test.dir/USB_DEVICE/App/usbd_audio_if.c.obj
 .text.AUDIO_MuteCtl_FS
                0x000000000800d0dc       0x18 CMakeFiles/uac_test.dir/USB_DEVICE/App/usbd_audio_if.c.obj
 .text.AUDIO_PeriodicTC_FS
                0x000000000800d0f4      0x238 CMakeFiles/uac_test.dir/USB_DEVICE/App/usbd_audio_if.c.obj
 .text.AUDIO_GetState_FS
                0x000000000800d32c       0x10 CMakeFiles/uac_test.dir/USB_DEVICE/App/usbd_audio_if.c.obj
 .text.TransferComplete_CallBack_FS
                0x000000000800d33c       0x40 CMakeFiles/uac_test.dir/USB_DEVICE/App/usbd_audio_if.c.obj
                0x000000000800d33c                TransferComplete_CallBack_FS
 .text.HalfTransfer_CallBack_FS
                0x000000000800d37c       0x40 CMakeFiles/uac_test.dir/USB_DEVICE/App/usbd_audio_if.c.obj
                0x000000000800d37c                HalfTransfer_CallBack_FS
 .text.AUDIO_StartSaiIfNeeded_FS
                0x000000000800d3bc       0xc8 CMakeFiles/uac_test.dir/USB_DEVICE/App/usbd_audio_if.c.obj
 .text.main     0x000000000800d484       0x2a CMakeFiles/uac_test.dir/Core/Src/main.c.obj
                0x000000000800d484                main
 *fill*         0x000000000800d4ae        0x2 
 .text.SystemClock_Config
                0x000000000800d4b0       0xfc CMakeFiles/uac_test.dir/Core/Src/main.c.obj
                0x000000000800d4b0                SystemClock_Config
 .text.MPU_Config
                0x000000000800d5ac       0x58 CMakeFiles/uac_test.dir/Core/Src/main.c.obj
 .text.Error_Handler
                0x000000000800d604        0xa CMakeFiles/uac_test.dir/Core/Src/main.c.obj
                0x000000000800d604                Error_Handler
 *fill*         0x000000000800d60e        0x2 
 .text.MX_GPIO_Init
                0x000000000800d610       0xc8 CMakeFiles/uac_test.dir/Core/Src/gpio.c.obj
                0x000000000800d610                MX_GPIO_Init
 .text.MX_DMA_Init
                0x000000000800d6d8       0x40 CMakeFiles/uac_test.dir/Core/Src/dma.c.obj
                0x000000000800d6d8                MX_DMA_Init
 .text.MX_SAI1_Init
                0x000000000800d718       0x70 CMakeFiles/uac_test.dir/Core/Src/sai.c.obj
                0x000000000800d718                MX_SAI1_Init
 .text.HAL_SAI_MspInit
                0x000000000800d788      0x154 CMakeFiles/uac_test.dir/Core/Src/sai.c.obj
                0x000000000800d788                HAL_SAI_MspInit
 .text.HardFault_CaptureContext
                0x000000000800d8dc       0x74 CMakeFiles/uac_test.dir/Core/Src/stm32h7xx_it.c.obj
 .text.NMI_Handler
                0x000000000800d950        0x6 CMakeFiles/uac_test.dir/Core/Src/stm32h7xx_it.c.obj
                0x000000000800d950                NMI_Handler
 .text.HardFault_Handler
                0x000000000800d956       0x24 CMakeFiles/uac_test.dir/Core/Src/stm32h7xx_it.c.obj
                0x000000000800d956                HardFault_Handler
 .text.MemManage_Handler
                0x000000000800d97a        0x6 CMakeFiles/uac_test.dir/Core/Src/stm32h7xx_it.c.obj
                0x000000000800d97a                MemManage_Handler
 .text.BusFault_Handler
                0x000000000800d980        0x6 CMakeFiles/uac_test.dir/Core/Src/stm32h7xx_it.c.obj
                0x000000000800d980                BusFault_Handler
 .text.UsageFault_Handler
                0x000000000800d986        0x6 CMakeFiles/uac_test.dir/Core/Src/stm32h7xx_it.c.obj
                0x000000000800d986                UsageFault_Handler
 .text.SVC_Handler
                0x000000000800d98c        0xe CMakeFiles/uac_test.dir/Core/Src/stm32h7xx_it.c.obj
                0x000000000800d98c                SVC_Handler
 .text.DebugMon_Handler
                0x000000000800d99a        0xe CMakeFiles/uac_test.dir/Core/Src/stm32h7xx_it.c.obj
                0x000000000800d99a                DebugMon_Handler
 .text.PendSV_Handler
                0x000000000800d9a8        0xe CMakeFiles/uac_test.dir/Core/Src/stm32h7xx_it.c.obj
                0x000000000800d9a8                PendSV_Handler
 .text.SysTick_Handler
                0x000000000800d9b6        0xc CMakeFiles/uac_test.dir/Core/Src/stm32h7xx_it.c.obj
                0x000000000800d9b6                SysTick_Handler
 *fill*         0x000000000800d9c2        0x2 
 .text.DMA1_Stream0_IRQHandler
                0x000000000800d9c4       0x14 CMakeFiles/uac_test.dir/Core/Src/stm32h7xx_it.c.obj
                0x000000000800d9c4                DMA1_Stream0_IRQHandler
 .text.OTG_FS_IRQHandler
                0x000000000800d9d8       0x14 CMakeFiles/uac_test.dir/Core/Src/stm32h7xx_it.c.obj
                0x000000000800d9d8                OTG_FS_IRQHandler
 .text.HAL_MspInit
                0x000000000800d9ec       0x34 CMakeFiles/uac_test.dir/Core/Src/stm32h7xx_hal_msp.c.obj
                0x000000000800d9ec                HAL_MspInit
 .text.Reset_Handler
                0x000000000800da20       0x54 CMakeFiles/uac_test.dir/startup_stm32h750xx.s.obj
                0x000000000800da20                Reset_Handler
 .text.Default_Handler
                0x000000000800da74        0x2 CMakeFiles/uac_test.dir/startup_stm32h750xx.s.obj
                0x000000000800da74                RTC_Alarm_IRQHandler
                0x000000000800da74                HASH_RNG_IRQHandler
                0x000000000800da74                EXTI2_IRQHandler
                0x000000000800da74                TIM8_CC_IRQHandler
                0x000000000800da74                HRTIM1_Master_IRQHandler
                0x000000000800da74                UART8_IRQHandler
                0x000000000800da74                SPI4_IRQHandler
                0x000000000800da74                TIM1_CC_IRQHandler
                0x000000000800da74                BDMA_Channel6_IRQHandler
                0x000000000800da74                DMA2_Stream5_IRQHandler
                0x000000000800da74                HRTIM1_FLT_IRQHandler
                0x000000000800da74                JPEG_IRQHandler
                0x000000000800da74                DMA1_Stream5_IRQHandler
                0x000000000800da74                BDMA_Channel1_IRQHandler
                0x000000000800da74                HRTIM1_TIMD_IRQHandler
                0x000000000800da74                TAMP_STAMP_IRQHandler
                0x000000000800da74                EXTI3_IRQHandler
                0x000000000800da74                LPTIM4_IRQHandler
                0x000000000800da74                TIM8_TRG_COM_TIM14_IRQHandler
                0x000000000800da74                LPTIM2_IRQHandler
                0x000000000800da74                DFSDM1_FLT1_IRQHandler
                0x000000000800da74                DMAMUX2_OVR_IRQHandler
                0x000000000800da74                TIM8_UP_TIM13_IRQHandler
                0x000000000800da74                I2C3_ER_IRQHandler
                0x000000000800da74                DFSDM1_FLT2_IRQHandler
                0x000000000800da74                MDMA_IRQHandler
                0x000000000800da74                LPTIM3_IRQHandler
                0x000000000800da74                HSEM1_IRQHandler
                0x000000000800da74                EXTI0_IRQHandler
                0x000000000800da74                I2C2_EV_IRQHandler
                0x000000000800da74                DMA1_Stream2_IRQHandler
                0x000000000800da74                FPU_IRQHandler
                0x000000000800da74                OTG_HS_WKUP_IRQHandler
                0x000000000800da74                FDCAN1_IT1_IRQHandler
                0x000000000800da74                LTDC_ER_IRQHandler
                0x000000000800da74                DMA2_Stream2_IRQHandler
                0x000000000800da74                HRTIM1_TIME_IRQHandler
                0x000000000800da74                SPI1_IRQHandler
                0x000000000800da74                TIM6_DAC_IRQHandler
                0x000000000800da74                DCMI_IRQHandler
                0x000000000800da74                HRTIM1_TIMC_IRQHandler
                0x000000000800da74                DMA2_Stream3_IRQHandler
                0x000000000800da74                SAI2_IRQHandler
                0x000000000800da74                DFSDM1_FLT3_IRQHandler
                0x000000000800da74                USART6_IRQHandler
                0x000000000800da74                TIM17_IRQHandler
                0x000000000800da74                USART3_IRQHandler
                0x000000000800da74                BDMA_Channel7_IRQHandler
                0x000000000800da74                CRYP_IRQHandler
                0x000000000800da74                LPTIM5_IRQHandler
                0x000000000800da74                UART5_IRQHandler
                0x000000000800da74                ADC3_IRQHandler
                0x000000000800da74                DMA2_Stream0_IRQHandler
                0x000000000800da74                TIM4_IRQHandler
                0x000000000800da74                BDMA_Channel2_IRQHandler
                0x000000000800da74                QUADSPI_IRQHandler
                0x000000000800da74                I2C1_EV_IRQHandler
                0x000000000800da74                DMA1_Stream6_IRQHandler
                0x000000000800da74                DMAMUX1_OVR_IRQHandler
                0x000000000800da74                DMA1_Stream1_IRQHandler
                0x000000000800da74                TIM16_IRQHandler
                0x000000000800da74                UART4_IRQHandler
                0x000000000800da74                BDMA_Channel5_IRQHandler
                0x000000000800da74                TIM3_IRQHandler
                0x000000000800da74                RCC_IRQHandler
                0x000000000800da74                TIM8_BRK_TIM12_IRQHandler
                0x000000000800da74                TIM1_TRG_COM_IRQHandler
                0x000000000800da74                Default_Handler
                0x000000000800da74                ECC_IRQHandler
                0x000000000800da74                CEC_IRQHandler
                0x000000000800da74                EXTI15_10_IRQHandler
                0x000000000800da74                BDMA_Channel0_IRQHandler
                0x000000000800da74                ADC_IRQHandler
                0x000000000800da74                DMA1_Stream7_IRQHandler
                0x000000000800da74                HRTIM1_TIMA_IRQHandler
                0x000000000800da74                SPI5_IRQHandler
                0x000000000800da74                TIM7_IRQHandler
                0x000000000800da74                SDMMC1_IRQHandler
                0x000000000800da74                TIM5_IRQHandler
                0x000000000800da74                DMA2_Stream7_IRQHandler
                0x000000000800da74                TIM15_IRQHandler
                0x000000000800da74                PVD_AVD_IRQHandler
                0x000000000800da74                I2C3_EV_IRQHandler
                0x000000000800da74                EXTI9_5_IRQHandler
                0x000000000800da74                RTC_WKUP_IRQHandler
                0x000000000800da74                LTDC_IRQHandler
                0x000000000800da74                SAI3_IRQHandler
                0x000000000800da74                ETH_WKUP_IRQHandler
                0x000000000800da74                SPDIF_RX_IRQHandler
                0x000000000800da74                SPI2_IRQHandler
                0x000000000800da74                OTG_HS_EP1_IN_IRQHandler
                0x000000000800da74                CRS_IRQHandler
                0x000000000800da74                EXTI4_IRQHandler
                0x000000000800da74                HRTIM1_TIMB_IRQHandler
                0x000000000800da74                FDCAN2_IT1_IRQHandler
                0x000000000800da74                ETH_IRQHandler
                0x000000000800da74                TIM1_UP_IRQHandler
                0x000000000800da74                BDMA_Channel4_IRQHandler
                0x000000000800da74                OTG_HS_EP1_OUT_IRQHandler
                0x000000000800da74                WWDG_IRQHandler
                0x000000000800da74                SPI6_IRQHandler
                0x000000000800da74                MDIOS_IRQHandler
                0x000000000800da74                I2C4_EV_IRQHandler
                0x000000000800da74                FDCAN2_IT0_IRQHandler
                0x000000000800da74                LPUART1_IRQHandler
                0x000000000800da74                FDCAN1_IT0_IRQHandler
                0x000000000800da74                TIM2_IRQHandler
                0x000000000800da74                OTG_FS_WKUP_IRQHandler
                0x000000000800da74                OTG_HS_IRQHandler
                0x000000000800da74                DMA2D_IRQHandler
                0x000000000800da74                TIM1_BRK_IRQHandler
                0x000000000800da74                EXTI1_IRQHandler
                0x000000000800da74                SDMMC2_IRQHandler
                0x000000000800da74                OTG_FS_EP1_OUT_IRQHandler
                0x000000000800da74                BDMA_Channel3_IRQHandler
                0x000000000800da74                UART7_IRQHandler
                0x000000000800da74                MDIOS_WKUP_IRQHandler
                0x000000000800da74                USART2_IRQHandler
                0x000000000800da74                DFSDM1_FLT0_IRQHandler
                0x000000000800da74                SAI4_IRQHandler
                0x000000000800da74                I2C2_ER_IRQHandler
                0x000000000800da74                DMA2_Stream1_IRQHandler
                0x000000000800da74                FLASH_IRQHandler
                0x000000000800da74                DMA2_Stream4_IRQHandler
                0x000000000800da74                USART1_IRQHandler
                0x000000000800da74                SPI3_IRQHandler
                0x000000000800da74                WAKEUP_PIN_IRQHandler
                0x000000000800da74                DMA1_Stream4_IRQHandler
                0x000000000800da74                OTG_FS_EP1_IN_IRQHandler
                0x000000000800da74                I2C1_ER_IRQHandler
                0x000000000800da74                FMC_IRQHandler
                0x000000000800da74                FDCAN_CAL_IRQHandler
                0x000000000800da74                SWPMI1_IRQHandler
                0x000000000800da74                COMP1_IRQHandler
                0x000000000800da74                LPTIM1_IRQHandler
                0x000000000800da74                I2C4_ER_IRQHandler
                0x000000000800da74                DMA2_Stream6_IRQHandler
                0x000000000800da74                SAI1_IRQHandler
                0x000000000800da74                DMA1_Stream3_IRQHandler
 *(.glue_7)
 .glue_7        0x000000000800da76        0x0 linker stubs
 *(.glue_7t)
 .glue_7t       0x000000000800da76        0x0 linker stubs
 *(.eh_frame)
 *fill*         0x000000000800da76        0x2 
 .eh_frame      0x000000000800da78        0x0 /usr/lib/gcc/arm-none-eabi/10.3.1/thumb/v7e-m+dp/hard/crtbegin.o
 *(.init)
 .init          0x000000000800da78        0x4 /usr/lib/gcc/arm-none-eabi/10.3.1/thumb/v7e-m+dp/hard/crti.o
                0x000000000800da78                _init
 .init          0x000000000800da7c        0x8 /usr/lib/gcc/arm-none-eabi/10.3.1/thumb/v7e-m+dp/hard/crtn.o
 *(.fini)
 .fini          0x000000000800da84        0x4 /usr/lib/gcc/arm-none-eabi/10.3.1/thumb/v7e-m+dp/hard/crti.o
                0x000000000800da84                _fini
 .fini          0x000000000800da88        0x8 /usr/lib/gcc/arm-none-eabi/10.3.1/thumb/v7e-m+dp/hard/crtn.o
                0x000000000800da90                . = ALIGN (0x4)
                0x000000000800da90                _etext = .

.vfp11_veneer   0x000000000800da90        0x0
 .vfp11_veneer  0x000000000800da90        0x0 linker stubs

.v4_bx          0x000000000800da90        0x0
 .v4_bx         0x000000000800da90        0x0 linker stubs

.iplt           0x000000000800da90        0x0
 .iplt          0x000000000800da90        0x0 /usr/lib/gcc/arm-none-eabi/10.3.1/thumb/v7e-m+dp/hard/crtbegin.o

.rodata         0x000000000800da90       0x50
                0x000000000800da90                . = ALIGN (0x4)
 *(.rodata)
 .rodata        0x000000000800da90       0x38 CMakeFiles/uac_test.dir/USB_DEVICE/App/usbd_desc.c.obj
 *(.rodata*)
 .rodata.D1CorePrescTable
                0x000000000800dac8       0x10 cmake/stm32cubemx/CMakeFiles/STM32_Drivers.dir/__/__/Core/Src/system_stm32h7xx.c.obj
                0x000000000800dac8                D1CorePrescTable
 .rodata.flagBitshiftOffset.0
                0x000000000800dad8        0x8 cmake/stm32cubemx/CMakeFiles/STM32_Drivers.dir/__/__/Drivers/STM32H7xx_HAL_Driver/Src/stm32h7xx_hal_dma.c.obj
                0x000000000800dae0                . = ALIGN (0x4)

.ARM.extab      0x000000000800dae0        0x0
                0x000000000800dae0                . = ALIGN (0x4)
 *(.ARM.extab* .gnu.linkonce.armextab.*)
                0x000000000800dae0                . = ALIGN (0x4)

.ARM            0x000000000800dae0        0x0
                0x000000000800dae0                . = ALIGN (0x4)
                0x000000000800dae0                __exidx_start = .
 *(.ARM.exidx*)
                0x000000000800dae0                __exidx_end = .
                0x000000000800dae0                . = ALIGN (0x4)

.preinit_array  0x000000000800dae0        0x0
                0x000000000800dae0                . = ALIGN (0x4)
                0x000000000800dae0                PROVIDE (__preinit_array_start = .)
 *(.preinit_array*)
                0x000000000800dae0                PROVIDE (__preinit_array_end = .)
                0x000000000800dae0                . = ALIGN (0x4)

.init_array     0x000000000800dae0        0x4
                0x000000000800dae0                . = ALIGN (0x4)
                0x000000000800dae0                PROVIDE (__init_array_start = .)
 *(SORT_BY_NAME(.init_array.*))
 *(.init_array*)
 .init_array    0x000000000800dae0        0x4 /usr/lib/gcc/arm-none-eabi/10.3.1/thumb/v7e-m+dp/hard/crtbegin.o
                0x000000000800dae4                PROVIDE (__init_array_end = .)
                0x000000000800dae4                . = ALIGN (0x4)

.fini_array     0x000000000800dae4        0x4
                0x000000000800dae4                . = ALIGN (0x4)
                0x000000000800dae4                PROVIDE (__fini_array_start = .)
 *(SORT_BY_NAME(.fini_array.*))
 *(.fini_array*)
 .fini_array    0x000000000800dae4        0x4 /usr/lib/gcc/arm-none-eabi/10.3.1/thumb/v7e-m+dp/hard/crtbegin.o
                0x000000000800dae8                PROVIDE (__fini_array_end = .)
                0x000000000800dae8                . = ALIGN (0x4)
                0x000000000800dae8                _sidata = LOADADDR (.data)

.rel.dyn        0x000000000800dae8        0x0
 .rel.iplt      0x000000000800dae8        0x0 /usr/lib/gcc/arm-none-eabi/10.3.1/thumb/v7e-m+dp/hard/crtbegin.o

.data           0x0000000024000000      0x134 load address 0x000000000800dae8
                0x0000000024000000                . = ALIGN (0x4)
                0x0000000024000000                _sdata = .
 *(.data)
 *(.data*)
 .data.SystemCoreClock
                0x0000000024000000        0x4 cmake/stm32cubemx/CMakeFiles/STM32_Drivers.dir/__/__/Core/Src/system_stm32h7xx.c.obj
                0x0000000024000000                SystemCoreClock
 .data.SystemD2Clock
                0x0000000024000004        0x4 cmake/stm32cubemx/CMakeFiles/STM32_Drivers.dir/__/__/Core/Src/system_stm32h7xx.c.obj
                0x0000000024000004                SystemD2Clock
 .data.uwTickPrio
                0x0000000024000008        0x4 cmake/stm32cubemx/CMakeFiles/STM32_Drivers.dir/__/__/Drivers/STM32H7xx_HAL_Driver/Src/stm32h7xx_hal.c.obj
                0x0000000024000008                uwTickPrio
 .data.uwTickFreq
                0x000000002400000c        0x1 cmake/stm32cubemx/CMakeFiles/STM32_Drivers.dir/__/__/Drivers/STM32H7xx_HAL_Driver/Src/stm32h7xx_hal.c.obj
                0x000000002400000c                uwTickFreq
 *fill*         0x000000002400000d        0x3 
 .data.USBD_AUDIO
                0x0000000024000010       0x38 cmake/stm32cubemx/CMakeFiles/USB_Device_Library.dir/__/__/Middlewares/ST/STM32_USB_Device_Library/Class/AUDIO/Src/usbd_audio.c.obj
                0x0000000024000010                USBD_AUDIO
 .data.USBD_AUDIO_CfgDesc
                0x0000000024000048       0x6d cmake/stm32cubemx/CMakeFiles/USB_Device_Library.dir/__/__/Middlewares/ST/STM32_USB_Device_Library/Class/AUDIO/Src/usbd_audio.c.obj
 *fill*         0x00000000240000b5        0x3 
 .data.USBD_AUDIO_DeviceQualifierDesc
                0x00000000240000b8        0xa cmake/stm32cubemx/CMakeFiles/USB_Device_Library.dir/__/__/Middlewares/ST/STM32_USB_Device_Library/Class/AUDIO/Src/usbd_audio.c.obj
 .data.AUDIOOutEpAdd
                0x00000000240000c2        0x1 cmake/stm32cubemx/CMakeFiles/USB_Device_Library.dir/__/__/Middlewares/ST/STM32_USB_Device_Library/Class/AUDIO/Src/usbd_audio.c.obj
 *fill*         0x00000000240000c3        0x1 
 .data.FS_Desc  0x00000000240000c4       0x20 CMakeFiles/uac_test.dir/USB_DEVICE/App/usbd_desc.c.obj
                0x00000000240000c4                FS_Desc
 .data.USBD_FS_DeviceDesc
                0x00000000240000e4       0x12 CMakeFiles/uac_test.dir/USB_DEVICE/App/usbd_desc.c.obj
                0x00000000240000e4                USBD_FS_DeviceDesc
 *fill*         0x00000000240000f6        0x2 
 .data.USBD_LangIDDesc
                0x00000000240000f8        0x4 CMakeFiles/uac_test.dir/USB_DEVICE/App/usbd_desc.c.obj
                0x00000000240000f8                USBD_LangIDDesc
 .data.USBD_StringSerial
                0x00000000240000fc       0x1a CMakeFiles/uac_test.dir/USB_DEVICE/App/usbd_desc.c.obj
                0x00000000240000fc                USBD_StringSerial
 *fill*         0x0000000024000116        0x2 
 .data.USBD_AUDIO_fops_FS
                0x0000000024000118       0x1c CMakeFiles/uac_test.dir/USB_DEVICE/App/usbd_audio_if.c.obj
                0x0000000024000118                USBD_AUDIO_fops_FS
 *(.RamFunc)
 *(.RamFunc*)
                0x0000000024000134                . = ALIGN (0x4)

.tm_clone_table
                0x0000000024000134        0x0 load address 0x000000000800dc1c
 .tm_clone_table
                0x0000000024000134        0x0 /usr/lib/gcc/arm-none-eabi/10.3.1/thumb/v7e-m+dp/hard/crtbegin.o
 .tm_clone_table
                0x0000000024000134        0x0 /usr/lib/gcc/arm-none-eabi/10.3.1/thumb/v7e-m+dp/hard/crtend.o

.igot.plt       0x0000000024000134        0x0 load address 0x000000000800dc1c
 .igot.plt      0x0000000024000134        0x0 /usr/lib/gcc/arm-none-eabi/10.3.1/thumb/v7e-m+dp/hard/crtbegin.o

.tdata          0x0000000024000134        0x0 load address 0x000000000800dc1c
 *(.tdata .tdata.* .gnu.linkonce.td.*)
                0x0000000024000134                . = ALIGN (0x4)
                0x0000000024000134                _edata = .
                [!provide]                        PROVIDE (__data_end = .)
                [!provide]                        PROVIDE (__tdata_end = .)
                [!provide]                        PROVIDE (__tdata_start = ADDR (.tdata))
                [!provide]                        PROVIDE (__tdata_size = (__tdata_end - __tdata_start))
                [!provide]                        PROVIDE (__data_start = ADDR (.data))
                [!provide]                        PROVIDE (__data_size = (__data_end - __data_start))
                [!provide]                        PROVIDE (__tdata_source = LOADADDR (.tdata))
                [!provide]                        PROVIDE (__tdata_source_end = (LOADADDR (.tdata) + SIZEOF (.tdata)))
                [!provide]                        PROVIDE (__tdata_source_size = (__tdata_source_end - __tdata_source))
                [!provide]                        PROVIDE (__data_source = LOADADDR (.data))
                [!provide]                        PROVIDE (__data_source_end = __tdata_source_end)
                [!provide]                        PROVIDE (__data_source_size = (__data_source_end - __data_source))

.tbss           0x0000000024000134        0x0 load address 0x000000000800dc1c
                0x0000000024000134                _sbss = .
                0x0000000024000134                __bss_start__ = _sbss
 *(.tbss .tbss.*)
                0x0000000024000134                . = ALIGN (0x4)
                [!provide]                        PROVIDE (__tbss_end = .)
                [!provide]                        PROVIDE (__tbss_start = ADDR (.tbss))
                [!provide]                        PROVIDE (__tbss_size = (__tbss_end - __tbss_start))
                [!provide]                        PROVIDE (__tbss_offset = (ADDR (.tbss) - ADDR (.tdata)))
                [!provide]                        PROVIDE (__tls_base = __tdata_start)
                [!provide]                        PROVIDE (__tls_end = __tbss_end)
                [!provide]                        PROVIDE (__tls_size = (__tls_end - __tls_base))
                [!provide]                        PROVIDE (__tls_align = MAX (ALIGNOF (.tdata), ALIGNOF (.tbss)))
                [!provide]                        PROVIDE (__tls_size_align = (((__tls_size + __tls_align) - 0x1) & ~ ((__tls_align - 0x1))))
                [!provide]                        PROVIDE (__arm32_tls_tcb_offset = MAX (0x8, __tls_align))
                [!provide]                        PROVIDE (__arm64_tls_tcb_offset = MAX (0x10, __tls_align))

.bss            0x0000000024000140     0xbf78 load address 0x000000000800dc1c
 *(.bss)
 .bss           0x0000000024000140       0x1c /usr/lib/gcc/arm-none-eabi/10.3.1/thumb/v7e-m+dp/hard/crtbegin.o
 *(.bss*)
 .bss.uwTick    0x000000002400015c        0x4 cmake/stm32cubemx/CMakeFiles/STM32_Drivers.dir/__/__/Drivers/STM32H7xx_HAL_Driver/Src/stm32h7xx_hal.c.obj
                0x000000002400015c                uwTick
 .bss.cfgidx.0  0x0000000024000160        0x1 cmake/stm32cubemx/CMakeFiles/USB_Device_Library.dir/__/__/Middlewares/ST/STM32_USB_Device_Library/Core/Src/usbd_ctlreq.c.obj
 *fill*         0x0000000024000161        0x3 
 .bss.hpcd_USB_OTG_FS
                0x0000000024000164      0x4e4 CMakeFiles/uac_test.dir/USB_DEVICE/Target/usbd_conf.c.obj
                0x0000000024000164                hpcd_USB_OTG_FS
 .bss.mem.0     0x0000000024000648     0x3c54 CMakeFiles/uac_test.dir/USB_DEVICE/Target/usbd_conf.c.obj
 .bss.hUsbDeviceFS
                0x000000002400429c      0x2dc CMakeFiles/uac_test.dir/USB_DEVICE/App/usb_device.c.obj
                0x000000002400429c                hUsbDeviceFS
 .bss.USBD_StrDesc
                0x0000000024004578      0x200 CMakeFiles/uac_test.dir/USB_DEVICE/App/usbd_desc.c.obj
                0x0000000024004578                USBD_StrDesc
 *fill*         0x0000000024004778        0x8 
 .bss.sai_tx_buf
                0x0000000024004780     0x7800 CMakeFiles/uac_test.dir/USB_DEVICE/App/usbd_audio_if.c.obj
 .bss.sai_started
                0x000000002400bf80        0x1 CMakeFiles/uac_test.dir/USB_DEVICE/App/usbd_audio_if.c.obj
 .bss.dma_ready_mask
                0x000000002400bf81        0x1 CMakeFiles/uac_test.dir/USB_DEVICE/App/usbd_audio_if.c.obj
 *fill*         0x000000002400bf82        0x2 
 .bss.fill_word_pos
                0x000000002400bf84        0x4 CMakeFiles/uac_test.dir/USB_DEVICE/App/usbd_audio_if.c.obj
 .bss.hsai_BlockA1
                0x000000002400bf88       0x98 CMakeFiles/uac_test.dir/Core/Src/sai.c.obj
                0x000000002400bf88                hsai_BlockA1
 .bss.hdma_sai1_a
                0x000000002400c020       0x78 CMakeFiles/uac_test.dir/Core/Src/sai.c.obj
                0x000000002400c020                hdma_sai1_a
 .bss.SAI1_client
                0x000000002400c098        0x4 CMakeFiles/uac_test.dir/Core/Src/sai.c.obj
 .bss.g_hf_cfsr
                0x000000002400c09c        0x4 CMakeFiles/uac_test.dir/Core/Src/stm32h7xx_it.c.obj
                0x000000002400c09c                g_hf_cfsr
 .bss.g_hf_hfsr
                0x000000002400c0a0        0x4 CMakeFiles/uac_test.dir/Core/Src/stm32h7xx_it.c.obj
                0x000000002400c0a0                g_hf_hfsr
 .bss.g_hf_mmfar
                0x000000002400c0a4        0x4 CMakeFiles/uac_test.dir/Core/Src/stm32h7xx_it.c.obj
                0x000000002400c0a4                g_hf_mmfar
 .bss.g_hf_bfar
                0x000000002400c0a8        0x4 CMakeFiles/uac_test.dir/Core/Src/stm32h7xx_it.c.obj
                0x000000002400c0a8                g_hf_bfar
 .bss.g_hf_stacked_pc
                0x000000002400c0ac        0x4 CMakeFiles/uac_test.dir/Core/Src/stm32h7xx_it.c.obj
                0x000000002400c0ac                g_hf_stacked_pc
 .bss.g_hf_stacked_lr
                0x000000002400c0b0        0x4 CMakeFiles/uac_test.dir/Core/Src/stm32h7xx_it.c.obj
                0x000000002400c0b0                g_hf_stacked_lr
 .bss.g_hf_exc_lr
                0x000000002400c0b4        0x4 CMakeFiles/uac_test.dir/Core/Src/stm32h7xx_it.c.obj
                0x000000002400c0b4                g_hf_exc_lr
 *(COMMON)
                0x000000002400c0b8                . = ALIGN (0x4)
                0x000000002400c0b8                _ebss = .
                0x000000002400c0b8                __bss_end__ = _ebss
                [!provide]                        PROVIDE (__bss_end = .)
                [!provide]                        PROVIDE (__non_tls_bss_start = ADDR (.bss))
                [!provide]                        PROVIDE (__bss_start = __tbss_start)
                [!provide]                        PROVIDE (__bss_size = (__bss_end - __bss_start))

._user_heap_stack
                0x000000002400c0b8     0x5000 load address 0x000000000800dc1c
                0x000000002400c0b8                . = ALIGN (0x8)
                [!provide]                        PROVIDE (end = .)
                0x000000002400c0b8                PROVIDE (_end = .)
                0x00000000240100b8                . = (. + _Min_Heap_Size)
 *fill*         0x000000002400c0b8     0x4000 
                0x00000000240110b8                . = (. + _Min_Stack_Size)
 *fill*         0x00000000240100b8     0x1000 
                0x00000000240110b8                . = ALIGN (0x8)

/DISCARD/
 libc.a:*(*)
 libm.a:*(*)
 libgcc.a:*(*)
OUTPUT(uac_test.elf elf32-littlearm)
LOAD linker stubs

.ARM.attributes
                0x0000000000000000       0x2e
 .ARM.attributes
                0x0000000000000000       0x1e /usr/lib/gcc/arm-none-eabi/10.3.1/thumb/v7e-m+dp/hard/crti.o
 .ARM.attributes
                0x000000000000001e       0x32 /usr/lib/gcc/arm-none-eabi/10.3.1/thumb/v7e-m+dp/hard/crtbegin.o
 .ARM.attributes
                0x0000000000000050       0x32 cmake/stm32cubemx/CMakeFiles/STM32_Drivers.dir/__/__/Core/Src/system_stm32h7xx.c.obj
 .ARM.attributes
                0x0000000000000082       0x32 cmake/stm32cubemx/CMakeFiles/STM32_Drivers.dir/__/__/Drivers/STM32H7xx_HAL_Driver/Src/stm32h7xx_hal_pcd.c.obj
 .ARM.attributes
                0x00000000000000b4       0x32 cmake/stm32cubemx/CMakeFiles/STM32_Drivers.dir/__/__/Drivers/STM32H7xx_HAL_Driver/Src/stm32h7xx_hal_pcd_ex.c.obj
 .ARM.attributes
                0x00000000000000e6       0x32 cmake/stm32cubemx/CMakeFiles/STM32_Drivers.dir/__/__/Drivers/STM32H7xx_HAL_Driver/Src/stm32h7xx_ll_usb.c.obj
 .ARM.attributes
                0x0000000000000118       0x32 cmake/stm32cubemx/CMakeFiles/STM32_Drivers.dir/__/__/Drivers/STM32H7xx_HAL_Driver/Src/stm32h7xx_hal_rcc.c.obj
 .ARM.attributes
                0x000000000000014a       0x32 cmake/stm32cubemx/CMakeFiles/STM32_Drivers.dir/__/__/Drivers/STM32H7xx_HAL_Driver/Src/stm32h7xx_hal_rcc_ex.c.obj
 .ARM.attributes
                0x000000000000017c       0x32 cmake/stm32cubemx/CMakeFiles/STM32_Drivers.dir/__/__/Drivers/STM32H7xx_HAL_Driver/Src/stm32h7xx_hal_gpio.c.obj
 .ARM.attributes
                0x00000000000001ae       0x32 cmake/stm32cubemx/CMakeFiles/STM32_Drivers.dir/__/__/Drivers/STM32H7xx_HAL_Driver/Src/stm32h7xx_hal_dma.c.obj
 .ARM.attributes
                0x00000000000001e0       0x32 cmake/stm32cubemx/CMakeFiles/STM32_Drivers.dir/__/__/Drivers/STM32H7xx_HAL_Driver/Src/stm32h7xx_hal_pwr_ex.c.obj
 .ARM.attributes
                0x0000000000000212       0x32 cmake/stm32cubemx/CMakeFiles/STM32_Drivers.dir/__/__/Drivers/STM32H7xx_HAL_Driver/Src/stm32h7xx_hal_cortex.c.obj
 .ARM.attributes
                0x0000000000000244       0x32 cmake/stm32cubemx/CMakeFiles/STM32_Drivers.dir/__/__/Drivers/STM32H7xx_HAL_Driver/Src/stm32h7xx_hal.c.obj
 .ARM.attributes
                0x0000000000000276       0x32 cmake/stm32cubemx/CMakeFiles/STM32_Drivers.dir/__/__/Drivers/STM32H7xx_HAL_Driver/Src/stm32h7xx_hal_sai.c.obj
 .ARM.attributes
                0x00000000000002a8       0x32 cmake/stm32cubemx/CMakeFiles/USB_Device_Library.dir/__/__/Middlewares/ST/STM32_USB_Device_Library/Core/Src/usbd_core.c.obj
 .ARM.attributes
                0x00000000000002da       0x32 cmake/stm32cubemx/CMakeFiles/USB_Device_Library.dir/__/__/Middlewares/ST/STM32_USB_Device_Library/Core/Src/usbd_ctlreq.c.obj
 .ARM.attributes
                0x000000000000030c       0x32 cmake/stm32cubemx/CMakeFiles/USB_Device_Library.dir/__/__/Middlewares/ST/STM32_USB_Device_Library/Core/Src/usbd_ioreq.c.obj
 .ARM.attributes
                0x000000000000033e       0x32 cmake/stm32cubemx/CMakeFiles/USB_Device_Library.dir/__/__/Middlewares/ST/STM32_USB_Device_Library/Class/AUDIO/Src/usbd_audio.c.obj
 .ARM.attributes
                0x0000000000000370       0x32 CMakeFiles/uac_test.dir/USB_DEVICE/Target/usbd_conf.c.obj
 .ARM.attributes
                0x00000000000003a2       0x32 CMakeFiles/uac_test.dir/USB_DEVICE/App/usb_device.c.obj
 .ARM.attributes
                0x00000000000003d4       0x32 CMakeFiles/uac_test.dir/USB_DEVICE/App/usbd_desc.c.obj
 .ARM.attributes
                0x0000000000000406       0x32 CMakeFiles/uac_test.dir/USB_DEVICE/App/usbd_audio_if.c.obj
 .ARM.attributes
                0x0000000000000438       0x32 CMakeFiles/uac_test.dir/Core/Src/main.c.obj
 .ARM.attributes
                0x000000000000046a       0x32 CMakeFiles/uac_test.dir/Core/Src/gpio.c.obj
 .ARM.attributes
                0x000000000000049c       0x32 CMakeFiles/uac_test.dir/Core/Src/dma.c.obj
 .ARM.attributes
                0x00000000000004ce       0x32 CMakeFiles/uac_test.dir/Core/Src/sai.c.obj
 .ARM.attributes
                0x0000000000000500       0x32 CMakeFiles/uac_test.dir/Core/Src/stm32h7xx_it.c.obj
 .ARM.attributes
                0x0000000000000532       0x32 CMakeFiles/uac_test.dir/Core/Src/stm32h7xx_hal_msp.c.obj
 .ARM.attributes
                0x0000000000000564       0x21 CMakeFiles/uac_test.dir/startup_stm32h750xx.s.obj
 .ARM.attributes
                0x0000000000000585       0x32 /usr/lib/gcc/arm-none-eabi/10.3.1/../../../arm-none-eabi/lib/thumb/v7e-m+dp/hard/libg_nano.a(lib_a-init.o)
 .ARM.attributes
                0x00000000000005b7       0x32 /usr/lib/gcc/arm-none-eabi/10.3.1/../../../arm-none-eabi/lib/thumb/v7e-m+dp/hard/libg_nano.a(lib_a-memset.o)
 .ARM.attributes
                0x00000000000005e9       0x30 /usr/lib/gcc/arm-none-eabi/10.3.1/thumb/v7e-m+dp/hard/crtend.o
 .ARM.attributes
                0x0000000000000619       0x1e /usr/lib/gcc/arm-none-eabi/10.3.1/thumb/v7e-m+dp/hard/crtn.o

.comment        0x0000000000000000       0x33
 .comment       0x0000000000000000       0x33 /usr/lib/gcc/arm-none-eabi/10.3.1/thumb/v7e-m+dp/hard/crtbegin.o
                                         0x34 (size before relaxing)
 .comment       0x0000000000000033       0x34 cmake/stm32cubemx/CMakeFiles/STM32_Drivers.dir/__/__/Core/Src/system_stm32h7xx.c.obj
 .comment       0x0000000000000033       0x34 cmake/stm32cubemx/CMakeFiles/STM32_Drivers.dir/__/__/Drivers/STM32H7xx_HAL_Driver/Src/stm32h7xx_hal_pcd.c.obj
 .comment       0x0000000000000033       0x34 cmake/stm32cubemx/CMakeFiles/STM32_Drivers.dir/__/__/Drivers/STM32H7xx_HAL_Driver/Src/stm32h7xx_hal_pcd_ex.c.obj
 .comment       0x0000000000000033       0x34 cmake/stm32cubemx/CMakeFiles/STM32_Drivers.dir/__/__/Drivers/STM32H7xx_HAL_Driver/Src/stm32h7xx_ll_usb.c.obj
 .comment       0x0000000000000033       0x34 cmake/stm32cubemx/CMakeFiles/STM32_Drivers.dir/__/__/Drivers/STM32H7xx_HAL_Driver/Src/stm32h7xx_hal_rcc.c.obj
 .comment       0x0000000000000033       0x34 cmake/stm32cubemx/CMakeFiles/STM32_Drivers.dir/__/__/Drivers/STM32H7xx_HAL_Driver/Src/stm32h7xx_hal_rcc_ex.c.obj
 .comment       0x0000000000000033       0x34 cmake/stm32cubemx/CMakeFiles/STM32_Drivers.dir/__/__/Drivers/STM32H7xx_HAL_Driver/Src/stm32h7xx_hal_gpio.c.obj
 .comment       0x0000000000000033       0x34 cmake/stm32cubemx/CMakeFiles/STM32_Drivers.dir/__/__/Drivers/STM32H7xx_HAL_Driver/Src/stm32h7xx_hal_dma.c.obj
 .comment       0x0000000000000033       0x34 cmake/stm32cubemx/CMakeFiles/STM32_Drivers.dir/__/__/Drivers/STM32H7xx_HAL_Driver/Src/stm32h7xx_hal_pwr_ex.c.obj
 .comment       0x0000000000000033       0x34 cmake/stm32cubemx/CMakeFiles/STM32_Drivers.dir/__/__/Drivers/STM32H7xx_HAL_Driver/Src/stm32h7xx_hal_cortex.c.obj
 .comment       0x0000000000000033       0x34 cmake/stm32cubemx/CMakeFiles/STM32_Drivers.dir/__/__/Drivers/STM32H7xx_HAL_Driver/Src/stm32h7xx_hal.c.obj
 .comment       0x0000000000000033       0x34 cmake/stm32cubemx/CMakeFiles/STM32_Drivers.dir/__/__/Drivers/STM32H7xx_HAL_Driver/Src/stm32h7xx_hal_sai.c.obj
 .comment       0x0000000000000033       0x34 cmake/stm32cubemx/CMakeFiles/USB_Device_Library.dir/__/__/Middlewares/ST/STM32_USB_Device_Library/Core/Src/usbd_core.c.obj
 .comment       0x0000000000000033       0x34 cmake/stm32cubemx/CMakeFiles/USB_Device_Library.dir/__/__/Middlewares/ST/STM32_USB_Device_Library/Core/Src/usbd_ctlreq.c.obj
 .comment       0x0000000000000033       0x34 cmake/stm32cubemx/CMakeFiles/USB_Device_Library.dir/__/__/Middlewares/ST/STM32_USB_Device_Library/Core/Src/usbd_ioreq.c.obj
 .comment       0x0000000000000033       0x34 cmake/stm32cubemx/CMakeFiles/USB_Device_Library.dir/__/__/Middlewares/ST/STM32_USB_Device_Library/Class/AUDIO/Src/usbd_audio.c.obj
 .comment       0x0000000000000033       0x34 CMakeFiles/uac_test.dir/USB_DEVICE/Target/usbd_conf.c.obj
 .comment       0x0000000000000033       0x34 CMakeFiles/uac_test.dir/USB_DEVICE/App/usb_device.c.obj
 .comment       0x0000000000000033       0x34 CMakeFiles/uac_test.dir/USB_DEVICE/App/usbd_desc.c.obj
 .comment       0x0000000000000033       0x34 CMakeFiles/uac_test.dir/USB_DEVICE/App/usbd_audio_if.c.obj
 .comment       0x0000000000000033       0x34 CMakeFiles/uac_test.dir/Core/Src/main.c.obj
 .comment       0x0000000000000033       0x34 CMakeFiles/uac_test.dir/Core/Src/gpio.c.obj
 .comment       0x0000000000000033       0x34 CMakeFiles/uac_test.dir/Core/Src/dma.c.obj
 .comment       0x0000000000000033       0x34 CMakeFiles/uac_test.dir/Core/Src/sai.c.obj
 .comment       0x0000000000000033       0x34 CMakeFiles/uac_test.dir/Core/Src/stm32h7xx_it.c.obj
 .comment       0x0000000000000033       0x34 CMakeFiles/uac_test.dir/Core/Src/stm32h7xx_hal_msp.c.obj
 .comment       0x0000000000000033       0x34 /usr/lib/gcc/arm-none-eabi/10.3.1/../../../arm-none-eabi/lib/thumb/v7e-m+dp/hard/libg_nano.a(lib_a-init.o)